ts=2026-09-14T21:33:04.149Z level=info event=startup mode=terminal platform=macOS mqtt_host=127.0.0.1 mqtt_port=3333 udp_port=3334 stale_window_ms=500
ts=2026-09-14T21:33:05.043Z level=warning event=stale_data groups=event:3 robots=1
ts=2026-09-14T21:33:05.521Z level=warning event=stale_data groups=robot3.modules:11,robot3.position:3 robots=1
ts=2026-09-14T21:33:05.759Z level=warning event=stale_data groups=event:3,robot3.modules:11,robot3.position:3 robots=1
ts=2026-09-14T21:33:06.237Z level=warning event=stale_data groups=event:3,robot3.telemetry:4 robots=1
ts=2026-09-14T21:33:06.707Z level=warning event=stale_data groups=event:3,robot3.modules:11,robot3.position:3,robot3.telemetry:4 robots=1
ts=2026-09-14T21:33:07.710Z level=warning event=stale_data groups=robot3.modules:11,robot3.position:3 robots=1
ts=2026-09-14T21:33:08.207Z level=warning event=stale_data groups=event:3,robot3.telemetry:4 robots=1
ts=2026-09-14T21:33:08.709Z level=warning event=stale_data groups=event:3,robot3.modules:11,robot3.position:3,robot3.telemetry:4 robots=1
ts=2026-09-14T21:33:09.208Z level=warning event=stale_data groups=event:3,robot3.telemetry:4 robots=1
ts=2026-09-14T21:33:09.708Z level=warning event=stale_data groups=event:3,robot3.modules:11,robot3.position:3,robot3.telemetry:4 robots=1
ts=2026-09-14T21:33:10.210Z level=warning event=stale_data groups=event:3,robot3.telemetry:4 robots=1
ts=2026-09-14T21:33:10.707Z level=warning event=stale_data groups=event:3,robot3.modules:11,robot3.position:3,robot3.telemetry:4 robots=1
ts=2026-09-14T21:33:11.214Z level=warning event=stale_data groups=event:3,robot3.telemetry:4 robots=1
ts=2026-09-14T21:33:11.709Z level=warning event=stale_data groups=event:3,robot3.modules:11,robot3.position:3,robot3.telemetry:4 robots=1
ts=2026-09-14T21:33:11.964Z level=warning event=stale_data groups=robot3.modules:11,robot3.position:3,robot3.telemetry:4 robots=1
ts=2026-09-14T21:33:12.207Z level=warning event=stale_data groups=robot3.telemetry:4 robots=1
ts=2026-09-14T21:33:12.708Z level=warning event=stale_data groups=robot3.modules:11,robot3.position:3 robots=1
ts=2026-09-14T21:33:12.959Z level=warning event=stale_data groups=event:3,robot3.modules:11,robot3.position:3 robots=1
ts=2026-09-14T21:33:13.208Z level=warning event=stale_data groups=event:3 robots=1
ts=2026-09-14T21:33:13.712Z level=warning event=stale_data groups=robot3.modules:11,robot3.position:3 robots=1
ts=2026-09-14T21:33:14.209Z level=warning event=stale_data groups=event:3,robot3.telemetry:4 robots=1
ts=2026-09-14T21:33:14.457Z level=warning event=stale_data groups=robot3.telemetry:4 robots=1
ts=2026-09-14T21:33:14.708Z level=warning event=stale_data groups=robot3.modules:11,robot3.position:3,robot3.telemetry:4 robots=1
ts=2026-09-14T21:33:14.957Z level=warning event=stale_data groups=event:3,robot3.modules:11,robot3.position:3,robot3.telemetry:4 robots=1
ts=2026-09-14T21:33:15.211Z level=warning event=stale_data groups=event:3,robot3.telemetry:4 robots=1
ts=2026-09-14T21:33:15.711Z level=warning event=stale_data groups=event:3,robot3.modules:11,robot3.position:3,robot3.telemetry:4 robots=1
ts=2026-09-14T21:33:15.958Z level=warning event=stale_data groups=robot3.modules:11,robot3.position:3,robot3.telemetry:4 robots=1
ts=2026-09-14T21:33:16.207Z level=warning event=stale_data groups=robot3.telemetry:4 robots=1
ts=2026-09-14T21:33:16.711Z level=warning event=stale_data groups=robot3.modules:11,robot3.position:3 robots=1
ts=2026-09-14T21:33:17.209Z level=warning event=stale_data groups=event:3 robots=1
ts=2026-09-14T21:33:17.708Z level=warning event=stale_data groups=event:3,robot3.modules:11,robot3.position:3 robots=1
ts=2026-09-14T21:33:18.211Z level=warning event=stale_data groups=event:3 robots=1
ts=2026-09-14T21:33:18.707Z level=warning event=stale_data groups=robot3.modules:11,robot3.position:3 robots=1
ts=2026-09-14T21:33:18.962Z level=warning event=stale_data groups=event:3,robot3.modules:11,robot3.position:3 robots=1
ts=2026-09-14T21:33:19.211Z level=warning event=stale_data groups=event:3,robot3.telemetry:4 robots=1
ts=2026-09-14T21:33:19.715Z level=warning event=stale_data groups=event:3,robot3.modules:11,robot3.position:3,robot3.telemetry:4 robots=1
ts=2026-09-14T21:33:20.213Z level=warning event=stale_data groups=event:3,robot3.telemetry:4 robots=1
ts=2026-09-14T21:33:20.715Z level=warning event=stale_data groups=robot3.modules:11,robot3.position:3 robots=1
ts=2026-09-14T21:33:20.963Z level=warning event=stale_data groups=event:3,robot3.modules:11,robot3.position:3 robots=1
ts=2026-09-14T21:33:21.208Z level=warning event=stale_data groups=event:3 robots=1
ts=2026-09-14T21:33:21.708Z level=warning event=stale_data groups=robot3.modules:11,robot3.position:3 robots=1
ts=2026-09-14T21:33:21.963Z level=warning event=stale_data groups=event:3,robot3.modules:11,robot3.position:3,robot3.telemetry:4 robots=1
ts=2026-09-14T21:33:22.208Z level=warning event=stale_data groups=event:3,robot3.telemetry:4 robots=1
ts=2026-09-14T21:33:22.715Z level=warning event=stale_data groups=robot3.modules:11,robot3.position:3 robots=1
ts=2026-09-14T21:33:23.208Z level=warning event=stale_data groups=event:3 robots=1
ts=2026-09-14T21:33:23.711Z level=warning event=stale_data groups=event:3,robot3.modules:11,robot3.position:3 robots=1
ts=2026-09-14T21:33:24.215Z level=warning event=stale_data groups=event:3 robots=1
ts=2026-09-14T21:33:24.708Z level=warning event=stale_data groups=event:3,robot3.modules:11,robot3.position:3 robots=1
ts=2026-09-14T21:33:25.210Z level=warning event=stale_data groups=event:3 robots=1
ts=2026-09-14T21:33:25.710Z level=warning event=stale_data groups=robot3.modules:11,robot3.position:3 robots=1
ts=2026-09-14T21:33:25.957Z level=warning event=stale_data groups=event:3,robot3.modules:11,robot3.position:3 robots=1
ts=2026-09-14T21:33:26.708Z level=warning event=stale_data groups=event:3,robot3.modules:11,robot3.position:3 robots=1
ts=2026-09-14T21:33:27.210Z level=warning event=stale_data groups=robot3.telemetry:4 robots=1
ts=2026-09-14T21:33:27.708Z level=warning event=stale_data groups=robot3.modules:11,robot3.position:3,robot3.telemetry:4 robots=1
ts=2026-09-14T21:33:27.964Z level=warning event=stale_data groups=event:3,robot3.modules:11,robot3.position:3,robot3.telemetry:4 robots=1
ts=2026-09-14T21:33:28.211Z level=warning event=stale_data groups=event:3,robot3.telemetry:4 robots=1
ts=2026-09-14T21:33:28.708Z level=warning event=stale_data groups=event:3,robot3.modules:11,robot3.position:3,robot3.telemetry:4 robots=1
ts=2026-09-14T21:33:29.209Z level=warning event=stale_data groups=event:3,robot3.telemetry:4 robots=1
ts=2026-09-14T21:33:29.710Z level=warning event=stale_data groups=event:3,robot3.modules:11,robot3.position:3,robot3.telemetry:4 robots=1
ts=2026-09-14T21:33:30.213Z level=warning event=stale_data groups=event:3,robot3.telemetry:4 robots=1
ts=2026-09-14T21:33:30.459Z level=warning event=stale_data groups=robot3.telemetry:4 robots=1
ts=2026-09-14T21:33:30.707Z level=warning event=stale_data groups=robot3.modules:11,robot3.position:3,robot3.telemetry:4 robots=1
ts=2026-09-14T21:33:30.957Z level=warning event=stale_data groups=event:3,robot3.modules:11,robot3.position:3,robot3.telemetry:4 robots=1
ts=2026-09-14T21:33:31.207Z level=warning event=stale_data groups=event:3,robot3.telemetry:4 robots=1
ts=2026-09-14T21:33:31.711Z level=warning event=stale_data groups=robot3.modules:11,robot3.position:3,robot3.telemetry:4 robots=1
ts=2026-09-14T21:33:32.210Z level=warning event=stale_data groups=event:3,robot3.telemetry:4 robots=1
ts=2026-09-14T21:33:32.708Z level=warning event=stale_data groups=event:3,robot3.modules:11,robot3.position:3,robot3.telemetry:4 robots=1
ts=2026-09-14T21:33:33.214Z level=warning event=stale_data groups=robot3.telemetry:4 robots=1
ts=2026-09-14T21:33:33.712Z level=warning event=stale_data groups=event:3,robot3.modules:11,robot3.position:3,robot3.telemetry:4 robots=1
ts=2026-09-14T21:33:34.210Z level=warning event=stale_data groups=event:3,robot3.telemetry:4 robots=1
ts=2026-09-14T21:33:34.712Z level=warning event=stale_data groups=event:3,robot3.modules:11,robot3.position:3,robot3.telemetry:4 robots=1
ts=2026-09-14T21:33:35.210Z level=warning event=stale_data groups=event:3,robot3.telemetry:4 robots=1
ts=2026-09-14T21:33:35.458Z level=warning event=stale_data groups=robot3.telemetry:4 robots=1
ts=2026-09-14T21:33:35.710Z level=warning event=stale_data groups=robot3.modules:11,robot3.position:3,robot3.telemetry:4 robots=1
ts=2026-09-14T21:33:35.958Z level=warning event=stale_data groups=event:3,robot3.modules:11,robot3.position:3,robot3.telemetry:4 robots=1
ts=2026-09-14T21:33:36.209Z level=warning event=stale_data groups=event:3,robot3.telemetry:4 robots=1
ts=2026-09-14T21:33:36.715Z level=warning event=stale_data groups=event:3,robot3.modules:11,robot3.position:3,robot3.telemetry:4 robots=1
ts=2026-09-14T21:33:37.207Z level=warning event=stale_data groups=event:3,robot3.telemetry:4 robots=1
ts=2026-09-14T21:33:37.711Z level=warning event=stale_data groups=event:3,robot3.modules:11,robot3.position:3,robot3.telemetry:4 robots=1
ts=2026-09-14T21:33:38.208Z level=warning event=stale_data groups=event:3,robot3.telemetry:4 robots=1
ts=2026-09-14T21:33:38.712Z level=warning event=stale_data groups=robot3.modules:11,robot3.position:3,robot3.telemetry:4 robots=1
ts=2026-09-14T21:33:39.212Z level=warning event=stale_data groups=event:3,robot3.telemetry:4 robots=1
ts=2026-09-14T21:33:39.712Z level=warning event=stale_data groups=robot3.modules:11,robot3.position:3,robot3.telemetry:4 robots=1
ts=2026-09-14T21:33:40.210Z level=warning event=stale_data groups=event:3,robot3.telemetry:4 robots=1
ts=2026-09-14T21:33:40.711Z level=warning event=stale_data groups=event:3,robot3.modules:11,robot3.position:3,robot3.telemetry:4 robots=1
ts=2026-09-14T21:33:41.209Z level=warning event=stale_data groups=event:3,robot3.telemetry:4 robots=1
ts=2026-09-14T21:33:41.709Z level=warning event=stale_data groups=event:3,robot3.modules:11,robot3.position:3,robot3.telemetry:4 robots=1
ts=2026-09-14T21:33:42.214Z level=warning event=stale_data groups=event:3,robot3.telemetry:4 robots=1
ts=2026-09-14T21:33:42.457Z level=warning event=stale_data groups=robot3.telemetry:4 robots=1
ts=2026-09-14T21:33:42.710Z level=warning event=stale_data groups=robot3.modules:11,robot3.position:3,robot3.telemetry:4 robots=1
ts=2026-09-14T21:33:43.214Z level=warning event=stale_data groups=robot3.telemetry:4 robots=1
ts=2026-09-14T21:33:43.458Z level=warning event=stale_data groups=event:3,robot3.telemetry:4 robots=1
ts=2026-09-14T21:33:43.711Z level=warning event=stale_data groups=event:3,robot3.modules:11,robot3.position:3,robot3.telemetry:4 robots=1
ts=2026-09-14T21:33:43.959Z level=warning event=stale_data groups=robot3.modules:11,robot3.position:3,robot3.telemetry:4 robots=1
ts=2026-09-14T21:33:44.209Z level=warning event=stale_data groups=robot3.telemetry:4 robots=1
ts=2026-09-14T21:33:44.209Z level=info event=ui_mode_switch from=Info to=Video reason=BlindAsserted blind_freshness=Fresh
ts=2026-09-14T21:33:44.712Z level=warning event=stale_data groups=robot3.modules:11,robot3.position:3,robot3.telemetry:4 robots=1
ts=2026-09-14T21:33:45.212Z level=warning event=stale_data groups=event:3,robot3.telemetry:4 robots=1
ts=2026-09-14T21:33:45.712Z level=warning event=stale_data groups=event:3,robot3.modules:11,robot3.position:3,robot3.telemetry:4 robots=1
ts=2026-09-14T21:33:46.211Z level=warning event=stale_data groups=event:3,robot3.telemetry:4 robots=1
ts=2026-09-14T21:33:46.710Z level=warning event=stale_data groups=event:3,robot3.modules:11,robot3.position:3,robot3.telemetry:4 robots=1
ts=2026-09-14T21:33:47.211Z level=warning event=stale_data groups=event:3,robot3.telemetry:4 robots=1
ts=2026-09-14T21:33:47.712Z level=warning event=stale_data groups=robot3.modules:11,robot3.position:3 robots=1
ts=2026-09-14T21:33:48.208Z level=warning event=stale_data groups=robot3.telemetry:4 robots=1
ts=2026-09-14T21:33:48.458Z level=warning event=stale_data groups=event:3,robot3.telemetry:4 robots=1
ts=2026-09-14T21:33:48.710Z level=warning event=stale_data groups=event:3,robot3.modules:11,robot3.position:3,robot3.telemetry:4 robots=1
ts=2026-09-14T21:33:49.212Z level=warning event=stale_data groups=event:3,robot3.telemetry:4 robots=1
ts=2026-09-14T21:33:49.459Z level=warning event=stale_data groups=robot3.telemetry:4 robots=1
ts=2026-09-14T21:33:49.712Z level=warning event=stale_data groups=robot3.modules:11,robot3.position:3,robot3.telemetry:4 robots=1
ts=2026-09-14T21:33:49.957Z level=warning event=stale_data groups=robot3.modules:11,robot3.position:3 robots=1
ts=2026-09-14T21:33:50.711Z level=warning event=stale_data groups=robot3.modules:11,robot3.position:3 robots=1
ts=2026-09-14T21:33:51.463Z level=warning event=stale_data groups=event:3 robots=1
ts=2026-09-14T21:33:51.710Z level=warning event=stale_data groups=event:3,robot3.modules:11,robot3.position:3 robots=1
ts=2026-09-14T21:33:52.209Z level=warning event=stale_data groups=event:3 robots=1
ts=2026-09-14T21:33:52.708Z level=warning event=stale_data groups=event:3,robot3.modules:11,robot3.position:3 robots=1
ts=2026-09-14T21:33:53.211Z level=warning event=stale_data groups=event:3,robot3.telemetry:4 robots=1
ts=2026-09-14T21:33:53.709Z level=warning event=stale_data groups=robot3.modules:11,robot3.position:3 robots=1
