ts=2026-09-14T22:10:31.247Z level=info event=startup mode=terminal platform=macOS mqtt_host=127.0.0.1 mqtt_port=3333 udp_port=3334 stale_window_ms=500
ts=2026-09-14T22:10:31.409Z level=info event=ui_mode_switch from=Info to=Video reason=ForcedByCli blind_freshness=NeverReceived
ts=2026-09-14T22:10:32.409Z level=warning event=stale_data groups=event:3 robots=1
ts=2026-09-14T22:10:32.661Z level=warning event=stale_data groups=event:3,robot3.modules:11,robot3.position:3 robots=1
ts=2026-09-14T22:10:32.909Z level=warning event=stale_data groups=robot3.modules:11,robot3.position:3 robots=1
ts=2026-09-14T22:10:33.410Z level=warning event=stale_data groups=event:3 robots=1
ts=2026-09-14T22:10:33.660Z level=warning event=stale_data groups=event:3,robot3.modules:11,robot3.position:3 robots=1
ts=2026-09-14T22:10:33.908Z level=warning event=stale_data groups=robot3.modules:11,robot3.position:3 robots=1
ts=2026-09-14T22:10:34.408Z level=warning event=stale_data groups=event:3 robots=1
ts=2026-09-14T22:10:34.667Z level=warning event=stale_data groups=event:3,robot3.modules:11,robot3.position:3 robots=1
ts=2026-09-14T22:10:35.164Z level=warning event=stale_data groups=event:3,robot3.telemetry:4 robots=1
ts=2026-09-14T22:10:35.658Z level=warning event=stale_data groups=event:3,robot3.modules:11,robot3.position:3,robot3.telemetry:4 robots=1
ts=2026-09-14T22:10:36.166Z level=warning event=stale_data groups=event:3,robot3.telemetry:4 robots=1
ts=2026-09-14T22:10:36.663Z level=warning event=stale_data groups=event:3,robot3.modules:11,robot3.position:3,robot3.telemetry:4 robots=1
ts=2026-09-14T22:10:36.908Z level=warning event=stale_data groups=robot3.modules:11,robot3.position:3,robot3.telemetry:4 robots=1
ts=2026-09-14T22:10:37.160Z level=warning event=stale_data groups=robot3.telemetry:4 robots=1
ts=2026-09-14T22:10:37.410Z level=warning event=stale_data groups=event:3,robot3.telemetry:4 robots=1
ts=2026-09-14T22:10:37.660Z level=warning event=stale_data groups=event:3,robot3.modules:11,robot3.position:3,robot3.telemetry:4 robots=1
ts=2026-09-14T22:10:38.163Z level=warning event=stale_data groups=event:3,robot3.telemetry:4 robots=1
ts=2026-09-14T22:10:38.667Z level=warning event=stale_data groups=event:3,robot3.modules:11,robot3.position:3,robot3.telemetry:4 robots=1
ts=2026-09-14T22:10:38.907Z level=warning event=stale_data groups=robot3.modules:11,robot3.position:3 robots=1
ts=2026-09-14T22:10:39.409Z level=warning event=stale_data groups=event:3 robots=1
ts=2026-09-14T22:10:39.663Z level=warning event=stale_data groups=event:3,robot3.modules:11,robot3.position:3 robots=1
ts=2026-09-14T22:10:39.844Z level=info event=shutdown mode=terminal exit=0
