ts=2026-09-14T22:10:45.989Z level=info event=startup mode=terminal platform=macOS mqtt_host=127.0.0.1 mqtt_port=3333 udp_port=3334 stale_window_ms=500
ts=2026-09-14T22:10:46.133Z level=info event=ui_mode_switch from=Info to=Video reason=ForcedByCli blind_freshness=Fresh
ts=2026-09-14T22:10:46.659Z level=warning event=stale_data groups=robot3.modules:11,robot3.position:3 robots=1
ts=2026-09-14T22:10:47.664Z level=warning event=stale_data groups=robot3.modules:11,robot3.position:3 robots=1
ts=2026-09-14T22:10:48.661Z level=warning event=stale_data groups=robot3.modules:11,robot3.position:3 robots=1
ts=2026-09-14T22:10:48.909Z level=warning event=stale_data groups=event:3,robot3.modules:11,robot3.position:3 robots=1
ts=2026-09-14T22:10:49.164Z level=warning event=stale_data groups=event:3 robots=1
ts=2026-09-14T22:10:49.410Z level=warning event=stale_data groups=event:3,robot3.telemetry:4 robots=1
ts=2026-09-14T22:10:49.665Z level=warning event=stale_data groups=event:3,robot3.modules:11,robot3.position:3,robot3.telemetry:4 robots=1
ts=2026-09-14T22:10:49.911Z level=warning event=stale_data groups=robot3.modules:11,robot3.position:3,robot3.telemetry:4 robots=1
ts=2026-09-14T22:10:50.165Z level=warning event=stale_data groups=robot3.telemetry:4 robots=1
ts=2026-09-14T22:10:50.409Z level=warning event=stale_data groups=event:3,robot3.telemetry:4 robots=1
ts=2026-09-14T22:10:50.665Z level=warning event=stale_data groups=event:3,robot3.modules:11,robot3.position:3,robot3.telemetry:4 robots=1
ts=2026-09-14T22:10:50.910Z level=warning event=stale_data groups=robot3.modules:11,robot3.position:3,robot3.telemetry:4 robots=1
ts=2026-09-14T22:10:51.164Z level=warning event=stale_data groups=robot3.telemetry:4 robots=1
ts=2026-09-14T22:10:51.666Z level=warning event=stale_data groups=robot3.modules:11,robot3.position:3 robots=1
ts=2026-09-14T22:10:52.162Z level=warning event=stale_data groups=event:3 robots=1
ts=2026-09-14T22:10:52.407Z level=warning event=stale_data groups=robot3.telemetry:4 robots=1
ts=2026-09-14T22:10:52.662Z level=warning event=stale_data groups=robot3.modules:11,robot3.position:3,robot3.telemetry:4 robots=1
ts=2026-09-14T22:10:52.908Z level=warning event=stale_data groups=event:3,robot3.modules:11,robot3.position:3,robot3.telemetry:4 robots=1
ts=2026-09-14T22:10:53.158Z level=warning event=stale_data groups=event:3,robot3.telemetry:4 robots=1
ts=2026-09-14T22:10:53.664Z level=warning event=stale_data groups=event:3,robot3.modules:11,robot3.position:3,robot3.telemetry:4 robots=1
ts=2026-09-14T22:10:54.163Z level=warning event=stale_data groups=event:3,robot3.telemetry:4 robots=1
ts=2026-09-14T22:10:54.663Z level=warning event=stale_data groups=event:3,robot3.modules:11,robot3.position:3,robot3.telemetry:4 robots=1
ts=2026-09-14T22:10:54.970Z level=warning event=reconnect_udp state=disconnected silent_ms=1025 port=3334
ts=2026-09-14T22:10:55.166Z level=warning event=stale_data groups=event:3,robot3.telemetry:4 robots=1
ts=2026-09-14T22:10:55.667Z level=warning event=stale_data groups=event:3,robot3.modules:11,robot3.position:3,robot3.telemetry:4 robots=1
ts=2026-09-14T22:10:56.163Z level=warning event=stale_data groups=event:3,robot3.telemetry:4 robots=1
ts=2026-09-14T22:10:56.413Z level=warning event=stale_data groups=robot3.telemetry:4 robots=1
ts=2026-09-14T22:10:56.657Z level=warning event=stale_data groups=robot3.modules:11,robot3.position:3,robot3.telemetry:4 robots=1
ts=2026-09-14T22:10:57.166Z level=warning event=stale_data groups=robot3.telemetry:4 robots=1
ts=2026-09-14T22:10:57.413Z level=warning event=stale_data groups=event:3,robot3.telemetry:4 robots=1
ts=2026-09-14T22:10:57.666Z level=warning event=stale_data groups=event:3,robot3.modules:11,robot3.position:3,robot3.telemetry:4 robots=1
ts=2026-09-14T22:10:58.166Z level=warning event=stale_data groups=event:3,robot3.telemetry:4 robots=1
ts=2026-09-14T22:10:58.665Z level=warning event=stale_data groups=event:3,robot3.modules:11,robot3.position:3,robot3.telemetry:4 robots=1
ts=2026-09-14T22:10:58.912Z level=warning event=stale_data groups=robot3.modules:11,robot3.position:3 robots=1
ts=2026-09-14T22:10:59.416Z level=warning event=stale_data groups=event:3 robots=1
ts=2026-09-14T22:10:59.656Z level=warning event=stale_data groups=event:3,robot3.modules:11,robot3.position:3 robots=1
ts=2026-09-14T22:11:00.657Z level=warning event=stale_data groups=event:3,robot3.modules:11,robot3.position:3 robots=1
ts=2026-09-14T22:11:01.160Z level=warning event=stale_data groups=event:3 robots=1
ts=2026-09-14T22:11:01.663Z level=warning event=stale_data groups=event:3,robot3.modules:11,robot3.position:3 robots=1
ts=2026-09-14T22:11:02.162Z level=warning event=stale_data groups=event:3 robots=1
ts=2026-09-14T22:11:02.665Z level=warning event=stale_data groups=robot3.modules:11,robot3.position:3 robots=1
ts=2026-09-14T22:11:02.915Z level=warning event=stale_data groups=robot3.modules:11,robot3.position:3,robot3.telemetry:4 robots=1
ts=2026-09-14T22:11:03.161Z level=warning event=stale_data groups=robot3.telemetry:4 robots=1
ts=2026-09-14T22:11:03.665Z level=warning event=stale_data groups=event:3,robot3.modules:11,robot3.position:3,robot3.telemetry:4 robots=1
ts=2026-09-14T22:11:04.162Z level=warning event=stale_data groups=event:3,robot3.telemetry:4 robots=1
ts=2026-09-14T22:11:04.658Z level=warning event=stale_data groups=event:3,robot3.modules:11,robot3.position:3,robot3.telemetry:4 robots=1
ts=2026-09-14T22:11:05.162Z level=warning event=stale_data groups=event:3,robot3.telemetry:4 robots=1
ts=2026-09-14T22:11:05.663Z level=warning event=stale_data groups=event:3,robot3.modules:11,robot3.position:3,robot3.telemetry:4 robots=1
ts=2026-09-14T22:11:06.162Z level=warning event=stale_data groups=robot3.telemetry:4 robots=1
ts=2026-09-14T22:11:06.664Z level=warning event=stale_data groups=robot3.modules:11,robot3.position:3,robot3.telemetry:4 robots=1
ts=2026-09-14T22:11:07.160Z level=warning event=stale_data groups=robot3.telemetry:4 robots=1
ts=2026-09-14T22:11:07.661Z level=warning event=stale_data groups=event:3,robot3.modules:11,robot3.position:3,robot3.telemetry:4 robots=1
ts=2026-09-14T22:11:07.945Z level=info event=shutdown mode=terminal exit=0
