[ 33%] Built target terminal_domain
[ 55%] Built target terminal_presentation
[100%] Built target domain_test
[100%] Built target rm_terminal
Test project /Users/zy/RMGF/terminal/build/debug
    Start 1: domain_state
1/3 Test #1: domain_state .....................   Passed    0.38 sec
    Start 2: reject_unknown_args
2/3 Test #2: reject_unknown_args ..............   Passed    0.40 sec
    Start 3: safe_start
3/3 Test #3: safe_start .......................   Passed    0.01 sec

100% tests passed out of 3

Total Test time (real) =   0.80 sec
-- The CXX compiler identification is AppleClang 21.0.0.21000101
-- Detecting CXX compiler ABI info
-- Detecting CXX compiler ABI info - done
-- Check for working CXX compiler: /usr/bin/c++ - skipped
-- Detecting CXX compile features
-- Detecting CXX compile features - done
-- Performing Test CMAKE_HAVE_LIBC_PTHREAD
-- Performing Test CMAKE_HAVE_LIBC_PTHREAD - Success
-- Found Threads: TRUE
-- Performing Test HAVE_STDATOMIC
-- Performing Test HAVE_STDATOMIC - Success
-- Found WrapAtomic: TRUE
-- Found OpenGL: /Library/Developer/CommandLineTools/SDKs/MacOSX.sdk/System/Library/Frameworks/OpenGL.framework
-- Found WrapOpenGL: TRUE
-- Could NOT find WrapVulkanHeaders (missing: Vulkan_INCLUDE_DIR) 
-- Configuring done (0.5s)
-- Generating done (0.0s)
-- Build files have been written to: /Users/zy/RMGF/terminal/build/release
[ 22%] Building CXX object CMakeFiles/terminal_domain.dir/cpp/store.cpp.o
[ 22%] Building CXX object CMakeFiles/terminal_domain.dir/cpp/conversion.cpp.o
[ 33%] Linking CXX static library libterminal_domain.a
[ 33%] Built target terminal_domain
[ 44%] Building CXX object CMakeFiles/terminal_presentation.dir/cpp/presentation.cpp.o
[ 55%] Linking CXX static library libterminal_presentation.a
[ 55%] Built target terminal_presentation
[ 77%] Building CXX object CMakeFiles/domain_test.dir/cpp/domain_test.cpp.o
[ 77%] Building CXX object CMakeFiles/rm_terminal.dir/cpp/main.cpp.o
[ 88%] Linking CXX executable domain_test
[ 88%] Built target domain_test
[100%] Linking CXX executable rm_terminal
[100%] Built target rm_terminal
Test project /Users/zy/RMGF/terminal/build/release
    Start 1: domain_state
1/3 Test #1: domain_state .....................   Passed    0.36 sec
    Start 2: reject_unknown_args
2/3 Test #2: reject_unknown_args ..............   Passed    0.40 sec
    Start 3: safe_start
3/3 Test #3: safe_start .......................   Passed    0.01 sec

100% tests passed out of 3

Total Test time (real) =   0.78 sec
RM terminal: READ-ONLY SIMULATION SAFE; platform= macOS
RM terminal: READ-ONLY SIMULATION SAFE; platform= macOS
-- unknown: exit=2; stdout empty; stderr=Unknown argument; only --safe-smoke is supported

-- extra: exit=2; stdout empty; stderr=Unknown argument; only --safe-smoke is supported

-- duplicate: exit=2; stdout empty; stderr=Unknown argument; only --safe-smoke is supported

-- positional: exit=2; stdout empty; stderr=Unknown argument; only --safe-smoke is supported

-- empty: exit=2; stdout empty; stderr=Unknown argument; only --safe-smoke is supported

direct domain test:
PASS non-positive threshold rejected
PASS non-positive threshold rejected
PASS missing presentation
PASS fresh presentation
PASS stale presentation
PASS absent is not zero
PASS valid match update
PASS legitimate zero retained
PASS missing robot identity rejected
PASS embedded identity accepted
PASS identity mismatch rejected
PASS second robot accepted
PASS position requires source
PASS zero position accepted
PASS partial position patch
PASS exact expiration boundary
PASS independent field freshness
PASS independent group freshness
PASS copied snapshot isolation
PASS two identities isolated
PASS nonfinite input rejected
PASS nonfinite input rejected
PASS invalid does not refresh or erase last valid
PASS module range rejected
PASS offline is valid zero
PASS confidence range rejected
PASS telemetry values accepted read only
PASS global event zero and empty text
PASS stage range rejected
PASS event cannot refresh match
PASS backwards update time rejected
PASS backwards snapshot time rejected
All domain checks passed (no assert, no sleep).

artifact files:
-rw-r--r--@ 1 zy  staff  4166 Sep 14 12:07 artifacts/task-2/domain-verification.log
-rw-r--r--@ 1 zy  staff   732 Sep 14 12:03 artifacts/task-2/failing-first.log
-rw-r--r--@ 1 zy  staff   893 Sep 14 12:02 artifacts/task-2/revision-baseline.log

cleanup receipt:
temporary probe files absent
