[server] 模拟赛事引擎启动 -> mqtt://127.0.0.1:3333，Ctrl-C 退出
[server] MQTT 已连接 (Success)，订阅终端下行指令
[server] 阶段=3 剩余=4s HP=400 热量=0 弹量=150 锁定=否
[server] 阶段=4 剩余=419s HP=400 热量=0 弹量=150 锁定=否
[server] 阶段=4 剩余=414s HP=363 热量=0 弹量=144 锁定=否
[server] 阶段=4 剩余=409s HP=446 热量=0 弹量=138 锁定=是
[server] 阶段=4 剩余=404s HP=493 热量=0 弹量=136 锁定=否
[server] 阶段=4 剩余=399s HP=600 热量=0 弹量=134 锁定=是
[server] 阶段=4 剩余=394s HP=523 热量=0 弹量=122 锁定=是
[server] 致盲开始 match_t=30.0s 持续=12.0s
[server] 阶段=4 剩余=389s HP=485 热量=0 弹量=110 锁定=否
[server] 阶段=4 剩余=384s HP=565 热量=0 弹量=100 锁定=否
[server] 阶段=4 剩余=379s HP=578 热量=0 弹量=87 锁定=是
[server] 致盲结束 match_t=42.0s
[server] 阶段=4 剩余=374s HP=505 热量=0 弹量=76 锁定=否
[server] 阶段=4 剩余=369s HP=409 热量=0 弹量=74 锁定=否
[server] 阶段=4 剩余=364s HP=339 热量=0 弹量=68 锁定=否
[server] 阶段=4 剩余=359s HP=316 热量=0 弹量=60 锁定=是
[server] 阶段=4 剩余=354s HP=319 热量=0 弹量=58 锁定=是
[server] 阶段=4 剩余=349s HP=431 热量=0 弹量=48 锁定=否
[server] 阶段=4 剩余=344s HP=500 热量=0 弹量=43 锁定=是
[server] 阶段=4 剩余=339s HP=479 热量=0 弹量=34 锁定=是
[server] 阶段=4 剩余=334s HP=556 热量=0 弹量=20 锁定=否
[server] 阶段=4 剩余=329s HP=600 热量=0 弹量=20 锁定=否
[server] 阶段=4 剩余=324s HP=563 热量=0 弹量=10 锁定=否
[server] 阶段=4 剩余=319s HP=528 热量=0 弹量=7 锁定=否
[server] 阶段=4 剩余=314s HP=580 热量=0 弹量=7 锁定=否
[server] 阶段=4 剩余=309s HP=533 热量=0 弹量=7 锁定=否
[server] 阶段=4 剩余=304s HP=600 热量=0 弹量=4 锁定=否
[server] 阶段=4 剩余=299s HP=600 热量=0 弹量=0 锁定=是
[server] 阶段=4 剩余=294s HP=569 热量=0 弹量=0 锁定=是
[server] 阶段=4 剩余=289s HP=494 热量=0 弹量=0 锁定=否
[server] 阶段=4 剩余=284s HP=462 热量=0 弹量=0 锁定=否
[server] 阶段=4 剩余=279s HP=534 热量=0 弹量=0 锁定=否
[server] 阶段=4 剩余=274s HP=463 热量=0 弹量=0 锁定=否
[server] 致盲开始 match_t=150.0s 持续=12.0s
[server] 阶段=4 剩余=269s HP=592 热量=0 弹量=0 锁定=否
[server] 阶段=4 剩余=264s HP=564 热量=0 弹量=0 锁定=否
[server] 阶段=4 剩余=259s HP=468 热量=0 弹量=0 锁定=否
[server] 致盲结束 match_t=162.0s
[server] 阶段=4 剩余=254s HP=600 热量=0 弹量=0 锁定=是
[server] 阶段=4 剩余=249s HP=586 热量=0 弹量=0 锁定=否
[server] 阶段=4 剩余=244s HP=510 热量=0 弹量=0 锁定=否
[server] 阶段=4 剩余=239s HP=508 热量=0 弹量=0 锁定=否
[server] 阶段=4 剩余=234s HP=533 热量=0 弹量=0 锁定=否
[server] 阶段=4 剩余=229s HP=485 热量=0 弹量=0 锁定=是
[server] 阶段=4 剩余=224s HP=485 热量=0 弹量=0 锁定=否
[server] 阶段=4 剩余=219s HP=560 热量=0 弹量=0 锁定=否
[server] 阶段=4 剩余=214s HP=572 热量=0 弹量=0 锁定=是
[server] 阶段=4 剩余=209s HP=533 热量=0 弹量=0 锁定=是
[server] 阶段=4 剩余=204s HP=468 热量=0 弹量=0 锁定=否
[server] 阶段=4 剩余=199s HP=537 热量=0 弹量=0 锁定=否
[server] 阶段=4 剩余=194s HP=479 热量=0 弹量=0 锁定=否
[server] 阶段=4 剩余=189s HP=539 热量=0 弹量=0 锁定=否
[server] 阶段=4 剩余=184s HP=561 热量=0 弹量=0 锁定=是
[server] 阶段=4 剩余=179s HP=492 热量=0 弹量=0 锁定=是
[server] 阶段=4 剩余=174s HP=600 热量=0 弹量=0 锁定=是
[server] 阶段=4 剩余=169s HP=526 热量=0 弹量=0 锁定=否
[server] 阶段=4 剩余=164s HP=544 热量=0 弹量=0 锁定=否
[server] 阶段=4 剩余=159s HP=510 热量=0 弹量=0 锁定=否
[server] 阶段=4 剩余=154s HP=592 热量=0 弹量=0 锁定=否
[server] 阶段=4 剩余=149s HP=600 热量=0 弹量=0 锁定=否
[server] 阶段=4 剩余=144s HP=600 热量=0 弹量=0 锁定=否
[server] 阶段=4 剩余=139s HP=600 热量=0 弹量=0 锁定=是
[server] 阶段=4 剩余=134s HP=561 热量=0 弹量=0 锁定=否
[server] 阶段=4 剩余=129s HP=589 热量=0 弹量=0 锁定=否
[server] 阶段=4 剩余=124s HP=592 热量=0 弹量=0 锁定=否
[server] 阶段=4 剩余=119s HP=600 热量=0 弹量=0 锁定=否
[server] 阶段=4 剩余=114s HP=566 热量=0 弹量=0 锁定=否
[server] 阶段=4 剩余=109s HP=558 热量=0 弹量=0 锁定=否
[server] 阶段=4 剩余=104s HP=535 热量=0 弹量=0 锁定=否
[server] 阶段=4 剩余=99s HP=600 热量=0 弹量=0 锁定=否
[server] 阶段=4 剩余=94s HP=553 热量=0 弹量=0 锁定=否
[server] 阶段=4 剩余=89s HP=585 热量=0 弹量=0 锁定=否
[server] 阶段=4 剩余=84s HP=577 热量=0 弹量=0 锁定=否
[server] 阶段=4 剩余=79s HP=553 热量=0 弹量=0 锁定=是
[server] 阶段=4 剩余=74s HP=550 热量=0 弹量=0 锁定=否
[server] 阶段=4 剩余=69s HP=580 热量=0 弹量=0 锁定=否
[server] 阶段=4 剩余=64s HP=513 热量=0 弹量=0 锁定=否
[server] 阶段=4 剩余=59s HP=583 热量=0 弹量=0 锁定=否
[server] 阶段=4 剩余=54s HP=567 热量=0 弹量=0 锁定=否
[server] 阶段=4 剩余=49s HP=590 热量=0 弹量=0 锁定=否
[server] 阶段=4 剩余=44s HP=568 热量=0 弹量=0 锁定=是
[server] 阶段=4 剩余=39s HP=600 热量=0 弹量=0 锁定=否
[server] 阶段=4 剩余=34s HP=600 热量=0 弹量=0 锁定=否
[server] 阶段=4 剩余=29s HP=592 热量=0 弹量=0 锁定=否
[server] 阶段=4 剩余=24s HP=497 热量=0 弹量=0 锁定=否
[server] 阶段=4 剩余=19s HP=498 热量=0 弹量=0 锁定=否
[server] 阶段=4 剩余=14s HP=594 热量=0 弹量=0 锁定=否
[server] 阶段=4 剩余=9s HP=565 热量=0 弹量=0 锁定=否
[server] 阶段=4 剩余=4s HP=511 热量=0 弹量=0 锁定=是
[server] 阶段=4 剩余=419s HP=569 热量=0 弹量=0 锁定=否
[server] 阶段=4 剩余=414s HP=600 热量=0 弹量=0 锁定=否
[server] 阶段=4 剩余=409s HP=514 热量=0 弹量=0 锁定=否
[server] 阶段=4 剩余=404s HP=595 热量=0 弹量=0 锁定=否
[server] 阶段=4 剩余=399s HP=589 热量=0 弹量=0 锁定=是
[server] 阶段=4 剩余=394s HP=600 热量=0 弹量=0 锁定=否
[server] 致盲开始 match_t=30.0s 持续=12.0s
[server] 阶段=4 剩余=389s HP=600 热量=0 弹量=0 锁定=是
[server] 阶段=4 剩余=384s HP=565 热量=0 弹量=0 锁定=否
[server] 阶段=4 剩余=379s HP=549 热量=0 弹量=0 锁定=否
[server] 致盲结束 match_t=42.0s
[server] 阶段=4 剩余=374s HP=551 热量=0 弹量=0 锁定=是
[server] 阶段=4 剩余=369s HP=537 热量=0 弹量=0 锁定=是
[server] 阶段=4 剩余=364s HP=425 热量=0 弹量=0 锁定=否
[server] 阶段=4 剩余=359s HP=417 热量=0 弹量=0 锁定=否
[server] 阶段=4 剩余=354s HP=551 热量=0 弹量=0 锁定=否
[server] 阶段=4 剩余=349s HP=580 热量=0 弹量=0 锁定=否
[server] 阶段=4 剩余=344s HP=580 热量=0 弹量=0 锁定=是
[server] 阶段=4 剩余=339s HP=562 热量=0 弹量=0 锁定=否
[server] 阶段=4 剩余=334s HP=600 热量=0 弹量=0 锁定=否
[server] 阶段=4 剩余=329s HP=527 热量=0 弹量=0 锁定=否
[server] 阶段=4 剩余=324s HP=582 热量=0 弹量=0 锁定=否
[server] 阶段=4 剩余=319s HP=600 热量=0 弹量=0 锁定=否
[server] 阶段=4 剩余=314s HP=595 热量=0 弹量=0 锁定=否
[server] 阶段=4 剩余=309s HP=583 热量=0 弹量=0 锁定=否
[server] 阶段=4 剩余=304s HP=574 热量=0 弹量=0 锁定=否
[server] 阶段=4 剩余=299s HP=564 热量=0 弹量=0 锁定=否
[server] 阶段=4 剩余=294s HP=600 热量=0 弹量=0 锁定=否
[server] 阶段=4 剩余=289s HP=543 热量=0 弹量=0 锁定=否
[server] 阶段=4 剩余=284s HP=466 热量=0 弹量=0 锁定=否
[server] 阶段=4 剩余=279s HP=564 热量=0 弹量=0 锁定=否
[server] 阶段=4 剩余=274s HP=600 热量=0 弹量=0 锁定=否
[server] 致盲开始 match_t=150.0s 持续=12.0s
[server] 阶段=4 剩余=269s HP=600 热量=0 弹量=0 锁定=否
[server] 阶段=4 剩余=264s HP=600 热量=0 弹量=0 锁定=否
[server] 阶段=4 剩余=259s HP=600 热量=0 弹量=0 锁定=否
[server] 致盲结束 match_t=162.0s
[server] 阶段=4 剩余=254s HP=573 热量=0 弹量=0 锁定=否
[server] 阶段=4 剩余=249s HP=561 热量=0 弹量=0 锁定=否
[server] 阶段=4 剩余=244s HP=584 热量=0 弹量=0 锁定=否
[server] 阶段=4 剩余=239s HP=600 热量=0 弹量=0 锁定=否
[server] 阶段=4 剩余=234s HP=600 热量=0 弹量=0 锁定=否
[server] 阶段=4 剩余=229s HP=588 热量=0 弹量=0 锁定=否
[server] 阶段=4 剩余=224s HP=572 热量=0 弹量=0 锁定=否
[server] 阶段=4 剩余=219s HP=568 热量=0 弹量=0 锁定=是
[server] 阶段=4 剩余=214s HP=533 热量=0 弹量=0 锁定=否
[server] 阶段=4 剩余=209s HP=600 热量=0 弹量=0 锁定=否
[server] 阶段=4 剩余=204s HP=464 热量=0 弹量=0 锁定=否
[server] 阶段=4 剩余=199s HP=490 热量=0 弹量=0 锁定=否
[server] 阶段=4 剩余=194s HP=446 热量=0 弹量=0 锁定=否
[server] 阶段=4 剩余=189s HP=560 热量=0 弹量=0 锁定=否
[server] 阶段=4 剩余=184s HP=594 热量=0 弹量=0 锁定=否
[server] 阶段=4 剩余=179s HP=596 热量=0 弹量=0 锁定=是
[server] 阶段=4 剩余=174s HP=523 热量=0 弹量=0 锁定=否
[server] 阶段=4 剩余=169s HP=484 热量=0 弹量=0 锁定=否
[server] 阶段=4 剩余=164s HP=556 热量=0 弹量=0 锁定=否
[server] 阶段=4 剩余=159s HP=588 热量=0 弹量=0 锁定=否
[server] 阶段=4 剩余=154s HP=541 热量=0 弹量=0 锁定=是
[server] 阶段=4 剩余=149s HP=421 热量=0 弹量=0 锁定=否
[server] 阶段=4 剩余=144s HP=350 热量=0 弹量=0 锁定=否
[server] 阶段=4 剩余=139s HP=600 热量=0 弹量=0 锁定=否
[server] 阶段=4 剩余=134s HP=545 热量=0 弹量=0 锁定=是
[server] 阶段=4 剩余=129s HP=446 热量=0 弹量=0 锁定=是
[server] 阶段=4 剩余=124s HP=471 热量=0 弹量=0 锁定=否
[server] 阶段=4 剩余=119s HP=485 热量=0 弹量=0 锁定=否
[server] 阶段=4 剩余=114s HP=544 热量=0 弹量=0 锁定=否
[server] 阶段=4 剩余=109s HP=531 热量=0 弹量=0 锁定=否
[server] 阶段=4 剩余=104s HP=548 热量=0 弹量=0 锁定=否
[server] 阶段=4 剩余=99s HP=585 热量=0 弹量=0 锁定=否
[server] 阶段=4 剩余=94s HP=600 热量=0 弹量=0 锁定=否
[server] 阶段=4 剩余=89s HP=573 热量=0 弹量=0 锁定=否
[server] 阶段=4 剩余=84s HP=600 热量=0 弹量=0 锁定=否
[server] 阶段=4 剩余=79s HP=589 热量=0 弹量=0 锁定=否
[server] 阶段=4 剩余=74s HP=600 热量=0 弹量=0 锁定=否
[server] 阶段=4 剩余=69s HP=600 热量=0 弹量=0 锁定=否
[server] 阶段=4 剩余=64s HP=560 热量=0 弹量=0 锁定=否
[server] 阶段=4 剩余=59s HP=571 热量=0 弹量=0 锁定=是
[server] 阶段=4 剩余=54s HP=544 热量=0 弹量=0 锁定=否
[server] 阶段=4 剩余=49s HP=579 热量=0 弹量=0 锁定=否
[server] 阶段=4 剩余=44s HP=548 热量=0 弹量=0 锁定=否
[server] 阶段=4 剩余=39s HP=535 热量=0 弹量=0 锁定=是
[server] 阶段=4 剩余=34s HP=526 热量=0 弹量=0 锁定=否
[server] 阶段=4 剩余=29s HP=506 热量=0 弹量=0 锁定=是
[server] 阶段=4 剩余=24s HP=457 热量=0 弹量=0 锁定=否
[server] 阶段=4 剩余=19s HP=496 热量=0 弹量=0 锁定=否
[server] 阶段=4 剩余=14s HP=560 热量=0 弹量=0 锁定=否
[server] 阶段=4 剩余=9s HP=600 热量=0 弹量=0 锁定=否
[server] 阶段=4 剩余=4s HP=600 热量=0 弹量=0 锁定=否
[server] 阶段=4 剩余=419s HP=563 热量=0 弹量=0 锁定=否
[server] 阶段=4 剩余=414s HP=570 热量=0 弹量=0 锁定=否
[server] 阶段=4 剩余=409s HP=556 热量=0 弹量=0 锁定=否
[server] 阶段=4 剩余=404s HP=600 热量=0 弹量=0 锁定=否
[server] 阶段=4 剩余=399s HP=562 热量=0 弹量=0 锁定=是
[server] 阶段=4 剩余=394s HP=569 热量=0 弹量=0 锁定=否
[server] 致盲开始 match_t=30.0s 持续=12.0s
[server] 阶段=4 剩余=389s HP=441 热量=0 弹量=0 锁定=否
[server] 阶段=4 剩余=384s HP=412 热量=0 弹量=0 锁定=是
[server] 阶段=4 剩余=379s HP=427 热量=0 弹量=0 锁定=否
[server] 致盲结束 match_t=42.0s
[server] 阶段=4 剩余=374s HP=349 热量=0 弹量=0 锁定=否
[server] 阶段=4 剩余=369s HP=505 热量=0 弹量=0 锁定=否
[server] 阶段=4 剩余=364s HP=477 热量=0 弹量=0 锁定=否
[server] 阶段=4 剩余=359s HP=481 热量=0 弹量=0 锁定=否
[server] 阶段=4 剩余=354s HP=600 热量=0 弹量=0 锁定=否
[server] 阶段=4 剩余=349s HP=600 热量=0 弹量=0 锁定=是
[server] 阶段=4 剩余=344s HP=600 热量=0 弹量=0 锁定=否
[server] 阶段=4 剩余=339s HP=600 热量=0 弹量=0 锁定=否
[server] 阶段=4 剩余=334s HP=551 热量=0 弹量=0 锁定=否
[server] 阶段=4 剩余=329s HP=545 热量=0 弹量=0 锁定=否
[server] 阶段=4 剩余=324s HP=600 热量=0 弹量=0 锁定=否
[server] 阶段=4 剩余=319s HP=551 热量=0 弹量=0 锁定=否
[server] 阶段=4 剩余=314s HP=555 热量=0 弹量=0 锁定=否
[server] 阶段=4 剩余=309s HP=485 热量=0 弹量=0 锁定=是
[server] 阶段=4 剩余=304s HP=600 热量=0 弹量=0 锁定=否
[server] 阶段=4 剩余=299s HP=539 热量=0 弹量=0 锁定=是
[server] 阶段=4 剩余=294s HP=581 热量=0 弹量=0 锁定=否
[server] 阶段=4 剩余=289s HP=600 热量=0 弹量=0 锁定=否
[server] 阶段=4 剩余=284s HP=562 热量=0 弹量=0 锁定=否
[server] 阶段=4 剩余=279s HP=600 热量=0 弹量=0 锁定=否
[server] 阶段=4 剩余=274s HP=566 热量=0 弹量=0 锁定=否
[server] 致盲开始 match_t=150.0s 持续=12.0s
[server] 阶段=4 剩余=269s HP=539 热量=0 弹量=0 锁定=否
[server] 阶段=4 剩余=264s HP=542 热量=0 弹量=0 锁定=否
[server] 阶段=4 剩余=259s HP=552 热量=0 弹量=0 锁定=否
[server] 致盲结束 match_t=162.0s
[server] 阶段=4 剩余=254s HP=552 热量=0 弹量=0 锁定=否
[server] 阶段=4 剩余=249s HP=575 热量=0 弹量=0 锁定=否
[server] 阶段=4 剩余=244s HP=544 热量=0 弹量=0 锁定=否
[server] 阶段=4 剩余=239s HP=555 热量=0 弹量=0 锁定=否
[server] 阶段=4 剩余=234s HP=600 热量=0 弹量=0 锁定=否
[server] 阶段=4 剩余=229s HP=600 热量=0 弹量=0 锁定=否
[server] 阶段=4 剩余=224s HP=560 热量=0 弹量=0 锁定=是
[server] 阶段=4 剩余=219s HP=554 热量=0 弹量=0 锁定=否
[server] 阶段=4 剩余=214s HP=450 热量=0 弹量=0 锁定=是
[server] 阶段=4 剩余=209s HP=493 热量=0 弹量=0 锁定=否
[server] 阶段=4 剩余=204s HP=566 热量=0 弹量=0 锁定=否
[server] 阶段=4 剩余=199s HP=554 热量=0 弹量=0 锁定=否
[server] 阶段=4 剩余=194s HP=573 热量=0 弹量=0 锁定=否
[server] 阶段=4 剩余=189s HP=543 热量=0 弹量=0 锁定=否
[server] 阶段=4 剩余=184s HP=506 热量=0 弹量=0 锁定=否
[server] 阶段=4 剩余=179s HP=506 热量=0 弹量=0 锁定=否
[server] 阶段=4 剩余=174s HP=498 热量=0 弹量=0 锁定=否
[server] 阶段=4 剩余=169s HP=436 热量=0 弹量=0 锁定=否
[server] 阶段=4 剩余=164s HP=507 热量=0 弹量=0 锁定=否
[server] 阶段=4 剩余=159s HP=572 热量=0 弹量=0 锁定=否
[server] 阶段=4 剩余=154s HP=600 热量=0 弹量=0 锁定=否
[server] 阶段=4 剩余=149s HP=568 热量=0 弹量=0 锁定=否
[server] 阶段=4 剩余=144s HP=526 热量=0 弹量=0 锁定=否
[server] 阶段=4 剩余=139s HP=545 热量=0 弹量=0 锁定=否
[server] 阶段=4 剩余=134s HP=570 热量=0 弹量=0 锁定=否
[server] 阶段=4 剩余=129s HP=598 热量=0 弹量=0 锁定=是
[server] 阶段=4 剩余=124s HP=558 热量=0 弹量=0 锁定=否
[server] 阶段=4 剩余=118s HP=600 热量=0 弹量=0 锁定=否
[server] 阶段=4 剩余=113s HP=574 热量=0 弹量=0 锁定=否
[server] 阶段=4 剩余=108s HP=600 热量=0 弹量=0 锁定=是
[server] 阶段=4 剩余=103s HP=583 热量=0 弹量=0 锁定=否
[server] 阶段=4 剩余=98s HP=600 热量=0 弹量=0 锁定=否
[server] 阶段=4 剩余=93s HP=537 热量=0 弹量=0 锁定=否
[server] 阶段=4 剩余=88s HP=496 热量=0 弹量=0 锁定=是
[server] 阶段=4 剩余=83s HP=587 热量=0 弹量=0 锁定=是
[server] 阶段=4 剩余=78s HP=552 热量=0 弹量=0 锁定=否
[server] 阶段=4 剩余=73s HP=600 热量=0 弹量=0 锁定=否
[server] 阶段=4 剩余=68s HP=592 热量=0 弹量=0 锁定=否
[server] 阶段=4 剩余=63s HP=578 热量=0 弹量=0 锁定=否
[server] 阶段=4 剩余=58s HP=555 热量=0 弹量=0 锁定=是
[server] 阶段=4 剩余=53s HP=573 热量=0 弹量=0 锁定=否
[server] 阶段=4 剩余=48s HP=563 热量=0 弹量=0 锁定=是
[server] 阶段=4 剩余=43s HP=600 热量=0 弹量=0 锁定=否
[server] 阶段=4 剩余=38s HP=541 热量=0 弹量=0 锁定=否
[server] 阶段=4 剩余=33s HP=600 热量=0 弹量=0 锁定=否
[server] 阶段=4 剩余=28s HP=600 热量=0 弹量=0 锁定=是
[server] 阶段=4 剩余=23s HP=513 热量=0 弹量=0 锁定=否
[server] 阶段=4 剩余=18s HP=508 热量=0 弹量=0 锁定=否
[server] 阶段=4 剩余=13s HP=541 热量=0 弹量=0 锁定=否
[server] 阶段=4 剩余=8s HP=385 热量=0 弹量=0 锁定=是
[server] 阶段=4 剩余=3s HP=351 热量=0 弹量=0 锁定=否
[server] 阶段=4 剩余=418s HP=429 热量=0 弹量=0 锁定=是
[server] 阶段=4 剩余=413s HP=409 热量=0 弹量=0 锁定=否
[server] 阶段=4 剩余=408s HP=431 热量=0 弹量=0 锁定=否
[server] 阶段=4 剩余=403s HP=413 热量=0 弹量=0 锁定=是
[server] 阶段=4 剩余=398s HP=526 热量=0 弹量=0 锁定=否
[server] 阶段=4 剩余=393s HP=551 热量=0 弹量=0 锁定=是
[server] 致盲开始 match_t=30.0s 持续=12.0s
[server] 阶段=4 剩余=388s HP=577 热量=0 弹量=0 锁定=否
[server] 阶段=4 剩余=383s HP=550 热量=0 弹量=0 锁定=是
[server] 阶段=4 剩余=378s HP=492 热量=0 弹量=0 锁定=是
[server] 致盲结束 match_t=42.0s
[server] 阶段=4 剩余=373s HP=417 热量=0 弹量=0 锁定=否
[server] 阶段=4 剩余=368s HP=549 热量=0 弹量=0 锁定=否
[server] 阶段=4 剩余=363s HP=600 热量=0 弹量=0 锁定=否
[server] 阶段=4 剩余=358s HP=600 热量=0 弹量=0 锁定=否
[server] 阶段=4 剩余=353s HP=558 热量=0 弹量=0 锁定=是
[server] 阶段=4 剩余=348s HP=600 热量=0 弹量=0 锁定=否
[server] 阶段=4 剩余=343s HP=589 热量=0 弹量=0 锁定=否
[server] 阶段=4 剩余=338s HP=600 热量=0 弹量=0 锁定=否
[server] 阶段=4 剩余=333s HP=587 热量=0 弹量=0 锁定=否
[server] 阶段=4 剩余=328s HP=516 热量=0 弹量=0 锁定=否
[server] 阶段=4 剩余=323s HP=528 热量=0 弹量=0 锁定=否
[server] 阶段=4 剩余=318s HP=526 热量=0 弹量=0 锁定=否
[server] 阶段=4 剩余=313s HP=586 热量=0 弹量=0 锁定=否
[server] 阶段=4 剩余=308s HP=541 热量=0 弹量=0 锁定=是
[server] 阶段=4 剩余=303s HP=563 热量=0 弹量=0 锁定=否
[server] 阶段=4 剩余=298s HP=600 热量=0 弹量=0 锁定=是
[server] 阶段=4 剩余=293s HP=532 热量=0 弹量=0 锁定=否
[server] 阶段=4 剩余=288s HP=462 热量=0 弹量=0 锁定=否
[server] 阶段=4 剩余=283s HP=485 热量=0 弹量=0 锁定=是
[server] 阶段=4 剩余=278s HP=447 热量=0 弹量=0 锁定=是
[server] 阶段=4 剩余=273s HP=485 热量=0 弹量=0 锁定=否
[server] 致盲开始 match_t=150.0s 持续=12.0s
[server] 阶段=4 剩余=268s HP=485 热量=0 弹量=0 锁定=否
[server] 阶段=4 剩余=263s HP=514 热量=0 弹量=0 锁定=否
[server] 阶段=4 剩余=258s HP=562 热量=0 弹量=0 锁定=否
[server] 致盲结束 match_t=162.0s
[server] 阶段=4 剩余=253s HP=574 热量=0 弹量=0 锁定=否
[server] 阶段=4 剩余=248s HP=498 热量=0 弹量=0 锁定=否
[server] 阶段=4 剩余=243s HP=479 热量=0 弹量=0 锁定=否
[server] 阶段=4 剩余=238s HP=530 热量=0 弹量=0 锁定=否
[server] 阶段=4 剩余=233s HP=490 热量=0 弹量=0 锁定=是
[server] 阶段=4 剩余=228s HP=509 热量=0 弹量=0 锁定=否
[server] 阶段=4 剩余=223s HP=600 热量=0 弹量=0 锁定=否
[server] 阶段=4 剩余=218s HP=579 热量=0 弹量=0 锁定=否
[server] 阶段=4 剩余=213s HP=572 热量=0 弹量=0 锁定=否
[server] 阶段=4 剩余=208s HP=542 热量=0 弹量=0 锁定=否
[server] 阶段=4 剩余=203s HP=600 热量=0 弹量=0 锁定=否
[server] 阶段=4 剩余=198s HP=572 热量=0 弹量=0 锁定=否
[server] 阶段=4 剩余=193s HP=600 热量=0 弹量=0 锁定=否
[server] 阶段=4 剩余=188s HP=600 热量=0 弹量=0 锁定=否
[server] 阶段=4 剩余=183s HP=600 热量=0 弹量=0 锁定=否
[server] 阶段=4 剩余=178s HP=545 热量=0 弹量=0 锁定=否
[server] 阶段=4 剩余=173s HP=600 热量=0 弹量=0 锁定=否
[server] 阶段=4 剩余=168s HP=525 热量=0 弹量=0 锁定=否
[server] 阶段=4 剩余=163s HP=546 热量=0 弹量=0 锁定=是
[server] 阶段=4 剩余=158s HP=600 热量=0 弹量=0 锁定=是
[server] 阶段=4 剩余=153s HP=600 热量=0 弹量=0 锁定=否
[server] 阶段=4 剩余=148s HP=578 热量=0 弹量=0 锁定=否
[server] 阶段=4 剩余=143s HP=593 热量=0 弹量=0 锁定=否
[server] 阶段=4 剩余=138s HP=513 热量=0 弹量=0 锁定=否
[server] 阶段=4 剩余=133s HP=473 热量=0 弹量=0 锁定=是
[server] 阶段=4 剩余=128s HP=483 热量=0 弹量=0 锁定=否
[server] 阶段=4 剩余=123s HP=515 热量=0 弹量=0 锁定=否
[server] 阶段=4 剩余=118s HP=521 热量=0 弹量=0 锁定=否
[server] 阶段=4 剩余=113s HP=600 热量=0 弹量=0 锁定=否
[server] 阶段=4 剩余=108s HP=600 热量=0 弹量=0 锁定=否
[server] 阶段=4 剩余=103s HP=600 热量=0 弹量=0 锁定=否
[server] 阶段=4 剩余=98s HP=596 热量=0 弹量=0 锁定=否
[server] 阶段=4 剩余=93s HP=551 热量=0 弹量=0 锁定=否
[server] 阶段=4 剩余=88s HP=539 热量=0 弹量=0 锁定=否
[server] 阶段=4 剩余=83s HP=600 热量=0 弹量=0 锁定=否
[server] 阶段=4 剩余=78s HP=580 热量=0 弹量=0 锁定=否
[server] 阶段=4 剩余=73s HP=600 热量=0 弹量=0 锁定=否
[server] 阶段=4 剩余=68s HP=600 热量=0 弹量=0 锁定=否
[server] 阶段=4 剩余=63s HP=581 热量=0 弹量=0 锁定=否
[server] 阶段=4 剩余=58s HP=600 热量=0 弹量=0 锁定=是
[server] 阶段=4 剩余=53s HP=508 热量=0 弹量=0 锁定=否
[server] 阶段=4 剩余=48s HP=581 热量=0 弹量=0 锁定=是
[server] 阶段=4 剩余=43s HP=600 热量=0 弹量=0 锁定=否
[server] 阶段=4 剩余=38s HP=551 热量=0 弹量=0 锁定=否
[server] 阶段=4 剩余=33s HP=476 热量=0 弹量=0 锁定=是
[server] 阶段=4 剩余=28s HP=471 热量=0 弹量=0 锁定=否
[server] 阶段=4 剩余=23s HP=600 热量=0 弹量=0 锁定=是
[server] 阶段=4 剩余=18s HP=600 热量=0 弹量=0 锁定=否
[server] 阶段=4 剩余=13s HP=600 热量=0 弹量=0 锁定=否
[server] 阶段=4 剩余=8s HP=561 热量=0 弹量=0 锁定=否
[server] 阶段=4 剩余=3s HP=466 热量=0 弹量=0 锁定=否
[server] 阶段=4 剩余=418s HP=405 热量=0 弹量=0 锁定=是
[server] 阶段=4 剩余=413s HP=546 热量=0 弹量=0 锁定=是
[server] 阶段=4 剩余=408s HP=556 热量=0 弹量=0 锁定=否
[server] 阶段=4 剩余=403s HP=556 热量=0 弹量=0 锁定=否
[server] 阶段=4 剩余=398s HP=534 热量=0 弹量=0 锁定=是
[server] 阶段=4 剩余=393s HP=567 热量=0 弹量=0 锁定=否
[server] 致盲开始 match_t=30.0s 持续=12.0s
[server] 阶段=4 剩余=388s HP=572 热量=0 弹量=0 锁定=否
[server] 阶段=4 剩余=383s HP=535 热量=0 弹量=0 锁定=是
[server] 阶段=4 剩余=378s HP=487 热量=0 弹量=0 锁定=是
[server] 致盲结束 match_t=42.0s
[server] 阶段=4 剩余=373s HP=458 热量=0 弹量=0 锁定=是
[server] 阶段=4 剩余=368s HP=568 热量=0 弹量=0 锁定=否
[server] 阶段=4 剩余=363s HP=579 热量=0 弹量=0 锁定=是
[server] 阶段=4 剩余=358s HP=547 热量=0 弹量=0 锁定=否
[server] 阶段=4 剩余=353s HP=521 热量=0 弹量=0 锁定=是
[server] 阶段=4 剩余=348s HP=533 热量=0 弹量=0 锁定=是
[server] 阶段=4 剩余=343s HP=600 热量=0 弹量=0 锁定=否
[server] 阶段=4 剩余=338s HP=553 热量=0 弹量=0 锁定=否
[server] 阶段=4 剩余=333s HP=580 热量=0 弹量=0 锁定=否
[server] 阶段=4 剩余=328s HP=459 热量=0 弹量=0 锁定=是
[server] 阶段=4 剩余=323s HP=544 热量=0 弹量=0 锁定=否
[server] 阶段=4 剩余=318s HP=522 热量=0 弹量=0 锁定=是
[server] 阶段=4 剩余=313s HP=506 热量=0 弹量=0 锁定=否
[server] 阶段=4 剩余=308s HP=565 热量=0 弹量=0 锁定=是
[server] 阶段=4 剩余=303s HP=565 热量=0 弹量=0 锁定=否
[server] 阶段=4 剩余=298s HP=541 热量=0 弹量=0 锁定=否
[server] 阶段=4 剩余=293s HP=474 热量=0 弹量=0 锁定=否
[server] 阶段=4 剩余=288s HP=495 热量=0 弹量=0 锁定=否
[server] 阶段=4 剩余=283s HP=600 热量=0 弹量=0 锁定=是
[server] 阶段=4 剩余=278s HP=600 热量=0 弹量=0 锁定=否
[server] 阶段=4 剩余=273s HP=600 热量=0 弹量=0 锁定=否
[server] 致盲开始 match_t=150.0s 持续=12.0s
[server] 阶段=4 剩余=268s HP=553 热量=0 弹量=0 锁定=是
[server] 阶段=4 剩余=263s HP=583 热量=0 弹量=0 锁定=否
[server] 阶段=4 剩余=257s HP=600 热量=0 弹量=0 锁定=否
[server] 致盲结束 match_t=162.0s
[server] 阶段=4 剩余=252s HP=503 热量=0 弹量=0 锁定=否
[server] 阶段=4 剩余=247s HP=600 热量=0 弹量=0 锁定=是
[server] 阶段=4 剩余=242s HP=587 热量=0 弹量=0 锁定=是
[server] 阶段=4 剩余=237s HP=526 热量=0 弹量=0 锁定=否
[server] 阶段=4 剩余=232s HP=552 热量=0 弹量=0 锁定=是
[server] 阶段=4 剩余=227s HP=483 热量=0 弹量=0 锁定=否
[server] 阶段=4 剩余=222s HP=600 热量=0 弹量=0 锁定=否
[server] 阶段=4 剩余=217s HP=568 热量=0 弹量=0 锁定=是
[server] 阶段=4 剩余=212s HP=600 热量=0 弹量=0 锁定=否
[server] 阶段=4 剩余=207s HP=562 热量=0 弹量=0 锁定=否
[server] 阶段=4 剩余=202s HP=600 热量=0 弹量=0 锁定=否
[server] 阶段=4 剩余=197s HP=584 热量=0 弹量=0 锁定=否
[server] 阶段=4 剩余=192s HP=600 热量=0 弹量=0 锁定=否
[server] 阶段=4 剩余=187s HP=513 热量=0 弹量=0 锁定=是
[server] 阶段=4 剩余=182s HP=481 热量=0 弹量=0 锁定=否
[server] 阶段=4 剩余=177s HP=580 热量=0 弹量=0 锁定=否
[server] 阶段=4 剩余=172s HP=600 热量=0 弹量=0 锁定=否
[server] 阶段=4 剩余=167s HP=600 热量=0 弹量=0 锁定=否
[server] 阶段=4 剩余=162s HP=570 热量=0 弹量=0 锁定=否
[server] 阶段=4 剩余=157s HP=496 热量=0 弹量=0 锁定=否
[server] 阶段=4 剩余=152s HP=490 热量=0 弹量=0 锁定=是
[server] 阶段=4 剩余=147s HP=494 热量=0 弹量=0 锁定=是
[server] 阶段=4 剩余=142s HP=477 热量=0 弹量=0 锁定=否
[server] 阶段=4 剩余=137s HP=453 热量=0 弹量=0 锁定=否
[server] 阶段=4 剩余=132s HP=413 热量=0 弹量=0 锁定=否
[server] 阶段=4 剩余=127s HP=309 热量=0 弹量=0 锁定=是
[server] 阶段=4 剩余=122s HP=303 热量=0 弹量=0 锁定=是
[server] 阶段=4 剩余=117s HP=234 热量=0 弹量=0 锁定=否
[server] 阶段=4 剩余=112s HP=231 热量=0 弹量=0 锁定=是
[server] 阶段=4 剩余=107s HP=311 热量=0 弹量=0 锁定=是
[server] 阶段=4 剩余=102s HP=431 热量=0 弹量=0 锁定=否
[server] 阶段=4 剩余=97s HP=479 热量=0 弹量=0 锁定=否
[server] 阶段=4 剩余=92s HP=524 热量=0 弹量=0 锁定=否
[server] 阶段=4 剩余=87s HP=600 热量=0 弹量=0 锁定=否
[server] 阶段=4 剩余=82s HP=600 热量=0 弹量=0 锁定=否
[server] 阶段=4 剩余=77s HP=600 热量=0 弹量=0 锁定=是
[server] 阶段=4 剩余=72s HP=600 热量=0 弹量=0 锁定=否
[server] 阶段=4 剩余=67s HP=521 热量=0 弹量=0 锁定=否
[server] 阶段=4 剩余=62s HP=545 热量=0 弹量=0 锁定=否
[server] 阶段=4 剩余=57s HP=547 热量=0 弹量=0 锁定=否
[server] 阶段=4 剩余=52s HP=549 热量=0 弹量=0 锁定=是
[server] 阶段=4 剩余=47s HP=494 热量=0 弹量=0 锁定=否
[server] 阶段=4 剩余=42s HP=600 热量=0 弹量=0 锁定=否
[server] 阶段=4 剩余=37s HP=556 热量=0 弹量=0 锁定=否
[server] 阶段=4 剩余=32s HP=600 热量=0 弹量=0 锁定=否
[server] 阶段=4 剩余=27s HP=600 热量=0 弹量=0 锁定=否
[server] 阶段=4 剩余=22s HP=545 热量=0 弹量=0 锁定=否
[server] 阶段=4 剩余=17s HP=551 热量=0 弹量=0 锁定=否
[server] 阶段=4 剩余=12s HP=574 热量=0 弹量=0 锁定=否
[server] 阶段=4 剩余=7s HP=600 热量=0 弹量=0 锁定=否
[server] 阶段=4 剩余=2s HP=600 热量=0 弹量=0 锁定=否
[server] 阶段=4 剩余=417s HP=600 热量=0 弹量=0 锁定=否
[server] 阶段=4 剩余=412s HP=600 热量=0 弹量=0 锁定=否
[server] 阶段=4 剩余=407s HP=588 热量=0 弹量=0 锁定=否
[server] 阶段=4 剩余=402s HP=564 热量=0 弹量=0 锁定=否
[server] 阶段=4 剩余=397s HP=501 热量=0 弹量=0 锁定=否
[server] 阶段=4 剩余=392s HP=478 热量=0 弹量=0 锁定=否
[server] 致盲开始 match_t=30.0s 持续=12.0s
[server] 阶段=4 剩余=387s HP=414 热量=0 弹量=0 锁定=否
[server] 阶段=4 剩余=382s HP=366 热量=0 弹量=0 锁定=否
[server] 致盲结束 match_t=42.0s
[server] 阶段=4 剩余=377s HP=514 热量=0 弹量=0 锁定=否
[server] 阶段=4 剩余=372s HP=600 热量=0 弹量=0 锁定=否
[server] 阶段=4 剩余=367s HP=600 热量=0 弹量=0 锁定=否
[server] 阶段=4 剩余=362s HP=577 热量=0 弹量=0 锁定=否
[server] 阶段=4 剩余=357s HP=571 热量=0 弹量=0 锁定=否
[server] 阶段=4 剩余=352s HP=504 热量=0 弹量=0 锁定=否
[server] 阶段=4 剩余=347s HP=563 热量=0 弹量=0 锁定=否
[server] 阶段=4 剩余=342s HP=583 热量=0 弹量=0 锁定=否
[server] 阶段=4 剩余=337s HP=600 热量=0 弹量=0 锁定=否
[server] 阶段=4 剩余=332s HP=554 热量=0 弹量=0 锁定=否
[server] 阶段=4 剩余=327s HP=600 热量=0 弹量=0 锁定=否
[server] 阶段=4 剩余=322s HP=546 热量=0 弹量=0 锁定=是
[server] 阶段=4 剩余=317s HP=471 热量=0 弹量=0 锁定=否
[server] 阶段=4 剩余=312s HP=591 热量=0 弹量=0 锁定=否
[server] 阶段=4 剩余=307s HP=576 热量=0 弹量=0 锁定=否
[server] 阶段=4 剩余=302s HP=531 热量=0 弹量=0 锁定=否
[server] 阶段=4 剩余=297s HP=527 热量=0 弹量=0 锁定=否
[server] 阶段=4 剩余=292s HP=450 热量=0 弹量=0 锁定=是
[server] 阶段=4 剩余=287s HP=591 热量=0 弹量=0 锁定=否
[server] 阶段=4 剩余=282s HP=600 热量=0 弹量=0 锁定=否
[server] 阶段=4 剩余=277s HP=566 热量=0 弹量=0 锁定=否
[server] 阶段=4 剩余=272s HP=591 热量=0 弹量=0 锁定=否
[server] 致盲开始 match_t=150.0s 持续=12.0s
[server] 阶段=4 剩余=267s HP=516 热量=0 弹量=0 锁定=是
[server] 阶段=4 剩余=262s HP=461 热量=0 弹量=0 锁定=否
[server] 致盲结束 match_t=162.0s
[server] 阶段=4 剩余=257s HP=462 热量=0 弹量=0 锁定=否
[server] 阶段=4 剩余=252s HP=492 热量=0 弹量=0 锁定=否
[server] 阶段=4 剩余=247s HP=481 热量=0 弹量=0 锁定=否
[server] 阶段=4 剩余=242s HP=481 热量=0 弹量=0 锁定=否
[server] 阶段=4 剩余=237s HP=541 热量=0 弹量=0 锁定=否
[server] 阶段=4 剩余=232s HP=475 热量=0 弹量=0 锁定=否
[server] 阶段=4 剩余=227s HP=517 热量=0 弹量=0 锁定=否
[server] 阶段=4 剩余=222s HP=355 热量=0 弹量=0 锁定=否
[server] 阶段=4 剩余=217s HP=335 热量=0 弹量=0 锁定=否
[server] 阶段=4 剩余=212s HP=345 热量=0 弹量=0 锁定=是
[server] 阶段=4 剩余=207s HP=275 热量=0 弹量=0 锁定=否
[server] 阶段=4 剩余=202s HP=349 热量=0 弹量=0 锁定=否
[server] 阶段=4 剩余=197s HP=414 热量=0 弹量=0 锁定=是
[server] 阶段=4 剩余=192s HP=375 热量=0 弹量=0 锁定=否
[server] 阶段=4 剩余=187s HP=309 热量=0 弹量=0 锁定=否
[server] 阶段=4 剩余=182s HP=451 热量=0 弹量=0 锁定=否
[server] 阶段=4 剩余=177s HP=394 热量=0 弹量=0 锁定=否
[server] 阶段=4 剩余=172s HP=342 热量=0 弹量=0 锁定=否
[server] 阶段=4 剩余=167s HP=361 热量=0 弹量=0 锁定=是
[server] 阶段=4 剩余=162s HP=329 热量=0 弹量=0 锁定=是
[server] 阶段=4 剩余=157s HP=403 热量=0 弹量=0 锁定=是
[server] 阶段=4 剩余=152s HP=450 热量=0 弹量=0 锁定=否
[server] 阶段=4 剩余=147s HP=406 热量=0 弹量=0 锁定=否
[server] 阶段=4 剩余=142s HP=406 热量=0 弹量=0 锁定=是
[server] 阶段=4 剩余=137s HP=348 热量=0 弹量=0 锁定=否
[server] 阶段=4 剩余=132s HP=520 热量=0 弹量=0 锁定=否
[server] 阶段=4 剩余=127s HP=550 热量=0 弹量=0 锁定=否
[server] 阶段=4 剩余=122s HP=589 热量=0 弹量=0 锁定=否
[server] 阶段=4 剩余=117s HP=541 热量=0 弹量=0 锁定=是
[server] 阶段=4 剩余=112s HP=570 热量=0 弹量=0 锁定=否
[server] 阶段=4 剩余=107s HP=546 热量=0 弹量=0 锁定=否
[server] 阶段=4 剩余=102s HP=548 热量=0 弹量=0 锁定=是
[server] 阶段=4 剩余=97s HP=585 热量=0 弹量=0 锁定=否
[server] 阶段=4 剩余=92s HP=517 热量=0 弹量=0 锁定=否
[server] 阶段=4 剩余=87s HP=413 热量=0 弹量=0 锁定=否
[server] 阶段=4 剩余=82s HP=399 热量=0 弹量=0 锁定=否
[server] 阶段=4 剩余=77s HP=377 热量=0 弹量=0 锁定=是
[server] 阶段=4 剩余=72s HP=342 热量=0 弹量=0 锁定=否
[server] 阶段=4 剩余=67s HP=354 热量=0 弹量=0 锁定=否
[server] 阶段=4 剩余=62s HP=600 热量=0 弹量=0 锁定=否
[server] 阶段=4 剩余=57s HP=586 热量=0 弹量=0 锁定=是
[server] 阶段=4 剩余=52s HP=525 热量=0 弹量=0 锁定=否
[server] 阶段=4 剩余=47s HP=586 热量=0 弹量=0 锁定=否
[server] 阶段=4 剩余=42s HP=600 热量=0 弹量=0 锁定=否
[server] 阶段=4 剩余=37s HP=600 热量=0 弹量=0 锁定=否
[server] 阶段=4 剩余=32s HP=546 热量=0 弹量=0 锁定=否
[server] 阶段=4 剩余=27s HP=589 热量=0 弹量=0 锁定=否
[server] 阶段=4 剩余=22s HP=483 热量=0 弹量=0 锁定=否
[server] 阶段=4 剩余=17s HP=546 热量=0 弹量=0 锁定=否
[server] 阶段=4 剩余=12s HP=600 热量=0 弹量=0 锁定=是
[server] 阶段=4 剩余=7s HP=595 热量=0 弹量=0 锁定=否
[server] 阶段=4 剩余=2s HP=599 热量=0 弹量=0 锁定=否
[server] 阶段=4 剩余=417s HP=552 热量=0 弹量=0 锁定=否
[server] 阶段=4 剩余=412s HP=499 热量=0 弹量=0 锁定=否
[server] 阶段=4 剩余=407s HP=533 热量=0 弹量=0 锁定=是
[server] 阶段=4 剩余=402s HP=575 热量=0 弹量=0 锁定=否
[server] 阶段=4 剩余=397s HP=516 热量=0 弹量=0 锁定=否
[server] 阶段=4 剩余=392s HP=600 热量=0 弹量=0 锁定=否
[server] 致盲开始 match_t=30.0s 持续=12.0s
[server] 阶段=4 剩余=387s HP=556 热量=0 弹量=0 锁定=否
[server] 阶段=4 剩余=382s HP=516 热量=0 弹量=0 锁定=否
[server] 致盲结束 match_t=42.0s
[server] 阶段=4 剩余=377s HP=576 热量=0 弹量=0 锁定=否
[server] 阶段=4 剩余=372s HP=600 热量=0 弹量=0 锁定=否
[server] 阶段=4 剩余=367s HP=600 热量=0 弹量=0 锁定=否
[server] 阶段=4 剩余=362s HP=600 热量=0 弹量=0 锁定=是
[server] 阶段=4 剩余=357s HP=575 热量=0 弹量=0 锁定=否
[server] 阶段=4 剩余=352s HP=543 热量=0 弹量=0 锁定=否
[server] 阶段=4 剩余=347s HP=501 热量=0 弹量=0 锁定=否
[server] 阶段=4 剩余=342s HP=472 热量=0 弹量=0 锁定=否
[server] 阶段=4 剩余=337s HP=467 热量=0 弹量=0 锁定=否
[server] 阶段=4 剩余=332s HP=469 热量=0 弹量=0 锁定=否
[server] 阶段=4 剩余=327s HP=519 热量=0 弹量=0 锁定=否
[server] 阶段=4 剩余=322s HP=587 热量=0 弹量=0 锁定=否
[server] 阶段=4 剩余=317s HP=536 热量=0 弹量=0 锁定=否
[server] 阶段=4 剩余=312s HP=600 热量=0 弹量=0 锁定=否
[server] 阶段=4 剩余=307s HP=600 热量=0 弹量=0 锁定=是
[server] 阶段=4 剩余=302s HP=508 热量=0 弹量=0 锁定=是
[server] 阶段=4 剩余=297s HP=561 热量=0 弹量=0 锁定=否
[server] 阶段=4 剩余=292s HP=452 热量=0 弹量=0 锁定=否
[server] 阶段=4 剩余=287s HP=559 热量=0 弹量=0 锁定=否
[server] 阶段=4 剩余=282s HP=542 热量=0 弹量=0 锁定=否
[server] 阶段=4 剩余=277s HP=600 热量=0 弹量=0 锁定=否
[server] 阶段=4 剩余=272s HP=542 热量=0 弹量=0 锁定=否
[server] 致盲开始 match_t=150.0s 持续=12.0s
[server] 阶段=4 剩余=267s HP=525 热量=0 弹量=0 锁定=否
[server] 阶段=4 剩余=262s HP=570 热量=0 弹量=0 锁定=是
[server] 致盲结束 match_t=162.0s
[server] 阶段=4 剩余=257s HP=600 热量=0 弹量=0 锁定=否
[server] 阶段=4 剩余=252s HP=565 热量=0 弹量=0 锁定=否
[server] 阶段=4 剩余=247s HP=600 热量=0 弹量=0 锁定=是
[server] 阶段=4 剩余=241s HP=600 热量=0 弹量=0 锁定=是
[server] 阶段=4 剩余=236s HP=600 热量=0 弹量=0 锁定=否
[server] 阶段=4 剩余=231s HP=600 热量=0 弹量=0 锁定=否
[server] 阶段=4 剩余=226s HP=600 热量=0 弹量=0 锁定=否
[server] 阶段=4 剩余=221s HP=560 热量=0 弹量=0 锁定=否
[server] 阶段=4 剩余=216s HP=600 热量=0 弹量=0 锁定=否
[server] 阶段=4 剩余=211s HP=588 热量=0 弹量=0 锁定=否
[server] 阶段=4 剩余=206s HP=600 热量=0 弹量=0 锁定=是
[server] 阶段=4 剩余=201s HP=600 热量=0 弹量=0 锁定=是
[server] 阶段=4 剩余=196s HP=572 热量=0 弹量=0 锁定=是
[server] 阶段=4 剩余=191s HP=427 热量=0 弹量=0 锁定=否
[server] 阶段=4 剩余=186s HP=413 热量=0 弹量=0 锁定=否
[server] 阶段=4 剩余=181s HP=254 热量=0 弹量=0 锁定=否
[server] 阶段=4 剩余=176s HP=304 热量=0 弹量=0 锁定=否
[server] 阶段=4 剩余=171s HP=367 热量=0 弹量=0 锁定=否
[server] 阶段=4 剩余=166s HP=359 热量=0 弹量=0 锁定=否
[server] 阶段=4 剩余=161s HP=480 热量=0 弹量=0 锁定=否
[server] 阶段=4 剩余=156s HP=544 热量=0 弹量=0 锁定=否
[server] 阶段=4 剩余=151s HP=566 热量=0 弹量=0 锁定=否
[server] 阶段=4 剩余=146s HP=535 热量=0 弹量=0 锁定=是
[server] 阶段=4 剩余=141s HP=552 热量=0 弹量=0 锁定=否
[server] 阶段=4 剩余=136s HP=494 热量=0 弹量=0 锁定=否
[server] 阶段=4 剩余=131s HP=600 热量=0 弹量=0 锁定=否
[server] 阶段=4 剩余=126s HP=573 热量=0 弹量=0 锁定=否
[server] 阶段=4 剩余=121s HP=553 热量=0 弹量=0 锁定=是
[server] 阶段=4 剩余=116s HP=562 热量=0 弹量=0 锁定=否
[server] 阶段=4 剩余=111s HP=500 热量=0 弹量=0 锁定=否
[server] 阶段=4 剩余=106s HP=486 热量=0 弹量=0 锁定=否
[server] 阶段=4 剩余=101s HP=538 热量=0 弹量=0 锁定=否
[server] 阶段=4 剩余=96s HP=459 热量=0 弹量=0 锁定=否
[server] 阶段=4 剩余=91s HP=552 热量=0 弹量=0 锁定=否
[server] 阶段=4 剩余=86s HP=535 热量=0 弹量=0 锁定=否
[server] 阶段=4 剩余=81s HP=600 热量=0 弹量=0 锁定=否
[server] 阶段=4 剩余=76s HP=573 热量=0 弹量=0 锁定=否
[server] 阶段=4 剩余=71s HP=594 热量=0 弹量=0 锁定=是
[server] 阶段=4 剩余=66s HP=600 热量=0 弹量=0 锁定=否
[server] 阶段=4 剩余=61s HP=568 热量=0 弹量=0 锁定=否
[server] 阶段=4 剩余=56s HP=600 热量=0 弹量=0 锁定=否
[server] 阶段=4 剩余=51s HP=567 热量=0 弹量=0 锁定=否
[server] 阶段=4 剩余=46s HP=536 热量=0 弹量=0 锁定=否
[server] 阶段=4 剩余=41s HP=441 热量=0 弹量=0 锁定=否
[server] 阶段=4 剩余=36s HP=454 热量=0 弹量=0 锁定=是
[server] 阶段=4 剩余=31s HP=436 热量=0 弹量=0 锁定=是
[server] 阶段=4 剩余=26s HP=433 热量=0 弹量=0 锁定=是
[server] 阶段=4 剩余=21s HP=433 热量=0 弹量=0 锁定=是
[server] 阶段=4 剩余=16s HP=482 热量=0 弹量=0 锁定=是
[server] 阶段=4 剩余=11s HP=524 热量=0 弹量=0 锁定=否
[server] 阶段=4 剩余=6s HP=539 热量=0 弹量=0 锁定=否
[server] 阶段=4 剩余=1s HP=467 热量=0 弹量=0 锁定=否
[server] 阶段=4 剩余=416s HP=594 热量=0 弹量=0 锁定=是
[server] 阶段=4 剩余=411s HP=520 热量=0 弹量=0 锁定=否
[server] 阶段=4 剩余=406s HP=523 热量=0 弹量=0 锁定=否
[server] 阶段=4 剩余=401s HP=600 热量=0 弹量=0 锁定=否
[server] 阶段=4 剩余=396s HP=600 热量=0 弹量=0 锁定=否
[server] 阶段=4 剩余=391s HP=572 热量=0 弹量=0 锁定=否
[server] 致盲开始 match_t=30.0s 持续=12.0s
[server] 阶段=4 剩余=386s HP=569 热量=0 弹量=0 锁定=否
[server] 阶段=4 剩余=381s HP=600 热量=0 弹量=0 锁定=是
[server] 致盲结束 match_t=42.0s
[server] 阶段=4 剩余=376s HP=556 热量=0 弹量=0 锁定=否
[server] 阶段=4 剩余=371s HP=570 热量=0 弹量=0 锁定=否
[server] 阶段=4 剩余=366s HP=504 热量=0 弹量=0 锁定=是
[server] 阶段=4 剩余=361s HP=432 热量=0 弹量=0 锁定=否
[server] 阶段=4 剩余=356s HP=426 热量=0 弹量=0 锁定=是
[server] 阶段=4 剩余=351s HP=435 热量=0 弹量=0 锁定=否
[server] 阶段=4 剩余=346s HP=420 热量=0 弹量=0 锁定=否
[server] 阶段=4 剩余=341s HP=422 热量=0 弹量=0 锁定=否
[server] 阶段=4 剩余=336s HP=351 热量=0 弹量=0 锁定=否
[server] 阶段=4 剩余=331s HP=370 热量=0 弹量=0 锁定=否
[server] 阶段=4 剩余=326s HP=429 热量=0 弹量=0 锁定=否
[server] 阶段=4 剩余=321s HP=600 热量=0 弹量=0 锁定=否
[server] 阶段=4 剩余=316s HP=519 热量=0 弹量=0 锁定=否
[server] 阶段=4 剩余=311s HP=545 热量=0 弹量=0 锁定=否
[server] 阶段=4 剩余=306s HP=550 热量=0 弹量=0 锁定=否
[server] 阶段=4 剩余=301s HP=515 热量=0 弹量=0 锁定=否
[server] 阶段=4 剩余=296s HP=600 热量=0 弹量=0 锁定=是
[server] 阶段=4 剩余=291s HP=522 热量=0 弹量=0 锁定=是
[server] 阶段=4 剩余=286s HP=583 热量=0 弹量=0 锁定=否
[server] 阶段=4 剩余=281s HP=459 热量=0 弹量=0 锁定=否
[server] 阶段=4 剩余=276s HP=519 热量=0 弹量=0 锁定=否
[server] 阶段=4 剩余=271s HP=600 热量=0 弹量=0 锁定=否
[server] 致盲开始 match_t=150.0s 持续=12.0s
[server] 阶段=4 剩余=266s HP=552 热量=0 弹量=0 锁定=是
[server] 阶段=4 剩余=261s HP=499 热量=0 弹量=0 锁定=否
[server] 致盲结束 match_t=162.0s
[server] 阶段=4 剩余=256s HP=435 热量=0 弹量=0 锁定=否
[server] 阶段=4 剩余=251s HP=598 热量=0 弹量=0 锁定=否
[server] 阶段=4 剩余=246s HP=555 热量=0 弹量=0 锁定=否
[server] 阶段=4 剩余=241s HP=474 热量=0 弹量=0 锁定=否
[server] 阶段=4 剩余=236s HP=559 热量=0 弹量=0 锁定=否
[server] 阶段=4 剩余=231s HP=557 热量=0 弹量=0 锁定=否
[server] 阶段=4 剩余=226s HP=593 热量=0 弹量=0 锁定=是
[server] 阶段=4 剩余=221s HP=600 热量=0 弹量=0 锁定=否
[server] 阶段=4 剩余=216s HP=600 热量=0 弹量=0 锁定=是
[server] 阶段=4 剩余=211s HP=567 热量=0 弹量=0 锁定=否
[server] 阶段=4 剩余=206s HP=510 热量=0 弹量=0 锁定=否
[server] 阶段=4 剩余=201s HP=577 热量=0 弹量=0 锁定=否
[server] 阶段=4 剩余=196s HP=600 热量=0 弹量=0 锁定=是
[server] 阶段=4 剩余=191s HP=600 热量=0 弹量=0 锁定=否
[server] 阶段=4 剩余=186s HP=485 热量=0 弹量=0 锁定=是
[server] 阶段=4 剩余=181s HP=545 热量=0 弹量=0 锁定=是
[server] 阶段=4 剩余=176s HP=600 热量=0 弹量=0 锁定=否
[server] 阶段=4 剩余=171s HP=557 热量=0 弹量=0 锁定=否
[server] 阶段=4 剩余=166s HP=565 热量=0 弹量=0 锁定=否
[server] 阶段=4 剩余=161s HP=518 热量=0 弹量=0 锁定=是
[server] 阶段=4 剩余=156s HP=548 热量=0 弹量=0 锁定=否
[server] 阶段=4 剩余=151s HP=501 热量=0 弹量=0 锁定=否
[server] 阶段=4 剩余=146s HP=359 热量=0 弹量=0 锁定=否
[server] 阶段=4 剩余=141s HP=509 热量=0 弹量=0 锁定=是
[server] 阶段=4 剩余=136s HP=420 热量=0 弹量=0 锁定=否
[server] 阶段=4 剩余=131s HP=394 热量=0 弹量=0 锁定=否
[server] 阶段=4 剩余=126s HP=357 热量=0 弹量=0 锁定=否
[server] 阶段=4 剩余=121s HP=289 热量=0 弹量=0 锁定=是
[server] 阶段=4 剩余=116s HP=242 热量=0 弹量=0 锁定=否
[server] 阶段=4 剩余=111s HP=219 热量=0 弹量=0 锁定=否
[server] 阶段=4 剩余=106s HP=294 热量=0 弹量=0 锁定=否
[server] 阶段=4 剩余=101s HP=249 热量=0 弹量=0 锁定=否
[server] 阶段=4 剩余=96s HP=398 热量=0 弹量=0 锁定=否
[server] 阶段=4 剩余=91s HP=560 热量=0 弹量=0 锁定=否
[server] 阶段=4 剩余=86s HP=549 热量=0 弹量=0 锁定=否
[server] 阶段=4 剩余=81s HP=573 热量=0 弹量=0 锁定=是
[server] 阶段=4 剩余=76s HP=573 热量=0 弹量=0 锁定=否
[server] 阶段=4 剩余=71s HP=532 热量=0 弹量=0 锁定=否
[server] 阶段=4 剩余=66s HP=552 热量=0 弹量=0 锁定=否
[server] 阶段=4 剩余=61s HP=600 热量=0 弹量=0 锁定=否
[server] 阶段=4 剩余=56s HP=557 热量=0 弹量=0 锁定=否
[server] 阶段=4 剩余=51s HP=569 热量=0 弹量=0 锁定=否
[server] 阶段=4 剩余=46s HP=600 热量=0 弹量=0 锁定=否
[server] 阶段=4 剩余=41s HP=527 热量=0 弹量=0 锁定=是
[server] 阶段=4 剩余=36s HP=515 热量=0 弹量=0 锁定=否
[server] 阶段=4 剩余=31s HP=600 热量=0 弹量=0 锁定=否
[server] 阶段=4 剩余=26s HP=474 热量=0 弹量=0 锁定=否
[server] 阶段=4 剩余=21s HP=550 热量=0 弹量=0 锁定=否
[server] 阶段=4 剩余=16s HP=541 热量=0 弹量=0 锁定=是
[server] 阶段=4 剩余=11s HP=485 热量=0 弹量=0 锁定=否
[server] 阶段=4 剩余=6s HP=524 热量=0 弹量=0 锁定=否
[server] 阶段=4 剩余=1s HP=499 热量=0 弹量=0 锁定=是
[server] 阶段=4 剩余=416s HP=504 热量=0 弹量=0 锁定=否
[server] 阶段=4 剩余=411s HP=584 热量=0 弹量=0 锁定=是
[server] 阶段=4 剩余=406s HP=518 热量=0 弹量=0 锁定=否
[server] 阶段=4 剩余=401s HP=578 热量=0 弹量=0 锁定=是
[server] 阶段=4 剩余=396s HP=600 热量=0 弹量=0 锁定=否
[server] 阶段=4 剩余=391s HP=600 热量=0 弹量=0 锁定=是
[server] 致盲开始 match_t=30.0s 持续=12.0s
[server] 阶段=4 剩余=386s HP=566 热量=0 弹量=0 锁定=是
[server] 阶段=4 剩余=381s HP=593 热量=0 弹量=0 锁定=否
[server] 致盲结束 match_t=42.0s
[server] 阶段=4 剩余=376s HP=568 热量=0 弹量=0 锁定=否
[server] 阶段=4 剩余=371s HP=527 热量=0 弹量=0 锁定=否
[server] 阶段=4 剩余=366s HP=408 热量=0 弹量=0 锁定=否
[server] 阶段=4 剩余=361s HP=488 热量=0 弹量=0 锁定=否
[server] 阶段=4 剩余=356s HP=508 热量=0 弹量=0 锁定=是
[server] 阶段=4 剩余=351s HP=533 热量=0 弹量=0 锁定=是
[server] 阶段=4 剩余=346s HP=536 热量=0 弹量=0 锁定=否
[server] 阶段=4 剩余=341s HP=532 热量=0 弹量=0 锁定=否
[server] 阶段=4 剩余=336s HP=421 热量=0 弹量=0 锁定=是
[server] 阶段=4 剩余=331s HP=338 热量=0 弹量=0 锁定=是
[server] 阶段=4 剩余=326s HP=458 热量=0 弹量=0 锁定=否
[server] 阶段=4 剩余=321s HP=377 热量=0 弹量=0 锁定=否
[server] 阶段=4 剩余=316s HP=444 热量=0 弹量=0 锁定=否
[server] 阶段=4 剩余=311s HP=436 热量=0 弹量=0 锁定=否
[server] 阶段=4 剩余=306s HP=554 热量=0 弹量=0 锁定=否
[server] 阶段=4 剩余=301s HP=538 热量=0 弹量=0 锁定=否
[server] 阶段=4 剩余=296s HP=493 热量=0 弹量=0 锁定=是
[server] 阶段=4 剩余=291s HP=431 热量=0 弹量=0 锁定=否
[server] 阶段=4 剩余=286s HP=433 热量=0 弹量=0 锁定=否
[server] 阶段=4 剩余=281s HP=471 热量=0 弹量=0 锁定=是
[server] 阶段=4 剩余=276s HP=487 热量=0 弹量=0 锁定=是
[server] 阶段=4 剩余=271s HP=552 热量=0 弹量=0 锁定=否
[server] 致盲开始 match_t=150.0s 持续=12.0s
[server] 阶段=4 剩余=266s HP=564 热量=0 弹量=0 锁定=是
[server] 阶段=4 剩余=261s HP=537 热量=0 弹量=0 锁定=否
[server] 致盲结束 match_t=162.0s
[server] 阶段=4 剩余=256s HP=600 热量=0 弹量=0 锁定=是
[server] 阶段=4 剩余=251s HP=600 热量=0 弹量=0 锁定=是
[server] 阶段=4 剩余=246s HP=531 热量=0 弹量=0 锁定=是
[server] 阶段=4 剩余=241s HP=600 热量=0 弹量=0 锁定=否
[server] 阶段=4 剩余=236s HP=558 热量=0 弹量=0 锁定=是
[server] 阶段=4 剩余=231s HP=576 热量=0 弹量=0 锁定=否
[server] 阶段=4 剩余=226s HP=532 热量=0 弹量=0 锁定=是
[server] 阶段=4 剩余=220s HP=544 热量=0 弹量=0 锁定=否
[server] 阶段=4 剩余=215s HP=582 热量=0 弹量=0 锁定=否
[server] 阶段=4 剩余=210s HP=570 热量=0 弹量=0 锁定=否
[server] 阶段=4 剩余=205s HP=568 热量=0 弹量=0 锁定=否
[server] 阶段=4 剩余=200s HP=504 热量=0 弹量=0 锁定=否
[server] 阶段=4 剩余=195s HP=550 热量=0 弹量=0 锁定=否
[server] 阶段=4 剩余=190s HP=540 热量=0 弹量=0 锁定=否
[server] 阶段=4 剩余=185s HP=512 热量=0 弹量=0 锁定=否
[server] 阶段=4 剩余=180s HP=540 热量=0 弹量=0 锁定=否
[server] 阶段=4 剩余=175s HP=536 热量=0 弹量=0 锁定=否
[server] 阶段=4 剩余=170s HP=600 热量=0 弹量=0 锁定=否
[server] 阶段=4 剩余=165s HP=543 热量=0 弹量=0 锁定=否
[server] 阶段=4 剩余=160s HP=600 热量=0 弹量=0 锁定=是
[server] 阶段=4 剩余=155s HP=600 热量=0 弹量=0 锁定=是
[server] 阶段=4 剩余=150s HP=563 热量=0 弹量=0 锁定=否
[server] 阶段=4 剩余=145s HP=583 热量=0 弹量=0 锁定=否
[server] 阶段=4 剩余=140s HP=594 热量=0 弹量=0 锁定=是
[server] 阶段=4 剩余=135s HP=557 热量=0 弹量=0 锁定=否
[server] 阶段=4 剩余=130s HP=597 热量=0 弹量=0 锁定=否
[server] 阶段=4 剩余=125s HP=571 热量=0 弹量=0 锁定=是
[server] 阶段=4 剩余=120s HP=571 热量=0 弹量=0 锁定=否
[server] 阶段=4 剩余=115s HP=548 热量=0 弹量=0 锁定=是
[server] 阶段=4 剩余=110s HP=570 热量=0 弹量=0 锁定=否
[server] 阶段=4 剩余=105s HP=554 热量=0 弹量=0 锁定=否
[server] 阶段=4 剩余=100s HP=540 热量=0 弹量=0 锁定=否
[server] 阶段=4 剩余=95s HP=600 热量=0 弹量=0 锁定=否
[server] 阶段=4 剩余=90s HP=482 热量=0 弹量=0 锁定=否
[server] 阶段=4 剩余=85s HP=483 热量=0 弹量=0 锁定=否
[server] 阶段=4 剩余=80s HP=600 热量=0 弹量=0 锁定=是
[server] 阶段=4 剩余=75s HP=587 热量=0 弹量=0 锁定=是
[server] 阶段=4 剩余=70s HP=469 热量=0 弹量=0 锁定=否
[server] 阶段=4 剩余=65s HP=459 热量=0 弹量=0 锁定=否
[server] 阶段=4 剩余=60s HP=562 热量=0 弹量=0 锁定=是
[server] 阶段=4 剩余=55s HP=600 热量=0 弹量=0 锁定=否
[server] 阶段=4 剩余=50s HP=537 热量=0 弹量=0 锁定=否
[server] 阶段=4 剩余=45s HP=600 热量=0 弹量=0 锁定=否
[server] 阶段=4 剩余=40s HP=600 热量=0 弹量=0 锁定=否
[server] 阶段=4 剩余=35s HP=512 热量=0 弹量=0 锁定=是
[server] 阶段=4 剩余=30s HP=591 热量=0 弹量=0 锁定=否
[server] 阶段=4 剩余=25s HP=561 热量=0 弹量=0 锁定=否
[server] 阶段=4 剩余=20s HP=595 热量=0 弹量=0 锁定=否
[server] 阶段=4 剩余=15s HP=600 热量=0 弹量=0 锁定=否
[server] 阶段=4 剩余=10s HP=577 热量=0 弹量=0 锁定=否
[server] 阶段=4 剩余=5s HP=555 热量=0 弹量=0 锁定=否
[server] 阶段=4 剩余=0s HP=555 热量=0 弹量=0 锁定=否
[server] 阶段=4 剩余=415s HP=586 热量=0 弹量=0 锁定=是
[server] 阶段=4 剩余=410s HP=578 热量=0 弹量=0 锁定=是
[server] 阶段=4 剩余=405s HP=499 热量=0 弹量=0 锁定=否
[server] 阶段=4 剩余=400s HP=515 热量=0 弹量=0 锁定=否
[server] 阶段=4 剩余=395s HP=575 热量=0 弹量=0 锁定=否
[server] 阶段=4 剩余=390s HP=567 热量=0 弹量=0 锁定=否
[server] 致盲开始 match_t=30.0s 持续=12.0s
[server] 阶段=4 剩余=385s HP=600 热量=0 弹量=0 锁定=否
[server] 阶段=4 剩余=380s HP=600 热量=0 弹量=0 锁定=否
[server] 致盲结束 match_t=42.0s
[server] 阶段=4 剩余=375s HP=558 热量=0 弹量=0 锁定=否
[server] 阶段=4 剩余=370s HP=575 热量=0 弹量=0 锁定=是
[server] 阶段=4 剩余=365s HP=559 热量=0 弹量=0 锁定=否
[server] 阶段=4 剩余=360s HP=497 热量=0 弹量=0 锁定=否
[server] 阶段=4 剩余=355s HP=398 热量=0 弹量=0 锁定=否
[server] 阶段=4 剩余=350s HP=348 热量=0 弹量=0 锁定=是
[server] 阶段=4 剩余=345s HP=429 热量=0 弹量=0 锁定=否
[server] 阶段=4 剩余=340s HP=462 热量=0 弹量=0 锁定=否
[server] 阶段=4 剩余=335s HP=473 热量=0 弹量=0 锁定=否
[server] 阶段=4 剩余=330s HP=384 热量=0 弹量=0 锁定=是
[server] 阶段=4 剩余=325s HP=600 热量=0 弹量=0 锁定=是
[server] 阶段=4 剩余=320s HP=551 热量=0 弹量=0 锁定=是
[server] 阶段=4 剩余=315s HP=517 热量=0 弹量=0 锁定=否
[server] 阶段=4 剩余=310s HP=600 热量=0 弹量=0 锁定=是
[server] 阶段=4 剩余=305s HP=529 热量=0 弹量=0 锁定=是
[server] 阶段=4 剩余=300s HP=499 热量=0 弹量=0 锁定=否
[server] 阶段=4 剩余=295s HP=543 热量=0 弹量=0 锁定=否
[server] 阶段=4 剩余=290s HP=513 热量=0 弹量=0 锁定=否
[server] 阶段=4 剩余=285s HP=600 热量=0 弹量=0 锁定=否
[server] 阶段=4 剩余=280s HP=600 热量=0 弹量=0 锁定=否
[server] 阶段=4 剩余=275s HP=480 热量=0 弹量=0 锁定=否
[server] 阶段=4 剩余=270s HP=519 热量=0 弹量=0 锁定=否
[server] 致盲开始 match_t=150.0s 持续=12.0s
[server] 阶段=4 剩余=265s HP=532 热量=0 弹量=0 锁定=否
[server] 阶段=4 剩余=260s HP=584 热量=0 弹量=0 锁定=否
[server] 致盲结束 match_t=162.0s
[server] 阶段=4 剩余=255s HP=600 热量=0 弹量=0 锁定=否
[server] 阶段=4 剩余=250s HP=600 热量=0 弹量=0 锁定=否
[server] 阶段=4 剩余=245s HP=589 热量=0 弹量=0 锁定=否
[server] 阶段=4 剩余=240s HP=572 热量=0 弹量=0 锁定=否
[server] 阶段=4 剩余=235s HP=560 热量=0 弹量=0 锁定=否
[server] 阶段=4 剩余=230s HP=560 热量=0 弹量=0 锁定=否
[server] 阶段=4 剩余=225s HP=600 热量=0 弹量=0 锁定=否
[server] 阶段=4 剩余=220s HP=524 热量=0 弹量=0 锁定=否
[server] 阶段=4 剩余=215s HP=577 热量=0 弹量=0 锁定=否
[server] 阶段=4 剩余=210s HP=600 热量=0 弹量=0 锁定=否
[server] 阶段=4 剩余=205s HP=587 热量=0 弹量=0 锁定=否
[server] 阶段=4 剩余=200s HP=600 热量=0 弹量=0 锁定=是
[server] 阶段=4 剩余=195s HP=577 热量=0 弹量=0 锁定=否
[server] 阶段=4 剩余=190s HP=574 热量=0 弹量=0 锁定=否
[server] 阶段=4 剩余=185s HP=600 热量=0 弹量=0 锁定=否
[server] 阶段=4 剩余=180s HP=600 热量=0 弹量=0 锁定=否
[server] 阶段=4 剩余=175s HP=583 热量=0 弹量=0 锁定=否
[server] 阶段=4 剩余=170s HP=567 热量=0 弹量=0 锁定=否
[server] 阶段=4 剩余=165s HP=404 热量=0 弹量=0 锁定=否
[server] 阶段=4 剩余=160s HP=317 热量=0 弹量=0 锁定=否
[server] 阶段=4 剩余=155s HP=411 热量=0 弹量=0 锁定=否
[server] 阶段=4 剩余=150s HP=429 热量=0 弹量=0 锁定=否
[server] 阶段=4 剩余=145s HP=432 热量=0 弹量=0 锁定=是
[server] 阶段=4 剩余=140s HP=557 热量=0 弹量=0 锁定=否
[server] 阶段=4 剩余=135s HP=530 热量=0 弹量=0 锁定=否
[server] 阶段=4 剩余=130s HP=513 热量=0 弹量=0 锁定=否
[server] 阶段=4 剩余=125s HP=528 热量=0 弹量=0 锁定=否
[server] 阶段=4 剩余=120s HP=589 热量=0 弹量=0 锁定=否
[server] 阶段=4 剩余=115s HP=585 热量=0 弹量=0 锁定=否
[server] 阶段=4 剩余=110s HP=515 热量=0 弹量=0 锁定=否
[server] 阶段=4 剩余=105s HP=460 热量=0 弹量=0 锁定=否
[server] 阶段=4 剩余=100s HP=460 热量=0 弹量=0 锁定=否
[server] 阶段=4 剩余=95s HP=557 热量=0 弹量=0 锁定=否
[server] 阶段=4 剩余=90s HP=538 热量=0 弹量=0 锁定=否
[server] 阶段=4 剩余=85s HP=568 热量=0 弹量=0 锁定=否
[server] 阶段=4 剩余=80s HP=532 热量=0 弹量=0 锁定=否
[server] 阶段=4 剩余=75s HP=573 热量=0 弹量=0 锁定=是
[server] 阶段=4 剩余=70s HP=573 热量=0 弹量=0 锁定=是
[server] 阶段=4 剩余=65s HP=581 热量=0 弹量=0 锁定=否
[server] 阶段=4 剩余=60s HP=600 热量=0 弹量=0 锁定=否
[server] 阶段=4 剩余=55s HP=574 热量=0 弹量=0 锁定=否
[server] 阶段=4 剩余=50s HP=528 热量=0 弹量=0 锁定=是
[server] 阶段=4 剩余=45s HP=600 热量=0 弹量=0 锁定=否
[server] 阶段=4 剩余=40s HP=555 热量=0 弹量=0 锁定=否
[server] 阶段=4 剩余=35s HP=489 热量=0 弹量=0 锁定=否
[server] 阶段=4 剩余=30s HP=567 热量=0 弹量=0 锁定=否
[server] 阶段=4 剩余=25s HP=552 热量=0 弹量=0 锁定=否
[server] 阶段=4 剩余=20s HP=447 热量=0 弹量=0 锁定=否
[server] 阶段=4 剩余=15s HP=401 热量=0 弹量=0 锁定=否
[server] 阶段=4 剩余=10s HP=441 热量=0 弹量=0 锁定=否
[server] 阶段=4 剩余=5s HP=449 热量=0 弹量=0 锁定=否
[server] 阶段=4 剩余=0s HP=449 热量=0 弹量=0 锁定=否
[server] 阶段=4 剩余=415s HP=516 热量=0 弹量=0 锁定=是
[server] 阶段=4 剩余=410s HP=462 热量=0 弹量=0 锁定=否
[server] 阶段=4 剩余=405s HP=600 热量=0 弹量=0 锁定=否
[server] 阶段=4 剩余=400s HP=600 热量=0 弹量=0 锁定=否
[server] 阶段=4 剩余=395s HP=600 热量=0 弹量=0 锁定=否
[server] 阶段=4 剩余=390s HP=600 热量=0 弹量=0 锁定=否
[server] 致盲开始 match_t=30.0s 持续=12.0s
[server] 阶段=4 剩余=385s HP=576 热量=0 弹量=0 锁定=否
[server] 阶段=4 剩余=380s HP=586 热量=0 弹量=0 锁定=否
[server] 致盲结束 match_t=42.0s
[server] 阶段=4 剩余=375s HP=600 热量=0 弹量=0 锁定=是
[server] 阶段=4 剩余=370s HP=577 热量=0 弹量=0 锁定=是
[server] 阶段=4 剩余=365s HP=600 热量=0 弹量=0 锁定=否
[server] 阶段=4 剩余=360s HP=583 热量=0 弹量=0 锁定=是
[server] 阶段=4 剩余=355s HP=600 热量=0 弹量=0 锁定=否
[server] 阶段=4 剩余=350s HP=599 热量=0 弹量=0 锁定=否
[server] 阶段=4 剩余=345s HP=475 热量=0 弹量=0 锁定=否
[server] 阶段=4 剩余=340s HP=377 热量=0 弹量=0 锁定=否
[server] 阶段=4 剩余=335s HP=354 热量=0 弹量=0 锁定=是
[server] 阶段=4 剩余=330s HP=392 热量=0 弹量=0 锁定=否
[server] 阶段=4 剩余=325s HP=386 热量=0 弹量=0 锁定=否
[server] 阶段=4 剩余=320s HP=352 热量=0 弹量=0 锁定=否
[server] 阶段=4 剩余=315s HP=284 热量=0 弹量=0 锁定=否
[server] 阶段=4 剩余=310s HP=401 热量=0 弹量=0 锁定=否
[server] 阶段=4 剩余=305s HP=323 热量=0 弹量=0 锁定=否
[server] 阶段=4 剩余=300s HP=422 热量=0 弹量=0 锁定=否
[server] 阶段=4 剩余=295s HP=367 热量=0 弹量=0 锁定=否
[server] 阶段=4 剩余=290s HP=371 热量=0 弹量=0 锁定=是
[server] 阶段=4 剩余=285s HP=431 热量=0 弹量=0 锁定=否
[server] 阶段=4 剩余=280s HP=412 热量=0 弹量=0 锁定=否
[server] 阶段=4 剩余=275s HP=345 热量=0 弹量=0 锁定=否
[server] 阶段=4 剩余=270s HP=348 热量=0 弹量=0 锁定=否
[server] 致盲开始 match_t=150.0s 持续=12.0s
[server] 阶段=4 剩余=265s HP=288 热量=0 弹量=0 锁定=否
[server] 阶段=4 剩余=260s HP=236 热量=0 弹量=0 锁定=是
[server] 致盲结束 match_t=162.0s
[server] 阶段=4 剩余=255s HP=259 热量=0 弹量=0 锁定=否
[server] 阶段=4 剩余=249s HP=180 热量=0 弹量=0 锁定=是
[server] 阶段=4 剩余=244s HP=55 热量=0 弹量=0 锁定=否
[server] 阶段=4 剩余=239s HP=69 热量=0 弹量=0 锁定=否
[server] 阶段=4 剩余=234s HP=94 热量=0 弹量=0 锁定=是
[server] 阶段=4 剩余=229s HP=75 热量=0 弹量=0 锁定=否
[server] 阶段=4 剩余=224s HP=3 热量=0 弹量=0 锁定=否
[server] 阶段=4 剩余=219s HP=0 热量=0 弹量=0 锁定=否
[server] 阶段=4 剩余=214s HP=600 热量=0 弹量=98 锁定=否
[server] 阶段=4 剩余=209s HP=548 热量=0 弹量=95 锁定=是
[server] 阶段=4 剩余=204s HP=439 热量=0 弹量=93 锁定=否
[server] 阶段=4 剩余=199s HP=428 热量=0 弹量=88 锁定=是
[server] 阶段=4 剩余=194s HP=395 热量=0 弹量=88 锁定=否
[server] 阶段=4 剩余=189s HP=315 热量=0 弹量=84 锁定=否
[server] 阶段=4 剩余=184s HP=328 热量=0 弹量=84 锁定=否
[server] 阶段=4 剩余=179s HP=347 热量=0 弹量=79 锁定=是
[server] 阶段=4 剩余=174s HP=363 热量=0 弹量=78 锁定=否
[server] 阶段=4 剩余=169s HP=426 热量=0 弹量=78 锁定=否
[server] 阶段=4 剩余=164s HP=426 热量=0 弹量=78 锁定=否
[server] 阶段=4 剩余=159s HP=418 热量=0 弹量=78 锁定=否
[server] 阶段=4 剩余=154s HP=352 热量=0 弹量=77 锁定=否
[server] 阶段=4 剩余=149s HP=413 热量=0 弹量=70 锁定=否
[server] 阶段=4 剩余=144s HP=391 热量=0 弹量=65 锁定=否
[server] 阶段=4 剩余=139s HP=299 热量=0 弹量=62 锁定=否
[server] 阶段=4 剩余=134s HP=285 热量=0 弹量=62 锁定=否
[server] 阶段=4 剩余=129s HP=188 热量=0 弹量=62 锁定=否
[server] 阶段=4 剩余=124s HP=279 热量=0 弹量=59 锁定=否
[server] 阶段=4 剩余=119s HP=180 热量=6 弹量=56 锁定=是
[server] 阶段=4 剩余=114s HP=225 热量=0 弹量=56 锁定=否
[server] 阶段=4 剩余=109s HP=261 热量=0 弹量=54 锁定=是
[server] 阶段=4 剩余=104s HP=371 热量=0 弹量=47 锁定=否
[server] 阶段=4 剩余=99s HP=315 热量=0 弹量=41 锁定=是
[server] 阶段=4 剩余=94s HP=522 热量=0 弹量=36 锁定=否
[server] 阶段=4 剩余=89s HP=480 热量=0 弹量=32 锁定=否
[server] 阶段=4 剩余=84s HP=600 热量=0 弹量=32 锁定=否
[server] 阶段=4 剩余=79s HP=558 热量=0 弹量=30 锁定=是
[server] 阶段=4 剩余=74s HP=600 热量=0 弹量=30 锁定=否
[server] 阶段=4 剩余=69s HP=600 热量=0 弹量=30 锁定=是
[server] 阶段=4 剩余=64s HP=565 热量=0 弹量=17 锁定=是
[server] 阶段=4 剩余=59s HP=600 热量=0 弹量=10 锁定=否
[server] 阶段=4 剩余=54s HP=430 热量=0 弹量=9 锁定=否
[server] 阶段=4 剩余=49s HP=500 热量=0 弹量=6 锁定=否
[server] 阶段=4 剩余=44s HP=335 热量=0 弹量=5 锁定=是
[server] 阶段=4 剩余=39s HP=320 热量=0 弹量=5 锁定=否
[server] 阶段=4 剩余=34s HP=300 热量=0 弹量=5 锁定=否
[server] 阶段=4 剩余=29s HP=259 热量=0 弹量=0 锁定=否
[server] 阶段=4 剩余=24s HP=241 热量=0 弹量=0 锁定=否
[server] 阶段=4 剩余=19s HP=186 热量=0 弹量=0 锁定=否
[server] 阶段=4 剩余=14s HP=169 热量=0 弹量=0 锁定=否
[server] 阶段=4 剩余=9s HP=174 热量=0 弹量=0 锁定=否
[server] 阶段=4 剩余=4s HP=294 热量=0 弹量=0 锁定=否
[server] 阶段=4 剩余=419s HP=327 热量=0 弹量=0 锁定=否
[server] 阶段=4 剩余=414s HP=331 热量=0 弹量=0 锁定=否
[server] 阶段=4 剩余=409s HP=352 热量=0 弹量=0 锁定=否
[server] 阶段=4 剩余=404s HP=600 热量=0 弹量=0 锁定=否
[server] 阶段=4 剩余=399s HP=547 热量=0 弹量=0 锁定=否
[server] 阶段=4 剩余=394s HP=600 热量=0 弹量=0 锁定=否
[server] 致盲开始 match_t=30.0s 持续=12.0s
[server] 阶段=4 剩余=389s HP=562 热量=0 弹量=0 锁定=否
[server] 阶段=4 剩余=384s HP=504 热量=0 弹量=0 锁定=否
[server] 阶段=4 剩余=379s HP=557 热量=0 弹量=0 锁定=否
[server] 致盲结束 match_t=42.0s
[server] 阶段=4 剩余=374s HP=510 热量=0 弹量=0 锁定=否
[server] 阶段=4 剩余=369s HP=518 热量=0 弹量=0 锁定=否
[server] 阶段=4 剩余=364s HP=495 热量=0 弹量=0 锁定=否
[server] 阶段=4 剩余=359s HP=489 热量=0 弹量=0 锁定=否
[server] 阶段=4 剩余=354s HP=374 热量=0 弹量=0 锁定=否
[server] 阶段=4 剩余=349s HP=263 热量=0 弹量=0 锁定=否
[server] 阶段=4 剩余=344s HP=383 热量=0 弹量=0 锁定=否
[server] 阶段=4 剩余=339s HP=462 热量=0 弹量=0 锁定=否
[server] 阶段=4 剩余=334s HP=592 热量=0 弹量=0 锁定=否
[server] 阶段=4 剩余=329s HP=600 热量=0 弹量=0 锁定=是
[server] 阶段=4 剩余=324s HP=538 热量=0 弹量=0 锁定=否
[server] 阶段=4 剩余=319s HP=600 热量=0 弹量=0 锁定=否
[server] 阶段=4 剩余=314s HP=600 热量=0 弹量=0 锁定=是
[server] 阶段=4 剩余=309s HP=551 热量=0 弹量=0 锁定=是
[server] 阶段=4 剩余=304s HP=538 热量=0 弹量=0 锁定=否
[server] 阶段=4 剩余=299s HP=600 热量=0 弹量=0 锁定=否
[server] 阶段=4 剩余=294s HP=600 热量=0 弹量=0 锁定=否
[server] 阶段=4 剩余=289s HP=560 热量=0 弹量=0 锁定=否
[server] 阶段=4 剩余=284s HP=503 热量=0 弹量=0 锁定=是
[server] 阶段=4 剩余=279s HP=574 热量=0 弹量=0 锁定=否
[server] 阶段=4 剩余=274s HP=545 热量=0 弹量=0 锁定=是
[server] 致盲开始 match_t=150.0s 持续=12.0s
[server] 阶段=4 剩余=269s HP=563 热量=0 弹量=0 锁定=否
[server] 阶段=4 剩余=264s HP=499 热量=0 弹量=0 锁定=否
[server] 阶段=4 剩余=259s HP=484 热量=0 弹量=0 锁定=否
[server] 致盲结束 match_t=162.0s
[server] 阶段=4 剩余=254s HP=439 热量=0 弹量=0 锁定=否
[server] 阶段=4 剩余=249s HP=480 热量=0 弹量=0 锁定=否
[server] 阶段=4 剩余=244s HP=446 热量=0 弹量=0 锁定=否
[server] 阶段=4 剩余=239s HP=360 热量=0 弹量=0 锁定=否
[server] 阶段=4 剩余=234s HP=323 热量=0 弹量=0 锁定=是
[server] 阶段=4 剩余=229s HP=343 热量=0 弹量=0 锁定=否
[server] 阶段=4 剩余=224s HP=387 热量=0 弹量=0 锁定=否
[server] 阶段=4 剩余=219s HP=462 热量=0 弹量=0 锁定=否
[server] 阶段=4 剩余=214s HP=549 热量=0 弹量=0 锁定=否
[server] 阶段=4 剩余=209s HP=536 热量=0 弹量=0 锁定=否
[server] 阶段=4 剩余=204s HP=565 热量=0 弹量=0 锁定=否
[server] 阶段=4 剩余=199s HP=529 热量=0 弹量=0 锁定=是
[server] 阶段=4 剩余=194s HP=551 热量=0 弹量=0 锁定=否
[server] 阶段=4 剩余=189s HP=600 热量=0 弹量=0 锁定=否
[server] 阶段=4 剩余=184s HP=600 热量=0 弹量=0 锁定=否
[server] 阶段=4 剩余=179s HP=600 热量=0 弹量=0 锁定=是
[server] 阶段=4 剩余=174s HP=600 热量=0 弹量=0 锁定=否
[server] 阶段=4 剩余=169s HP=600 热量=0 弹量=0 锁定=是
[server] 阶段=4 剩余=164s HP=580 热量=0 弹量=0 锁定=否
[server] 阶段=4 剩余=159s HP=600 热量=0 弹量=0 锁定=是
[server] 阶段=4 剩余=154s HP=514 热量=0 弹量=0 锁定=否
[server] 阶段=4 剩余=149s HP=475 热量=0 弹量=0 锁定=否
[server] 阶段=4 剩余=144s HP=535 热量=0 弹量=0 锁定=否
[server] 阶段=4 剩余=139s HP=600 热量=0 弹量=0 锁定=否
[server] 阶段=4 剩余=134s HP=557 热量=0 弹量=0 锁定=否
[server] 阶段=4 剩余=129s HP=551 热量=0 弹量=0 锁定=否
[server] 阶段=4 剩余=124s HP=562 热量=0 弹量=0 锁定=否
[server] 阶段=4 剩余=119s HP=600 热量=0 弹量=0 锁定=否
[server] 阶段=4 剩余=114s HP=536 热量=0 弹量=0 锁定=否
[server] 阶段=4 剩余=109s HP=551 热量=0 弹量=0 锁定=否
[server] 阶段=4 剩余=104s HP=595 热量=0 弹量=0 锁定=否
[server] 阶段=4 剩余=99s HP=508 热量=0 弹量=0 锁定=是
[server] 阶段=4 剩余=94s HP=574 热量=0 弹量=0 锁定=否
[server] 阶段=4 剩余=89s HP=540 热量=0 弹量=0 锁定=否
[server] 阶段=4 剩余=84s HP=494 热量=0 弹量=0 锁定=是
[server] 阶段=4 剩余=79s HP=518 热量=0 弹量=0 锁定=是
[server] 阶段=4 剩余=74s HP=577 热量=0 弹量=0 锁定=否
[server] 阶段=4 剩余=69s HP=551 热量=0 弹量=0 锁定=否
[server] 阶段=4 剩余=64s HP=504 热量=0 弹量=0 锁定=是
[server] 阶段=4 剩余=59s HP=443 热量=0 弹量=0 锁定=否
[server] 阶段=4 剩余=54s HP=422 热量=0 弹量=0 锁定=否
[server] 阶段=4 剩余=49s HP=392 热量=0 弹量=0 锁定=否
[server] 阶段=4 剩余=44s HP=482 热量=0 弹量=0 锁定=是
[server] 阶段=4 剩余=39s HP=532 热量=0 弹量=0 锁定=否
[server] 阶段=4 剩余=34s HP=597 热量=0 弹量=0 锁定=是
[server] 阶段=4 剩余=29s HP=580 热量=0 弹量=0 锁定=否
[server] 阶段=4 剩余=24s HP=600 热量=0 弹量=0 锁定=否
[server] 阶段=4 剩余=19s HP=582 热量=0 弹量=0 锁定=否
[server] 阶段=4 剩余=14s HP=490 热量=0 弹量=0 锁定=否
[server] 阶段=4 剩余=9s HP=578 热量=0 弹量=0 锁定=否
[server] 阶段=4 剩余=4s HP=593 热量=0 弹量=0 锁定=是
[server] 阶段=4 剩余=419s HP=559 热量=0 弹量=0 锁定=否
[server] 阶段=4 剩余=414s HP=499 热量=0 弹量=0 锁定=否
[server] 阶段=4 剩余=409s HP=550 热量=0 弹量=0 锁定=否
[server] 阶段=4 剩余=404s HP=482 热量=0 弹量=0 锁定=否
[server] 阶段=4 剩余=399s HP=405 热量=0 弹量=0 锁定=否
[server] 阶段=4 剩余=394s HP=447 热量=0 弹量=0 锁定=否
[server] 致盲开始 match_t=30.0s 持续=12.0s
[server] 阶段=4 剩余=389s HP=390 热量=0 弹量=0 锁定=是
[server] 阶段=4 剩余=384s HP=413 热量=0 弹量=0 锁定=否
[server] 阶段=4 剩余=379s HP=455 热量=0 弹量=0 锁定=否
[server] 致盲结束 match_t=42.0s
[server] 阶段=4 剩余=374s HP=483 热量=0 弹量=0 锁定=否
[server] 阶段=4 剩余=369s HP=574 热量=0 弹量=0 锁定=否
[server] 阶段=4 剩余=364s HP=579 热量=0 弹量=0 锁定=否
[server] 阶段=4 剩余=359s HP=581 热量=0 弹量=0 锁定=否
[server] 阶段=4 剩余=354s HP=532 热量=0 弹量=0 锁定=否
[server] 阶段=4 剩余=349s HP=600 热量=0 弹量=0 锁定=否
[server] 阶段=4 剩余=344s HP=494 热量=0 弹量=0 锁定=否
[server] 阶段=4 剩余=339s HP=414 热量=0 弹量=0 锁定=否
[server] 阶段=4 剩余=334s HP=530 热量=0 弹量=0 锁定=否
[server] 阶段=4 剩余=329s HP=444 热量=0 弹量=0 锁定=否
[server] 阶段=4 剩余=324s HP=457 热量=0 弹量=0 锁定=否
[server] 阶段=4 剩余=319s HP=600 热量=0 弹量=0 锁定=否
[server] 阶段=4 剩余=314s HP=563 热量=0 弹量=0 锁定=否
[server] 阶段=4 剩余=309s HP=558 热量=0 弹量=0 锁定=是
[server] 阶段=4 剩余=304s HP=600 热量=0 弹量=0 锁定=否
[server] 阶段=4 剩余=299s HP=512 热量=0 弹量=0 锁定=否
[server] 阶段=4 剩余=294s HP=366 热量=0 弹量=0 锁定=否
[server] 阶段=4 剩余=289s HP=562 热量=0 弹量=0 锁定=否
[server] 阶段=4 剩余=284s HP=501 热量=0 弹量=0 锁定=否
[server] 阶段=4 剩余=279s HP=403 热量=0 弹量=0 锁定=否
[server] 阶段=4 剩余=274s HP=504 热量=0 弹量=0 锁定=否
[server] 致盲开始 match_t=150.0s 持续=12.0s
[server] 阶段=4 剩余=269s HP=550 热量=0 弹量=0 锁定=否
[server] 阶段=4 剩余=264s HP=536 热量=0 弹量=0 锁定=否
[server] 阶段=4 剩余=259s HP=566 热量=0 弹量=0 锁定=否
[server] 致盲结束 match_t=162.0s
[server] 阶段=4 剩余=254s HP=600 热量=0 弹量=0 锁定=否
[server] 阶段=4 剩余=249s HP=516 热量=0 弹量=0 锁定=否
[server] 阶段=4 剩余=244s HP=483 热量=0 弹量=0 锁定=否
[server] 阶段=4 剩余=239s HP=600 热量=0 弹量=0 锁定=是
[server] 阶段=4 剩余=234s HP=559 热量=0 弹量=0 锁定=是
[server] 阶段=4 剩余=229s HP=561 热量=0 弹量=0 锁定=否
[server] 阶段=4 剩余=224s HP=509 热量=0 弹量=0 锁定=否
[server] 阶段=4 剩余=219s HP=568 热量=0 弹量=0 锁定=否
[server] 阶段=4 剩余=214s HP=600 热量=0 弹量=0 锁定=否
[server] 阶段=4 剩余=209s HP=552 热量=0 弹量=0 锁定=否
[server] 阶段=4 剩余=204s HP=600 热量=0 弹量=0 锁定=是
[server] 阶段=4 剩余=199s HP=564 热量=0 弹量=0 锁定=是
[server] 阶段=4 剩余=194s HP=556 热量=0 弹量=0 锁定=否
[server] 阶段=4 剩余=189s HP=600 热量=0 弹量=0 锁定=否
[server] 阶段=4 剩余=184s HP=600 热量=0 弹量=0 锁定=否
[server] 阶段=4 剩余=179s HP=600 热量=0 弹量=0 锁定=否
[server] 阶段=4 剩余=174s HP=600 热量=0 弹量=0 锁定=否
[server] 阶段=4 剩余=169s HP=547 热量=0 弹量=0 锁定=否
[server] 阶段=4 剩余=164s HP=488 热量=0 弹量=0 锁定=否
[server] 阶段=4 剩余=159s HP=483 热量=0 弹量=0 锁定=是
[server] 阶段=4 剩余=154s HP=447 热量=0 弹量=0 锁定=否
[server] 阶段=4 剩余=149s HP=449 热量=0 弹量=0 锁定=是
[server] 阶段=4 剩余=144s HP=389 热量=0 弹量=0 锁定=是
[server] 阶段=4 剩余=139s HP=536 热量=0 弹量=0 锁定=是
[server] 阶段=4 剩余=134s HP=570 热量=0 弹量=0 锁定=否
[server] 阶段=4 剩余=129s HP=562 热量=0 弹量=0 锁定=否
[server] 阶段=4 剩余=124s HP=562 热量=0 弹量=0 锁定=否
[server] 阶段=4 剩余=119s HP=538 热量=0 弹量=0 锁定=否
[server] 阶段=4 剩余=114s HP=581 热量=0 弹量=0 锁定=否
[server] 阶段=4 剩余=109s HP=523 热量=0 弹量=0 锁定=否
[server] 阶段=4 剩余=104s HP=536 热量=0 弹量=0 锁定=否
[server] 阶段=4 剩余=99s HP=596 热量=0 弹量=0 锁定=否
[server] 阶段=4 剩余=94s HP=600 热量=0 弹量=0 锁定=否
[server] 阶段=4 剩余=89s HP=540 热量=0 弹量=0 锁定=否
[server] 阶段=4 剩余=83s HP=526 热量=0 弹量=0 锁定=否
[server] 阶段=4 剩余=78s HP=561 热量=0 弹量=0 锁定=否
[server] 阶段=4 剩余=73s HP=600 热量=0 弹量=0 锁定=否
[server] 阶段=4 剩余=68s HP=571 热量=0 弹量=0 锁定=否
[server] 阶段=4 剩余=63s HP=553 热量=0 弹量=0 锁定=否
[server] 阶段=4 剩余=58s HP=594 热量=0 弹量=0 锁定=否
[server] 阶段=4 剩余=53s HP=586 热量=0 弹量=0 锁定=否
[server] 阶段=4 剩余=48s HP=589 热量=0 弹量=0 锁定=否
[server] 阶段=4 剩余=43s HP=532 热量=0 弹量=0 锁定=是
[server] 阶段=4 剩余=38s HP=480 热量=0 弹量=0 锁定=否
[server] 阶段=4 剩余=33s HP=574 热量=0 弹量=0 锁定=是
[server] 阶段=4 剩余=28s HP=600 热量=0 弹量=0 锁定=否
[server] 阶段=4 剩余=23s HP=565 热量=0 弹量=0 锁定=是
[server] 阶段=4 剩余=18s HP=598 热量=0 弹量=0 锁定=否
[server] 阶段=4 剩余=13s HP=600 热量=0 弹量=0 锁定=否
[server] 阶段=4 剩余=8s HP=600 热量=0 弹量=0 锁定=否
[server] 阶段=4 剩余=3s HP=600 热量=0 弹量=0 锁定=否
[server] 阶段=4 剩余=418s HP=600 热量=0 弹量=0 锁定=否
[server] 阶段=4 剩余=413s HP=600 热量=0 弹量=0 锁定=否
[server] 阶段=4 剩余=408s HP=556 热量=0 弹量=0 锁定=否
[server] 阶段=4 剩余=403s HP=600 热量=0 弹量=0 锁定=否
[server] 阶段=4 剩余=398s HP=573 热量=0 弹量=0 锁定=否
[server] 阶段=4 剩余=393s HP=576 热量=0 弹量=0 锁定=否
[server] 致盲开始 match_t=30.0s 持续=12.0s
[server] 阶段=4 剩余=388s HP=543 热量=0 弹量=0 锁定=否
[server] 阶段=4 剩余=383s HP=444 热量=0 弹量=0 锁定=否
[server] 阶段=4 剩余=378s HP=413 热量=0 弹量=0 锁定=否
[server] 致盲结束 match_t=42.0s
[server] 阶段=4 剩余=373s HP=533 热量=0 弹量=0 锁定=否
[server] 阶段=4 剩余=368s HP=562 热量=0 弹量=0 锁定=否
[server] 阶段=4 剩余=363s HP=581 热量=0 弹量=0 锁定=是
[server] 阶段=4 剩余=358s HP=592 热量=0 弹量=0 锁定=否
[server] 阶段=4 剩余=353s HP=600 热量=0 弹量=0 锁定=否
[server] 阶段=4 剩余=348s HP=574 热量=0 弹量=0 锁定=否
[server] 阶段=4 剩余=343s HP=475 热量=0 弹量=0 锁定=否
[server] 阶段=4 剩余=338s HP=445 热量=0 弹量=0 锁定=否
[server] 阶段=4 剩余=333s HP=576 热量=0 弹量=0 锁定=否
[server] 阶段=4 剩余=328s HP=533 热量=0 弹量=0 锁定=否
[server] 阶段=4 剩余=323s HP=556 热量=0 弹量=0 锁定=否
[server] 阶段=4 剩余=318s HP=539 热量=0 弹量=0 锁定=否
[server] 阶段=4 剩余=313s HP=508 热量=0 弹量=0 锁定=否
[server] 阶段=4 剩余=308s HP=531 热量=0 弹量=0 锁定=否
[server] 阶段=4 剩余=303s HP=600 热量=0 弹量=0 锁定=否
[server] 阶段=4 剩余=298s HP=600 热量=0 弹量=0 锁定=否
[server] 阶段=4 剩余=293s HP=568 热量=0 弹量=0 锁定=否
[server] 阶段=4 剩余=288s HP=566 热量=0 弹量=0 锁定=是
[server] 阶段=4 剩余=283s HP=567 热量=0 弹量=0 锁定=是
[server] 阶段=4 剩余=278s HP=547 热量=0 弹量=0 锁定=否
[server] 阶段=4 剩余=273s HP=440 热量=0 弹量=0 锁定=否
[server] 致盲开始 match_t=150.0s 持续=12.0s
[server] 阶段=4 剩余=268s HP=530 热量=0 弹量=0 锁定=是
[server] 阶段=4 剩余=263s HP=558 热量=0 弹量=0 锁定=否
[server] 阶段=4 剩余=258s HP=586 热量=0 弹量=0 锁定=否
[server] 致盲结束 match_t=162.0s
[server] 阶段=4 剩余=253s HP=514 热量=0 弹量=0 锁定=否
[server] 阶段=4 剩余=248s HP=538 热量=0 弹量=0 锁定=否
[server] 阶段=4 剩余=243s HP=534 热量=0 弹量=0 锁定=否
[server] 阶段=4 剩余=238s HP=569 热量=0 弹量=0 锁定=否
[server] 阶段=4 剩余=233s HP=540 热量=0 弹量=0 锁定=否
[server] 阶段=4 剩余=228s HP=563 热量=0 弹量=0 锁定=否
[server] 阶段=4 剩余=223s HP=565 热量=0 弹量=0 锁定=否
[server] 阶段=4 剩余=218s HP=600 热量=0 弹量=0 锁定=是
[server] 阶段=4 剩余=213s HP=504 热量=0 弹量=0 锁定=否
[server] 阶段=4 剩余=208s HP=545 热量=0 弹量=0 锁定=否
[server] 阶段=4 剩余=203s HP=589 热量=0 弹量=0 锁定=是
[server] 阶段=4 剩余=198s HP=554 热量=0 弹量=0 锁定=否
[server] 阶段=4 剩余=193s HP=582 热量=0 弹量=0 锁定=是
[server] 阶段=4 剩余=188s HP=581 热量=0 弹量=0 锁定=是
[server] 阶段=4 剩余=183s HP=559 热量=0 弹量=0 锁定=否
[server] 阶段=4 剩余=178s HP=588 热量=0 弹量=0 锁定=否
[server] 阶段=4 剩余=173s HP=600 热量=0 弹量=0 锁定=否
[server] 阶段=4 剩余=168s HP=560 热量=0 弹量=0 锁定=否
[server] 阶段=4 剩余=163s HP=491 热量=0 弹量=0 锁定=否
[server] 阶段=4 剩余=158s HP=460 热量=0 弹量=0 锁定=否
[server] 阶段=4 剩余=153s HP=460 热量=0 弹量=0 锁定=是
[server] 阶段=4 剩余=148s HP=461 热量=0 弹量=0 锁定=是
[server] 阶段=4 剩余=143s HP=397 热量=0 弹量=0 锁定=否
[server] 阶段=4 剩余=138s HP=480 热量=0 弹量=0 锁定=是
[server] 阶段=4 剩余=133s HP=600 热量=0 弹量=0 锁定=否
[server] 阶段=4 剩余=128s HP=600 热量=0 弹量=0 锁定=否
[server] 阶段=4 剩余=123s HP=568 热量=0 弹量=0 锁定=否
[server] 阶段=4 剩余=118s HP=536 热量=0 弹量=0 锁定=否
[server] 阶段=4 剩余=113s HP=600 热量=0 弹量=0 锁定=是
[server] 阶段=4 剩余=108s HP=600 热量=0 弹量=0 锁定=否
[server] 阶段=4 剩余=103s HP=584 热量=0 弹量=0 锁定=否
[server] 阶段=4 剩余=98s HP=542 热量=0 弹量=0 锁定=是
[server] 阶段=4 剩余=93s HP=596 热量=0 弹量=0 锁定=否
[server] 阶段=4 剩余=88s HP=529 热量=0 弹量=0 锁定=否
[server] 阶段=4 剩余=83s HP=600 热量=0 弹量=0 锁定=否
[server] 阶段=4 剩余=78s HP=597 热量=0 弹量=0 锁定=否
[server] 阶段=4 剩余=73s HP=505 热量=0 弹量=0 锁定=否
[server] 阶段=4 剩余=68s HP=472 热量=0 弹量=0 锁定=否
[server] 阶段=4 剩余=63s HP=447 热量=0 弹量=0 锁定=是
[server] 阶段=4 剩余=58s HP=360 热量=0 弹量=0 锁定=否
[server] 阶段=4 剩余=53s HP=507 热量=0 弹量=0 锁定=否
[server] 阶段=4 剩余=48s HP=473 热量=0 弹量=0 锁定=否
[server] 阶段=4 剩余=43s HP=468 热量=0 弹量=0 锁定=否
[server] 阶段=4 剩余=38s HP=484 热量=0 弹量=0 锁定=否
[server] 阶段=4 剩余=33s HP=434 热量=0 弹量=0 锁定=否
[server] 阶段=4 剩余=28s HP=461 热量=0 弹量=0 锁定=是
[server] 阶段=4 剩余=23s HP=496 热量=0 弹量=0 锁定=否
[server] 阶段=4 剩余=18s HP=477 热量=0 弹量=0 锁定=否
[server] 阶段=4 剩余=13s HP=424 热量=0 弹量=0 锁定=否
[server] 阶段=4 剩余=8s HP=515 热量=0 弹量=0 锁定=否
[server] 阶段=4 剩余=3s HP=600 热量=0 弹量=0 锁定=否
[server] 阶段=4 剩余=418s HP=543 热量=0 弹量=0 锁定=否
[server] 阶段=4 剩余=413s HP=567 热量=0 弹量=0 锁定=否
[server] 阶段=4 剩余=408s HP=552 热量=0 弹量=0 锁定=否
[server] 阶段=4 剩余=403s HP=543 热量=0 弹量=0 锁定=否
[server] 阶段=4 剩余=398s HP=554 热量=0 弹量=0 锁定=否
[server] 阶段=4 剩余=393s HP=584 热量=0 弹量=0 锁定=否
[server] 致盲开始 match_t=30.0s 持续=12.0s
[server] 阶段=4 剩余=388s HP=580 热量=0 弹量=0 锁定=否
[server] 阶段=4 剩余=383s HP=502 热量=0 弹量=0 锁定=是
[server] 阶段=4 剩余=378s HP=470 热量=0 弹量=0 锁定=否
[server] 致盲结束 match_t=42.0s
[server] 阶段=4 剩余=373s HP=558 热量=0 弹量=0 锁定=是
[server] 阶段=4 剩余=368s HP=558 热量=0 弹量=0 锁定=是
[server] 阶段=4 剩余=363s HP=600 热量=0 弹量=0 锁定=否
[server] 阶段=4 剩余=358s HP=600 热量=0 弹量=0 锁定=否
[server] 阶段=4 剩余=353s HP=561 热量=0 弹量=0 锁定=否
[server] 阶段=4 剩余=348s HP=559 热量=0 弹量=0 锁定=否
[server] 阶段=4 剩余=343s HP=589 热量=0 弹量=0 锁定=否
[server] 阶段=4 剩余=338s HP=563 热量=0 弹量=0 锁定=否
[server] 阶段=4 剩余=333s HP=543 热量=0 弹量=0 锁定=否
[server] 阶段=4 剩余=328s HP=491 热量=0 弹量=0 锁定=否
[server] 阶段=4 剩余=323s HP=567 热量=0 弹量=0 锁定=否
[server] 阶段=4 剩余=318s HP=493 热量=0 弹量=0 锁定=否
[server] 阶段=4 剩余=313s HP=600 热量=0 弹量=0 锁定=否
[server] 阶段=4 剩余=308s HP=600 热量=0 弹量=0 锁定=否
[server] 阶段=4 剩余=303s HP=600 热量=0 弹量=0 锁定=否
[server] 阶段=4 剩余=298s HP=600 热量=0 弹量=0 锁定=否
[server] 阶段=4 剩余=293s HP=600 热量=0 弹量=0 锁定=是
[server] 阶段=4 剩余=288s HP=600 热量=0 弹量=0 锁定=是
[server] 阶段=4 剩余=283s HP=600 热量=0 弹量=0 锁定=否
[server] 阶段=4 剩余=278s HP=574 热量=0 弹量=0 锁定=是
[server] 阶段=4 剩余=273s HP=566 热量=0 弹量=0 锁定=否
[server] 致盲开始 match_t=150.0s 持续=12.0s
[server] 阶段=4 剩余=268s HP=534 热量=0 弹量=0 锁定=否
[server] 阶段=4 剩余=263s HP=542 热量=0 弹量=0 锁定=否
[server] 阶段=4 剩余=258s HP=556 热量=0 弹量=0 锁定=否
[server] 致盲结束 match_t=162.0s
[server] 阶段=4 剩余=253s HP=600 热量=0 弹量=0 锁定=否
[server] 阶段=4 剩余=248s HP=576 热量=0 弹量=0 锁定=否
[server] 阶段=4 剩余=243s HP=600 热量=0 弹量=0 锁定=否
[server] 阶段=4 剩余=238s HP=545 热量=0 弹量=0 锁定=否
[server] 阶段=4 剩余=233s HP=566 热量=0 弹量=0 锁定=否
[server] 阶段=4 剩余=228s HP=499 热量=0 弹量=0 锁定=否
[server] 阶段=4 剩余=223s HP=438 热量=0 弹量=0 锁定=否
[server] 阶段=4 剩余=218s HP=556 热量=0 弹量=0 锁定=否
[server] 阶段=4 剩余=213s HP=520 热量=0 弹量=0 锁定=否
[server] 阶段=4 剩余=208s HP=528 热量=0 弹量=0 锁定=否
[server] 阶段=4 剩余=203s HP=524 热量=0 弹量=0 锁定=否
[server] 阶段=4 剩余=198s HP=586 热量=0 弹量=0 锁定=是
[server] 阶段=4 剩余=193s HP=501 热量=0 弹量=0 锁定=否
[server] 阶段=4 剩余=188s HP=600 热量=0 弹量=0 锁定=否
[server] 阶段=4 剩余=183s HP=600 热量=0 弹量=0 锁定=否
[server] 阶段=4 剩余=178s HP=563 热量=0 弹量=0 锁定=否
[server] 阶段=4 剩余=173s HP=507 热量=0 弹量=0 锁定=否
[server] 阶段=4 剩余=168s HP=534 热量=0 弹量=0 锁定=否
[server] 阶段=4 剩余=163s HP=553 热量=0 弹量=0 锁定=否
[server] 阶段=4 剩余=158s HP=600 热量=0 弹量=0 锁定=否
[server] 阶段=4 剩余=153s HP=600 热量=0 弹量=0 锁定=否
[server] 阶段=4 剩余=148s HP=558 热量=0 弹量=0 锁定=否
[server] 阶段=4 剩余=143s HP=600 热量=0 弹量=0 锁定=否
[server] 阶段=4 剩余=138s HP=588 热量=0 弹量=0 锁定=否
[server] 阶段=4 剩余=133s HP=539 热量=0 弹量=0 锁定=否
[server] 阶段=4 剩余=128s HP=597 热量=0 弹量=0 锁定=否
[server] 阶段=4 剩余=123s HP=566 热量=0 弹量=0 锁定=否
[server] 阶段=4 剩余=118s HP=566 热量=0 弹量=0 锁定=否
[server] 阶段=4 剩余=113s HP=524 热量=0 弹量=0 锁定=否
[server] 阶段=4 剩余=108s HP=528 热量=0 弹量=0 锁定=否
[server] 阶段=4 剩余=103s HP=506 热量=0 弹量=0 锁定=否
[server] 阶段=4 剩余=98s HP=487 热量=0 弹量=0 锁定=否
[server] 阶段=4 剩余=93s HP=600 热量=0 弹量=0 锁定=否
[server] 阶段=4 剩余=88s HP=508 热量=0 弹量=0 锁定=否
[server] 阶段=4 剩余=83s HP=449 热量=0 弹量=0 锁定=否
[server] 阶段=4 剩余=78s HP=395 热量=0 弹量=0 锁定=否
[server] 阶段=4 剩余=73s HP=482 热量=0 弹量=0 锁定=否
[server] 阶段=4 剩余=68s HP=555 热量=0 弹量=0 锁定=否
[server] 阶段=4 剩余=63s HP=512 热量=0 弹量=0 锁定=是
[server] 阶段=4 剩余=58s HP=600 热量=0 弹量=0 锁定=否
[server] 阶段=4 剩余=53s HP=600 热量=0 弹量=0 锁定=否
[server] 阶段=4 剩余=48s HP=570 热量=0 弹量=0 锁定=否
[server] 阶段=4 剩余=43s HP=580 热量=0 弹量=0 锁定=否
[server] 阶段=4 剩余=38s HP=581 热量=0 弹量=0 锁定=否
[server] 阶段=4 剩余=33s HP=508 热量=0 弹量=0 锁定=是
[server] 阶段=4 剩余=28s HP=482 热量=0 弹量=0 锁定=否
[server] 阶段=4 剩余=23s HP=462 热量=0 弹量=0 锁定=是
[server] 阶段=4 剩余=18s HP=525 热量=0 弹量=0 锁定=否
[server] 阶段=4 剩余=13s HP=459 热量=0 弹量=0 锁定=否
[server] 阶段=4 剩余=8s HP=600 热量=0 弹量=0 锁定=否
[server] 阶段=4 剩余=3s HP=600 热量=0 弹量=0 锁定=是
[server] 阶段=4 剩余=418s HP=600 热量=0 弹量=0 锁定=否
[server] 阶段=4 剩余=413s HP=509 热量=0 弹量=0 锁定=否
[server] 阶段=4 剩余=408s HP=580 热量=0 弹量=0 锁定=是
[server] 阶段=4 剩余=403s HP=559 热量=0 弹量=0 锁定=是
[server] 阶段=4 剩余=398s HP=566 热量=0 弹量=0 锁定=否
[server] 阶段=4 剩余=393s HP=600 热量=0 弹量=0 锁定=否
[server] 致盲开始 match_t=30.0s 持续=12.0s
[server] 阶段=4 剩余=388s HP=562 热量=0 弹量=0 锁定=否
[server] 阶段=4 剩余=383s HP=600 热量=0 弹量=0 锁定=否
[server] 阶段=4 剩余=378s HP=565 热量=0 弹量=0 锁定=否
[server] 致盲结束 match_t=42.0s
[server] 阶段=4 剩余=373s HP=570 热量=0 弹量=0 锁定=否
[server] 阶段=4 剩余=368s HP=530 热量=0 弹量=0 锁定=否
[server] 阶段=4 剩余=363s HP=577 热量=0 弹量=0 锁定=否
[server] 阶段=4 剩余=358s HP=595 热量=0 弹量=0 锁定=否
[server] 阶段=4 剩余=353s HP=575 热量=0 弹量=0 锁定=否
[server] 阶段=4 剩余=348s HP=540 热量=0 弹量=0 锁定=否
[server] 阶段=4 剩余=343s HP=467 热量=0 弹量=0 锁定=否
[server] 阶段=4 剩余=338s HP=416 热量=0 弹量=0 锁定=否
[server] 阶段=4 剩余=333s HP=490 热量=0 弹量=0 锁定=否
[server] 阶段=4 剩余=328s HP=474 热量=0 弹量=0 锁定=否
[server] 阶段=4 剩余=323s HP=600 热量=0 弹量=0 锁定=否
[server] 阶段=4 剩余=318s HP=578 热量=0 弹量=0 锁定=否
[server] 阶段=4 剩余=313s HP=600 热量=0 弹量=0 锁定=是
[server] 阶段=4 剩余=308s HP=548 热量=0 弹量=0 锁定=否
[server] 阶段=4 剩余=303s HP=428 热量=0 弹量=0 锁定=否
[server] 阶段=4 剩余=298s HP=344 热量=0 弹量=0 锁定=是
[server] 阶段=4 剩余=293s HP=287 热量=0 弹量=0 锁定=否
[server] 阶段=4 剩余=288s HP=317 热量=0 弹量=0 锁定=否
[server] 阶段=4 剩余=283s HP=371 热量=0 弹量=0 锁定=否
[server] 阶段=4 剩余=278s HP=392 热量=0 弹量=0 锁定=否
[server] 阶段=4 剩余=273s HP=453 热量=0 弹量=0 锁定=否
[server] 致盲开始 match_t=150.0s 持续=12.0s
[server] 阶段=4 剩余=268s HP=526 热量=0 弹量=0 锁定=否
[server] 阶段=4 剩余=263s HP=600 热量=0 弹量=0 锁定=是
[server] 阶段=4 剩余=258s HP=476 热量=0 弹量=0 锁定=否
[server] 致盲结束 match_t=162.0s
[server] 阶段=4 剩余=253s HP=476 热量=0 弹量=0 锁定=否
[server] 阶段=4 剩余=248s HP=428 热量=0 弹量=0 锁定=否
[server] 阶段=4 剩余=243s HP=340 热量=0 弹量=0 锁定=否
[server] 阶段=4 剩余=238s HP=447 热量=0 弹量=0 锁定=否
[server] 阶段=4 剩余=233s HP=586 热量=0 弹量=0 锁定=是
[server] 阶段=4 剩余=227s HP=598 热量=0 弹量=0 锁定=否
[server] 阶段=4 剩余=222s HP=549 热量=0 弹量=0 锁定=否
[server] 阶段=4 剩余=217s HP=557 热量=0 弹量=0 锁定=否
[server] 阶段=4 剩余=212s HP=600 热量=0 弹量=0 锁定=是
[server] 阶段=4 剩余=207s HP=510 热量=0 弹量=0 锁定=是
[server] 阶段=4 剩余=202s HP=546 热量=0 弹量=0 锁定=否
[server] 阶段=4 剩余=197s HP=600 热量=0 弹量=0 锁定=是
[server] 阶段=4 剩余=192s HP=493 热量=0 弹量=0 锁定=是
[server] 阶段=4 剩余=187s HP=578 热量=0 弹量=0 锁定=否
[server] 阶段=4 剩余=182s HP=533 热量=0 弹量=0 锁定=否
[server] 阶段=4 剩余=177s HP=522 热量=0 弹量=0 锁定=否
[server] 阶段=4 剩余=172s HP=600 热量=0 弹量=0 锁定=否
[server] 阶段=4 剩余=167s HP=548 热量=0 弹量=0 锁定=否
[server] 阶段=4 剩余=162s HP=525 热量=0 弹量=0 锁定=否
[server] 阶段=4 剩余=157s HP=596 热量=0 弹量=0 锁定=否
[server] 阶段=4 剩余=152s HP=583 热量=0 弹量=0 锁定=否
[server] 阶段=4 剩余=147s HP=600 热量=0 弹量=0 锁定=否
[server] 阶段=4 剩余=142s HP=558 热量=0 弹量=0 锁定=否
[server] 阶段=4 剩余=137s HP=546 热量=0 弹量=0 锁定=否
[server] 阶段=4 剩余=132s HP=507 热量=0 弹量=0 锁定=是
[server] 阶段=4 剩余=127s HP=553 热量=0 弹量=0 锁定=否
[server] 阶段=4 剩余=122s HP=513 热量=0 弹量=0 锁定=是
[server] 阶段=4 剩余=117s HP=423 热量=0 弹量=0 锁定=是
[server] 阶段=4 剩余=112s HP=600 热量=0 弹量=0 锁定=否
[server] 阶段=4 剩余=107s HP=535 热量=0 弹量=0 锁定=否
[server] 阶段=4 剩余=102s HP=600 热量=0 弹量=0 锁定=否
[server] 阶段=4 剩余=97s HP=600 热量=0 弹量=0 锁定=否
[server] 阶段=4 剩余=92s HP=515 热量=0 弹量=0 锁定=否
[server] 阶段=4 剩余=87s HP=574 热量=0 弹量=0 锁定=否
[server] 阶段=4 剩余=82s HP=474 热量=0 弹量=0 锁定=否
[server] 阶段=4 剩余=77s HP=449 热量=0 弹量=0 锁定=是
[server] 阶段=4 剩余=72s HP=445 热量=0 弹量=0 锁定=否
[server] 阶段=4 剩余=67s HP=549 热量=0 弹量=0 锁定=是
[server] 阶段=4 剩余=62s HP=503 热量=0 弹量=0 锁定=否
[server] 阶段=4 剩余=57s HP=534 热量=0 弹量=0 锁定=否
[server] 阶段=4 剩余=52s HP=561 热量=0 弹量=0 锁定=否
[server] 阶段=4 剩余=47s HP=589 热量=0 弹量=0 锁定=否
[server] 阶段=4 剩余=42s HP=560 热量=0 弹量=0 锁定=是
[server] 阶段=4 剩余=37s HP=555 热量=0 弹量=0 锁定=否
[server] 阶段=4 剩余=32s HP=536 热量=0 弹量=0 锁定=否
[server] 阶段=4 剩余=27s HP=600 热量=0 弹量=0 锁定=是
[server] 阶段=4 剩余=22s HP=485 热量=0 弹量=0 锁定=是
[server] 阶段=4 剩余=17s HP=458 热量=0 弹量=0 锁定=是
[server] 阶段=4 剩余=12s HP=547 热量=0 弹量=0 锁定=否
[server] 阶段=4 剩余=7s HP=531 热量=0 弹量=0 锁定=否
[server] 阶段=4 剩余=2s HP=595 热量=0 弹量=0 锁定=否
[server] 阶段=4 剩余=417s HP=567 热量=0 弹量=0 锁定=否
[server] 阶段=4 剩余=412s HP=484 热量=0 弹量=0 锁定=否
[server] 阶段=4 剩余=407s HP=322 热量=0 弹量=0 锁定=是
[server] 阶段=4 剩余=402s HP=509 热量=0 弹量=0 锁定=是
[server] 阶段=4 剩余=397s HP=599 热量=0 弹量=0 锁定=否
[server] 阶段=4 剩余=392s HP=555 热量=0 弹量=0 锁定=否
[server] 致盲开始 match_t=30.0s 持续=12.0s
[server] 阶段=4 剩余=387s HP=600 热量=0 弹量=0 锁定=否
[server] 阶段=4 剩余=382s HP=538 热量=0 弹量=0 锁定=否
[server] 致盲结束 match_t=42.0s
[server] 阶段=4 剩余=377s HP=500 热量=0 弹量=0 锁定=否
[server] 阶段=4 剩余=372s HP=546 热量=0 弹量=0 锁定=否
[server] 阶段=4 剩余=367s HP=519 热量=0 弹量=0 锁定=否
[server] 阶段=4 剩余=362s HP=573 热量=0 弹量=0 锁定=否
[server] 阶段=4 剩余=357s HP=600 热量=0 弹量=0 锁定=否
[server] 阶段=4 剩余=352s HP=600 热量=0 弹量=0 锁定=否
[server] 阶段=4 剩余=347s HP=549 热量=0 弹量=0 锁定=否
[server] 阶段=4 剩余=342s HP=531 热量=0 弹量=0 锁定=否
[server] 阶段=4 剩余=337s HP=567 热量=0 弹量=0 锁定=否
[server] 阶段=4 剩余=332s HP=600 热量=0 弹量=0 锁定=否
[server] 阶段=4 剩余=327s HP=600 热量=0 弹量=0 锁定=否
[server] 阶段=4 剩余=322s HP=600 热量=0 弹量=0 锁定=否
[server] 阶段=4 剩余=317s HP=446 热量=0 弹量=0 锁定=否
[server] 阶段=4 剩余=312s HP=478 热量=0 弹量=0 锁定=否
[server] 阶段=4 剩余=307s HP=600 热量=0 弹量=0 锁定=否
[server] 阶段=4 剩余=302s HP=556 热量=0 弹量=0 锁定=否
[server] 阶段=4 剩余=297s HP=574 热量=0 弹量=0 锁定=否
[server] 阶段=4 剩余=292s HP=513 热量=0 弹量=0 锁定=是
[server] 阶段=4 剩余=287s HP=513 热量=0 弹量=0 锁定=否
[server] 阶段=4 剩余=282s HP=600 热量=0 弹量=0 锁定=是
[server] 阶段=4 剩余=277s HP=600 热量=0 弹量=0 锁定=否
[server] 阶段=4 剩余=272s HP=587 热量=0 弹量=0 锁定=否
[server] 致盲开始 match_t=150.0s 持续=12.0s
[server] 阶段=4 剩余=267s HP=536 热量=0 弹量=0 锁定=否
[server] 阶段=4 剩余=262s HP=542 热量=0 弹量=0 锁定=否
[server] 致盲结束 match_t=162.0s
[server] 阶段=4 剩余=257s HP=519 热量=0 弹量=0 锁定=否
[server] 阶段=4 剩余=252s HP=431 热量=0 弹量=0 锁定=是
[server] 阶段=4 剩余=247s HP=442 热量=0 弹量=0 锁定=是
[server] 阶段=4 剩余=242s HP=464 热量=0 弹量=0 锁定=否
[server] 阶段=4 剩余=237s HP=566 热量=0 弹量=0 锁定=否
[server] 阶段=4 剩余=232s HP=600 热量=0 弹量=0 锁定=否
[server] 阶段=4 剩余=227s HP=518 热量=0 弹量=0 锁定=否
[server] 阶段=4 剩余=222s HP=599 热量=0 弹量=0 锁定=否
[server] 阶段=4 剩余=217s HP=579 热量=0 弹量=0 锁定=否
[server] 阶段=4 剩余=212s HP=569 热量=0 弹量=0 锁定=是
[server] 阶段=4 剩余=207s HP=518 热量=0 弹量=0 锁定=否
[server] 阶段=4 剩余=202s HP=488 热量=0 弹量=0 锁定=否
[server] 阶段=4 剩余=197s HP=535 热量=0 弹量=0 锁定=是
[server] 阶段=4 剩余=192s HP=484 热量=0 弹量=0 锁定=否
[server] 阶段=4 剩余=187s HP=541 热量=0 弹量=0 锁定=是
[server] 阶段=4 剩余=182s HP=539 热量=0 弹量=0 锁定=否
[server] 阶段=4 剩余=177s HP=576 热量=0 弹量=0 锁定=否
[server] 阶段=4 剩余=172s HP=600 热量=0 弹量=0 锁定=否
[server] 阶段=4 剩余=167s HP=560 热量=0 弹量=0 锁定=否
[server] 阶段=4 剩余=162s HP=600 热量=0 弹量=0 锁定=否
[server] 阶段=4 剩余=157s HP=600 热量=0 弹量=0 锁定=否
[server] 阶段=4 剩余=152s HP=536 热量=0 弹量=0 锁定=否
[server] 阶段=4 剩余=147s HP=573 热量=0 弹量=0 锁定=否
[server] 阶段=4 剩余=142s HP=489 热量=0 弹量=0 锁定=否
[server] 阶段=4 剩余=137s HP=442 热量=0 弹量=0 锁定=否
[server] 阶段=4 剩余=132s HP=369 热量=0 弹量=0 锁定=否
[server] 阶段=4 剩余=127s HP=509 热量=0 弹量=0 锁定=是
[server] 阶段=4 剩余=122s HP=440 热量=0 弹量=0 锁定=否
[server] 阶段=4 剩余=117s HP=421 热量=0 弹量=0 锁定=否
[server] 阶段=4 剩余=112s HP=487 热量=0 弹量=0 锁定=否
[server] 阶段=4 剩余=107s HP=368 热量=0 弹量=0 锁定=否
[server] 阶段=4 剩余=102s HP=395 热量=0 弹量=0 锁定=否
[server] 阶段=4 剩余=97s HP=256 热量=0 弹量=0 锁定=否
[server] 阶段=4 剩余=92s HP=325 热量=0 弹量=0 锁定=是
[server] 阶段=4 剩余=87s HP=343 热量=0 弹量=0 锁定=否
[server] 阶段=4 剩余=82s HP=391 热量=0 弹量=0 锁定=否
[server] 阶段=4 剩余=77s HP=427 热量=0 弹量=0 锁定=否
[server] 阶段=4 剩余=72s HP=535 热量=0 弹量=0 锁定=否
[server] 阶段=4 剩余=67s HP=532 热量=0 弹量=0 锁定=否
[server] 阶段=4 剩余=62s HP=572 热量=0 弹量=0 锁定=是
[server] 阶段=4 剩余=57s HP=507 热量=0 弹量=0 锁定=否
[server] 阶段=4 剩余=52s HP=571 热量=0 弹量=0 锁定=否
[server] 阶段=4 剩余=47s HP=576 热量=0 弹量=0 锁定=否
[server] 阶段=4 剩余=42s HP=592 热量=0 弹量=0 锁定=否
[server] 阶段=4 剩余=37s HP=600 热量=0 弹量=0 锁定=否
[server] 阶段=4 剩余=32s HP=451 热量=0 弹量=0 锁定=否
[server] 阶段=4 剩余=27s HP=545 热量=0 弹量=0 锁定=否
[server] 阶段=4 剩余=22s HP=586 热量=0 弹量=0 锁定=否
[server] 阶段=4 剩余=17s HP=578 热量=0 弹量=0 锁定=是
[server] 阶段=4 剩余=12s HP=600 热量=0 弹量=0 锁定=否
[server] 阶段=4 剩余=7s HP=561 热量=0 弹量=0 锁定=否
[server] 阶段=4 剩余=2s HP=463 热量=0 弹量=0 锁定=否
[server] 阶段=4 剩余=417s HP=284 热量=0 弹量=0 锁定=是
[server] 阶段=4 剩余=412s HP=298 热量=0 弹量=0 锁定=否
[server] 阶段=4 剩余=407s HP=246 热量=0 弹量=0 锁定=否
[server] 阶段=4 剩余=402s HP=299 热量=0 弹量=0 锁定=否
[server] 阶段=4 剩余=397s HP=297 热量=0 弹量=0 锁定=否
[server] 阶段=4 剩余=392s HP=445 热量=0 弹量=0 锁定=否
[server] 致盲开始 match_t=30.0s 持续=12.0s
[server] 阶段=4 剩余=387s HP=296 热量=0 弹量=0 锁定=是
[server] 阶段=4 剩余=382s HP=273 热量=0 弹量=0 锁定=是
[server] 致盲结束 match_t=42.0s
[server] 阶段=4 剩余=377s HP=195 热量=0 弹量=0 锁定=否
[server] 阶段=4 剩余=372s HP=396 热量=0 弹量=0 锁定=否
[server] 阶段=4 剩余=367s HP=393 热量=0 弹量=0 锁定=否
[server] 阶段=4 剩余=362s HP=416 热量=0 弹量=0 锁定=否
[server] 阶段=4 剩余=357s HP=465 热量=0 弹量=0 锁定=否
[server] 阶段=4 剩余=352s HP=351 热量=0 弹量=0 锁定=是
[server] 阶段=4 剩余=347s HP=432 热量=0 弹量=0 锁定=否
[server] 阶段=4 剩余=342s HP=400 热量=0 弹量=0 锁定=否
[server] 阶段=4 剩余=337s HP=452 热量=0 弹量=0 锁定=是
[server] 阶段=4 剩余=332s HP=447 热量=0 弹量=0 锁定=是
[server] 阶段=4 剩余=327s HP=487 热量=0 弹量=0 锁定=否
[server] 阶段=4 剩余=322s HP=522 热量=0 弹量=0 锁定=是
[server] 阶段=4 剩余=317s HP=500 热量=0 弹量=0 锁定=否
[server] 阶段=4 剩余=312s HP=374 热量=0 弹量=0 锁定=否
[server] 阶段=4 剩余=307s HP=527 热量=0 弹量=0 锁定=否
[server] 阶段=4 剩余=302s HP=600 热量=0 弹量=0 锁定=否
[server] 阶段=4 剩余=297s HP=590 热量=0 弹量=0 锁定=否
[server] 阶段=4 剩余=292s HP=575 热量=0 弹量=0 锁定=是
[server] 阶段=4 剩余=287s HP=600 热量=0 弹量=0 锁定=是
[server] 阶段=4 剩余=282s HP=600 热量=0 弹量=0 锁定=是
[server] 阶段=4 剩余=277s HP=504 热量=0 弹量=0 锁定=否
[server] 阶段=4 剩余=272s HP=561 热量=0 弹量=0 锁定=否
[server] 致盲开始 match_t=150.0s 持续=12.0s
[server] 阶段=4 剩余=267s HP=566 热量=0 弹量=0 锁定=否
[server] 阶段=4 剩余=262s HP=550 热量=0 弹量=0 锁定=否
[server] 致盲结束 match_t=162.0s
[server] 阶段=4 剩余=257s HP=473 热量=0 弹量=0 锁定=否
[server] 阶段=4 剩余=252s HP=581 热量=0 弹量=0 锁定=否
[server] 阶段=4 剩余=247s HP=559 热量=0 弹量=0 锁定=否
[server] 阶段=4 剩余=242s HP=568 热量=0 弹量=0 锁定=是
[server] 阶段=4 剩余=237s HP=600 热量=0 弹量=0 锁定=否
[server] 阶段=4 剩余=232s HP=544 热量=0 弹量=0 锁定=否
[server] 阶段=4 剩余=227s HP=600 热量=0 弹量=0 锁定=是
[server] 阶段=4 剩余=222s HP=592 热量=0 弹量=0 锁定=是
[server] 阶段=4 剩余=217s HP=600 热量=0 弹量=0 锁定=否
[server] 阶段=4 剩余=212s HP=560 热量=0 弹量=0 锁定=否
[server] 阶段=4 剩余=207s HP=430 热量=0 弹量=0 锁定=是
[server] 阶段=4 剩余=202s HP=471 热量=0 弹量=0 锁定=否
[server] 阶段=4 剩余=197s HP=466 热量=0 弹量=0 锁定=是
[server] 阶段=4 剩余=192s HP=413 热量=0 弹量=0 锁定=否
[server] 阶段=4 剩余=187s HP=376 热量=0 弹量=0 锁定=否
[server] 阶段=4 剩余=182s HP=439 热量=0 弹量=0 锁定=否
[server] 阶段=4 剩余=177s HP=583 热量=0 弹量=0 锁定=否
[server] 阶段=4 剩余=172s HP=600 热量=0 弹量=0 锁定=否
[server] 阶段=4 剩余=167s HP=600 热量=0 弹量=0 锁定=否
[server] 阶段=4 剩余=162s HP=600 热量=0 弹量=0 锁定=否
[server] 阶段=4 剩余=157s HP=578 热量=0 弹量=0 锁定=是
[server] 阶段=4 剩余=152s HP=600 热量=0 弹量=0 锁定=是
[server] 阶段=4 剩余=147s HP=585 热量=0 弹量=0 锁定=是
[server] 阶段=4 剩余=142s HP=580 热量=0 弹量=0 锁定=否
[server] 阶段=4 剩余=137s HP=571 热量=0 弹量=0 锁定=是
[server] 阶段=4 剩余=132s HP=600 热量=0 弹量=0 锁定=否
[server] 阶段=4 剩余=127s HP=488 热量=0 弹量=0 锁定=否
[server] 阶段=4 剩余=122s HP=438 热量=0 弹量=0 锁定=否
[server] 阶段=4 剩余=117s HP=573 热量=0 弹量=0 锁定=否
[server] 阶段=4 剩余=112s HP=580 热量=0 弹量=0 锁定=否
[server] 阶段=4 剩余=107s HP=483 热量=0 弹量=0 锁定=是
[server] 阶段=4 剩余=102s HP=545 热量=0 弹量=0 锁定=否
[server] 阶段=4 剩余=97s HP=580 热量=0 弹量=0 锁定=是
[server] 阶段=4 剩余=92s HP=503 热量=0 弹量=0 锁定=是
[server] 阶段=4 剩余=87s HP=502 热量=0 弹量=0 锁定=是
[server] 阶段=4 剩余=82s HP=572 热量=0 弹量=0 锁定=是
[server] 阶段=4 剩余=77s HP=600 热量=0 弹量=0 锁定=否
[server] 阶段=4 剩余=72s HP=600 热量=0 弹量=0 锁定=是
[server] 阶段=4 剩余=67s HP=600 热量=0 弹量=0 锁定=否
[server] 阶段=4 剩余=62s HP=600 热量=0 弹量=0 锁定=否
[server] 阶段=4 剩余=57s HP=462 热量=0 弹量=0 锁定=否
[server] 阶段=4 剩余=52s HP=452 热量=0 弹量=0 锁定=否
[server] 阶段=4 剩余=47s HP=475 热量=0 弹量=0 锁定=否
[server] 阶段=4 剩余=42s HP=515 热量=0 弹量=0 锁定=否
[server] 阶段=4 剩余=37s HP=486 热量=0 弹量=0 锁定=否
[server] 阶段=4 剩余=32s HP=386 热量=0 弹量=0 锁定=否
[server] 阶段=4 剩余=27s HP=295 热量=0 弹量=0 锁定=否
[server] 阶段=4 剩余=22s HP=368 热量=0 弹量=0 锁定=否
[server] 阶段=4 剩余=17s HP=421 热量=0 弹量=0 锁定=否
[server] 阶段=4 剩余=12s HP=337 热量=0 弹量=0 锁定=否
[server] 阶段=4 剩余=6s HP=402 热量=0 弹量=0 锁定=否
[server] 阶段=4 剩余=1s HP=354 热量=0 弹量=0 锁定=否
[server] 阶段=4 剩余=416s HP=438 热量=0 弹量=0 锁定=否
[server] 阶段=4 剩余=411s HP=511 热量=0 弹量=0 锁定=否
[server] 阶段=4 剩余=406s HP=504 热量=0 弹量=0 锁定=否
[server] 阶段=4 剩余=401s HP=406 热量=0 弹量=0 锁定=否
[server] 阶段=4 剩余=396s HP=464 热量=0 弹量=0 锁定=否
[server] 阶段=4 剩余=391s HP=411 热量=0 弹量=0 锁定=否
[server] 致盲开始 match_t=30.0s 持续=12.0s
[server] 阶段=4 剩余=386s HP=448 热量=0 弹量=0 锁定=否
[server] 阶段=4 剩余=381s HP=444 热量=0 弹量=0 锁定=是
[server] 致盲结束 match_t=42.0s
[server] 阶段=4 剩余=376s HP=536 热量=0 弹量=0 锁定=否
[server] 阶段=4 剩余=371s HP=505 热量=0 弹量=0 锁定=否
[server] 阶段=4 剩余=366s HP=528 热量=0 弹量=0 锁定=否
[server] 阶段=4 剩余=361s HP=600 热量=0 弹量=0 锁定=否
[server] 阶段=4 剩余=356s HP=484 热量=0 弹量=0 锁定=否
[server] 阶段=4 剩余=351s HP=499 热量=0 弹量=0 锁定=是
[server] 阶段=4 剩余=346s HP=558 热量=0 弹量=0 锁定=否
[server] 阶段=4 剩余=341s HP=466 热量=0 弹量=0 锁定=否
[server] 阶段=4 剩余=336s HP=558 热量=0 弹量=0 锁定=否
[server] 阶段=4 剩余=331s HP=558 热量=0 弹量=0 锁定=否
[server] 阶段=4 剩余=326s HP=571 热量=0 弹量=0 锁定=否
[server] 阶段=4 剩余=321s HP=600 热量=0 弹量=0 锁定=是
[server] 阶段=4 剩余=316s HP=577 热量=0 弹量=0 锁定=否
[server] 阶段=4 剩余=311s HP=543 热量=0 弹量=0 锁定=否
[server] 阶段=4 剩余=306s HP=456 热量=0 弹量=0 锁定=是
[server] 阶段=4 剩余=301s HP=548 热量=0 弹量=0 锁定=否
[server] 阶段=4 剩余=296s HP=573 热量=0 弹量=0 锁定=否
[server] 阶段=4 剩余=291s HP=573 热量=0 弹量=0 锁定=否
[server] 阶段=4 剩余=286s HP=571 热量=0 弹量=0 锁定=否
[server] 阶段=4 剩余=281s HP=501 热量=0 弹量=0 锁定=否
[server] 阶段=4 剩余=276s HP=433 热量=0 弹量=0 锁定=否
[server] 阶段=4 剩余=271s HP=584 热量=0 弹量=0 锁定=否
[server] 致盲开始 match_t=150.0s 持续=12.0s
[server] 阶段=4 剩余=266s HP=600 热量=0 弹量=0 锁定=否
[server] 阶段=4 剩余=261s HP=597 热量=0 弹量=0 锁定=是
[server] 致盲结束 match_t=162.0s
[server] 阶段=4 剩余=256s HP=557 热量=0 弹量=0 锁定=否
[server] 阶段=4 剩余=251s HP=525 热量=0 弹量=0 锁定=否
[server] 阶段=4 剩余=246s HP=438 热量=0 弹量=0 锁定=否
[server] 阶段=4 剩余=241s HP=571 热量=0 弹量=0 锁定=是
[server] 阶段=4 剩余=236s HP=545 热量=0 弹量=0 锁定=是
[server] 阶段=4 剩余=231s HP=428 热量=0 弹量=0 锁定=是
[server] 阶段=4 剩余=226s HP=488 热量=0 弹量=0 锁定=否
[server] 阶段=4 剩余=221s HP=575 热量=0 弹量=0 锁定=是
[server] 阶段=4 剩余=216s HP=554 热量=0 弹量=0 锁定=是
[server] 阶段=4 剩余=211s HP=549 热量=0 弹量=0 锁定=是
[server] 阶段=4 剩余=206s HP=582 热量=0 弹量=0 锁定=否
[server] 阶段=4 剩余=201s HP=600 热量=0 弹量=0 锁定=是
[server] 阶段=4 剩余=196s HP=584 热量=0 弹量=0 锁定=否
[server] 阶段=4 剩余=191s HP=565 热量=0 弹量=0 锁定=否
[server] 阶段=4 剩余=186s HP=532 热量=0 弹量=0 锁定=否
[server] 阶段=4 剩余=181s HP=483 热量=0 弹量=0 锁定=否
[server] 阶段=4 剩余=176s HP=536 热量=0 弹量=0 锁定=否
[server] 阶段=4 剩余=171s HP=500 热量=0 弹量=0 锁定=否
[server] 阶段=4 剩余=166s HP=507 热量=0 弹量=0 锁定=否
[server] 阶段=4 剩余=161s HP=564 热量=0 弹量=0 锁定=否
[server] 阶段=4 剩余=156s HP=600 热量=0 弹量=0 锁定=否
[server] 阶段=4 剩余=151s HP=579 热量=0 弹量=0 锁定=否
[server] 阶段=4 剩余=146s HP=600 热量=0 弹量=0 锁定=否
[server] 阶段=4 剩余=141s HP=570 热量=0 弹量=0 锁定=是
[server] 阶段=4 剩余=136s HP=374 热量=0 弹量=0 锁定=否
[server] 阶段=4 剩余=131s HP=394 热量=0 弹量=0 锁定=否
[server] 阶段=4 剩余=126s HP=355 热量=0 弹量=0 锁定=否
[server] 阶段=4 剩余=121s HP=316 热量=0 弹量=0 锁定=否
[server] 阶段=4 剩余=116s HP=302 热量=0 弹量=0 锁定=否
[server] 阶段=4 剩余=111s HP=342 热量=0 弹量=0 锁定=否
[server] 阶段=4 剩余=106s HP=287 热量=0 弹量=0 锁定=否
[server] 阶段=4 剩余=101s HP=265 热量=0 弹量=0 锁定=否
[server] 阶段=4 剩余=96s HP=272 热量=0 弹量=0 锁定=否
[server] 阶段=4 剩余=91s HP=324 热量=0 弹量=0 锁定=是
[server] 阶段=4 剩余=86s HP=384 热量=0 弹量=0 锁定=否
[server] 阶段=4 剩余=81s HP=322 热量=0 弹量=0 锁定=否
[server] 阶段=4 剩余=76s HP=442 热量=0 弹量=0 锁定=否
[server] 阶段=4 剩余=71s HP=491 热量=0 弹量=0 锁定=否
[server] 阶段=4 剩余=66s HP=536 热量=0 弹量=0 锁定=否
[server] 阶段=4 剩余=61s HP=596 热量=0 弹量=0 锁定=否
[server] 阶段=4 剩余=56s HP=600 热量=0 弹量=0 锁定=是
[server] 阶段=4 剩余=51s HP=600 热量=0 弹量=0 锁定=否
[server] 阶段=4 剩余=46s HP=483 热量=0 弹量=0 锁定=否
[server] 阶段=4 剩余=41s HP=487 热量=0 弹量=0 锁定=是
[server] 阶段=4 剩余=36s HP=478 热量=0 弹量=0 锁定=是
[server] 阶段=4 剩余=31s HP=381 热量=0 弹量=0 锁定=否
[server] 阶段=4 剩余=26s HP=370 热量=0 弹量=0 锁定=否
[server] 阶段=4 剩余=21s HP=310 热量=0 弹量=0 锁定=否
[server] 阶段=4 剩余=16s HP=305 热量=0 弹量=0 锁定=否
[server] 阶段=4 剩余=11s HP=588 热量=0 弹量=0 锁定=是
[server] 阶段=4 剩余=6s HP=600 热量=0 弹量=0 锁定=否
[server] 阶段=4 剩余=1s HP=600 热量=0 弹量=0 锁定=是
[server] 阶段=4 剩余=416s HP=564 热量=0 弹量=0 锁定=否
[server] 阶段=4 剩余=411s HP=483 热量=0 弹量=0 锁定=否
[server] 阶段=4 剩余=406s HP=600 热量=0 弹量=0 锁定=是
[server] 阶段=4 剩余=401s HP=600 热量=0 弹量=0 锁定=否
[server] 阶段=4 剩余=396s HP=570 热量=0 弹量=0 锁定=否
[server] 阶段=4 剩余=391s HP=556 热量=0 弹量=0 锁定=是
[server] 致盲开始 match_t=30.0s 持续=12.0s
[server] 阶段=4 剩余=386s HP=495 热量=0 弹量=0 锁定=否
[server] 阶段=4 剩余=381s HP=444 热量=0 弹量=0 锁定=否
[server] 致盲结束 match_t=42.0s
[server] 阶段=4 剩余=376s HP=436 热量=0 弹量=0 锁定=否
[server] 阶段=4 剩余=371s HP=444 热量=0 弹量=0 锁定=否
[server] 阶段=4 剩余=366s HP=480 热量=0 弹量=0 锁定=否
[server] 阶段=4 剩余=361s HP=449 热量=0 弹量=0 锁定=否
[server] 阶段=4 剩余=356s HP=489 热量=0 弹量=0 锁定=是
[server] 阶段=4 剩余=351s HP=547 热量=0 弹量=0 锁定=否
[server] 阶段=4 剩余=346s HP=506 热量=0 弹量=0 锁定=否
[server] 阶段=4 剩余=341s HP=573 热量=0 弹量=0 锁定=否
[server] 阶段=4 剩余=336s HP=555 热量=0 弹量=0 锁定=否
[server] 阶段=4 剩余=331s HP=529 热量=0 弹量=0 锁定=是
[server] 阶段=4 剩余=326s HP=549 热量=0 弹量=0 锁定=否
[server] 阶段=4 剩余=321s HP=560 热量=0 弹量=0 锁定=是
[server] 阶段=4 剩余=316s HP=487 热量=0 弹量=0 锁定=是
[server] 阶段=4 剩余=311s HP=487 热量=0 弹量=0 锁定=否
[server] 阶段=4 剩余=306s HP=569 热量=0 弹量=0 锁定=否
[server] 阶段=4 剩余=301s HP=548 热量=0 弹量=0 锁定=否
[server] 阶段=4 剩余=296s HP=558 热量=0 弹量=0 锁定=否
[server] 阶段=4 剩余=291s HP=571 热量=0 弹量=0 锁定=否
[server] 阶段=4 剩余=286s HP=541 热量=0 弹量=0 锁定=否
[server] 阶段=4 剩余=281s HP=512 热量=0 弹量=0 锁定=否
[server] 阶段=4 剩余=276s HP=511 热量=0 弹量=0 锁定=否
[server] 阶段=4 剩余=271s HP=471 热量=0 弹量=0 锁定=否
[server] 致盲开始 match_t=150.0s 持续=12.0s
[server] 阶段=4 剩余=266s HP=591 热量=0 弹量=0 锁定=否
[server] 阶段=4 剩余=261s HP=592 热量=0 弹量=0 锁定=否
[server] 致盲结束 match_t=162.0s
[server] 阶段=4 剩余=256s HP=600 热量=0 弹量=0 锁定=是
[server] 阶段=4 剩余=251s HP=600 热量=0 弹量=0 锁定=否
[server] 阶段=4 剩余=246s HP=565 热量=0 弹量=0 锁定=否
[server] 阶段=4 剩余=241s HP=561 热量=0 弹量=0 锁定=是
[server] 阶段=4 剩余=236s HP=600 热量=0 弹量=0 锁定=否
[server] 阶段=4 剩余=231s HP=600 热量=0 弹量=0 锁定=是
[server] 阶段=4 剩余=226s HP=600 热量=0 弹量=0 锁定=否
[server] 阶段=4 剩余=221s HP=542 热量=0 弹量=0 锁定=是
[server] 阶段=4 剩余=216s HP=579 热量=0 弹量=0 锁定=是
[server] 阶段=4 剩余=211s HP=595 热量=0 弹量=0 锁定=否
[server] 阶段=4 剩余=206s HP=512 热量=0 弹量=0 锁定=否
[server] 阶段=4 剩余=201s HP=600 热量=0 弹量=0 锁定=是
[server] 阶段=4 剩余=196s HP=596 热量=0 弹量=0 锁定=否
[server] 阶段=4 剩余=191s HP=520 热量=0 弹量=0 锁定=否
[server] 阶段=4 剩余=186s HP=545 热量=0 弹量=0 锁定=否
[server] 阶段=4 剩余=181s HP=514 热量=0 弹量=0 锁定=是
[server] 阶段=4 剩余=176s HP=456 热量=0 弹量=0 锁定=否
[server] 阶段=4 剩余=171s HP=446 热量=0 弹量=0 锁定=否
[server] 阶段=4 剩余=166s HP=506 热量=0 弹量=0 锁定=否
[server] 阶段=4 剩余=161s HP=600 热量=0 弹量=0 锁定=否
[server] 阶段=4 剩余=156s HP=600 热量=0 弹量=0 锁定=否
[server] 阶段=4 剩余=151s HP=600 热量=0 弹量=0 锁定=否
[server] 阶段=4 剩余=146s HP=600 热量=0 弹量=0 锁定=否
[server] 阶段=4 剩余=141s HP=600 热量=0 弹量=0 锁定=是
[server] 阶段=4 剩余=136s HP=547 热量=0 弹量=0 锁定=是
[server] 阶段=4 剩余=131s HP=466 热量=0 弹量=0 锁定=是
[server] 阶段=4 剩余=126s HP=574 热量=0 弹量=0 锁定=是
[server] 阶段=4 剩余=121s HP=587 热量=0 弹量=0 锁定=否
[server] 阶段=4 剩余=116s HP=546 热量=0 弹量=0 锁定=否
[server] 阶段=4 剩余=111s HP=600 热量=0 弹量=0 锁定=否
[server] 阶段=4 剩余=106s HP=600 热量=0 弹量=0 锁定=否
[server] 阶段=4 剩余=101s HP=600 热量=0 弹量=0 锁定=否
[server] 阶段=4 剩余=96s HP=549 热量=0 弹量=0 锁定=否
[server] 阶段=4 剩余=91s HP=523 热量=0 弹量=0 锁定=否
[server] 阶段=4 剩余=86s HP=568 热量=0 弹量=0 锁定=是
[server] 阶段=4 剩余=81s HP=594 热量=0 弹量=0 锁定=否
[server] 阶段=4 剩余=76s HP=600 热量=0 弹量=0 锁定=否
[server] 阶段=4 剩余=71s HP=600 热量=0 弹量=0 锁定=否
[server] 阶段=4 剩余=66s HP=600 热量=0 弹量=0 锁定=否
[server] 阶段=4 剩余=61s HP=600 热量=0 弹量=0 锁定=否
[server] 阶段=4 剩余=56s HP=504 热量=0 弹量=0 锁定=否
[server] 阶段=4 剩余=51s HP=600 热量=0 弹量=0 锁定=是
[server] 阶段=4 剩余=46s HP=600 热量=0 弹量=0 锁定=否
[server] 阶段=4 剩余=41s HP=600 热量=0 弹量=0 锁定=否
[server] 阶段=4 剩余=36s HP=512 热量=0 弹量=0 锁定=否
[server] 阶段=4 剩余=31s HP=586 热量=0 弹量=0 锁定=否
[server] 阶段=4 剩余=26s HP=571 热量=0 弹量=0 锁定=否
[server] 阶段=4 剩余=21s HP=582 热量=0 弹量=0 锁定=否
[server] 阶段=4 剩余=16s HP=583 热量=0 弹量=0 锁定=否
[server] 阶段=4 剩余=11s HP=599 热量=0 弹量=0 锁定=否
[server] 阶段=4 剩余=6s HP=594 热量=0 弹量=0 锁定=否
[server] 阶段=4 剩余=1s HP=558 热量=0 弹量=0 锁定=否
[server] 阶段=4 剩余=416s HP=524 热量=0 弹量=0 锁定=否
[server] 阶段=4 剩余=411s HP=598 热量=0 弹量=0 锁定=否
[server] 阶段=4 剩余=406s HP=564 热量=0 弹量=0 锁定=否
[server] 阶段=4 剩余=401s HP=546 热量=0 弹量=0 锁定=否
[server] 阶段=4 剩余=396s HP=585 热量=0 弹量=0 锁定=否
[server] 阶段=4 剩余=391s HP=582 热量=0 弹量=0 锁定=否
[server] 致盲开始 match_t=30.0s 持续=12.0s
[server] 阶段=4 剩余=386s HP=563 热量=0 弹量=0 锁定=否
[server] 阶段=4 剩余=381s HP=592 热量=0 弹量=0 锁定=否
[server] 致盲结束 match_t=42.0s
[server] 阶段=4 剩余=376s HP=504 热量=0 弹量=0 锁定=否
[server] 阶段=4 剩余=371s HP=537 热量=0 弹量=0 锁定=否
[server] 阶段=4 剩余=366s HP=448 热量=0 弹量=0 锁定=否
[server] 阶段=4 剩余=361s HP=524 热量=0 弹量=0 锁定=是
[server] 阶段=4 剩余=356s HP=552 热量=0 弹量=0 锁定=否
[server] 阶段=4 剩余=351s HP=577 热量=0 弹量=0 锁定=否
[server] 阶段=4 剩余=346s HP=554 热量=0 弹量=0 锁定=否
[server] 阶段=4 剩余=341s HP=600 热量=0 弹量=0 锁定=否
[server] 阶段=4 剩余=336s HP=554 热量=0 弹量=0 锁定=否
[server] 阶段=4 剩余=331s HP=467 热量=0 弹量=0 锁定=否
[server] 阶段=4 剩余=326s HP=486 热量=0 弹量=0 锁定=是
[server] 阶段=4 剩余=321s HP=559 热量=0 弹量=0 锁定=否
[server] 阶段=4 剩余=316s HP=600 热量=0 弹量=0 锁定=否
[server] 阶段=4 剩余=311s HP=490 热量=0 弹量=0 锁定=否
[server] 阶段=4 剩余=306s HP=505 热量=0 弹量=0 锁定=否
[server] 阶段=4 剩余=301s HP=528 热量=0 弹量=0 锁定=是
[server] 阶段=4 剩余=296s HP=520 热量=0 弹量=0 锁定=否
[server] 阶段=4 剩余=291s HP=545 热量=0 弹量=0 锁定=否
[server] 阶段=4 剩余=286s HP=600 热量=0 弹量=0 锁定=是
[server] 阶段=4 剩余=281s HP=546 热量=0 弹量=0 锁定=否
[server] 阶段=4 剩余=276s HP=600 热量=0 弹量=0 锁定=是
[server] 阶段=4 剩余=271s HP=594 热量=0 弹量=0 锁定=否
[server] 致盲开始 match_t=150.0s 持续=12.0s
[server] 阶段=4 剩余=266s HP=536 热量=0 弹量=0 锁定=否
[server] 阶段=4 剩余=261s HP=568 热量=0 弹量=0 锁定=否
[server] 致盲结束 match_t=162.0s
[server] 阶段=4 剩余=256s HP=528 热量=0 弹量=0 锁定=否
[server] 阶段=4 剩余=251s HP=581 热量=0 弹量=0 锁定=否
[server] 阶段=4 剩余=246s HP=511 热量=0 弹量=0 锁定=否
[server] 阶段=4 剩余=241s HP=540 热量=0 弹量=0 锁定=否
[server] 阶段=4 剩余=236s HP=482 热量=0 弹量=0 锁定=是
[server] 阶段=4 剩余=231s HP=567 热量=0 弹量=0 锁定=否
[server] 阶段=4 剩余=226s HP=600 热量=0 弹量=0 锁定=否
[server] 阶段=4 剩余=221s HP=600 热量=0 弹量=0 锁定=否
[server] 阶段=4 剩余=216s HP=566 热量=0 弹量=0 锁定=否
[server] 阶段=4 剩余=211s HP=537 热量=0 弹量=0 锁定=否
[server] 阶段=4 剩余=206s HP=563 热量=0 弹量=0 锁定=否
[server] 阶段=4 剩余=200s HP=586 热量=0 弹量=0 锁定=否
[server] 阶段=4 剩余=195s HP=600 热量=0 弹量=0 锁定=否
[server] 阶段=4 剩余=190s HP=600 热量=0 弹量=0 锁定=否
[server] 阶段=4 剩余=185s HP=600 热量=0 弹量=0 锁定=否
[server] 阶段=4 剩余=180s HP=600 热量=0 弹量=0 锁定=否
[server] 阶段=4 剩余=175s HP=435 热量=0 弹量=0 锁定=否
[server] 阶段=4 剩余=170s HP=487 热量=0 弹量=0 锁定=否
[server] 阶段=4 剩余=165s HP=547 热量=0 弹量=0 锁定=否
[server] 阶段=4 剩余=160s HP=534 热量=0 弹量=0 锁定=是
[server] 阶段=4 剩余=155s HP=566 热量=0 弹量=0 锁定=是
[server] 阶段=4 剩余=150s HP=520 热量=0 弹量=0 锁定=是
[server] 阶段=4 剩余=145s HP=513 热量=0 弹量=0 锁定=是
[server] 阶段=4 剩余=140s HP=600 热量=0 弹量=0 锁定=否
[server] 阶段=4 剩余=135s HP=564 热量=0 弹量=0 锁定=否
[server] 阶段=4 剩余=130s HP=600 热量=0 弹量=0 锁定=否
[server] 阶段=4 剩余=125s HP=600 热量=0 弹量=0 锁定=否
[server] 阶段=4 剩余=120s HP=529 热量=0 弹量=0 锁定=否
[server] 阶段=4 剩余=115s HP=585 热量=0 弹量=0 锁定=否
[server] 阶段=4 剩余=110s HP=588 热量=0 弹量=0 锁定=否
[server] 阶段=4 剩余=105s HP=561 热量=0 弹量=0 锁定=否
[server] 阶段=4 剩余=100s HP=600 热量=0 弹量=0 锁定=是
[server] 阶段=4 剩余=95s HP=600 热量=0 弹量=0 锁定=否
[server] 阶段=4 剩余=90s HP=582 热量=0 弹量=0 锁定=否
[server] 阶段=4 剩余=85s HP=554 热量=0 弹量=0 锁定=否
[server] 阶段=4 剩余=80s HP=565 热量=0 弹量=0 锁定=否
[server] 阶段=4 剩余=75s HP=535 热量=0 弹量=0 锁定=否
[server] 阶段=4 剩余=70s HP=453 热量=0 弹量=0 锁定=否
[server] 阶段=4 剩余=65s HP=557 热量=0 弹量=0 锁定=否
[server] 阶段=4 剩余=60s HP=523 热量=0 弹量=0 锁定=否
[server] 阶段=4 剩余=55s HP=458 热量=0 弹量=0 锁定=否
[server] 阶段=4 剩余=50s HP=418 热量=0 弹量=0 锁定=是
[server] 阶段=4 剩余=45s HP=307 热量=0 弹量=0 锁定=否
[server] 阶段=4 剩余=40s HP=214 热量=0 弹量=0 锁定=否
[server] 阶段=4 剩余=35s HP=393 热量=0 弹量=0 锁定=否
[server] 阶段=4 剩余=30s HP=334 热量=0 弹量=0 锁定=是
[server] 阶段=4 剩余=25s HP=356 热量=0 弹量=0 锁定=是
[server] 阶段=4 剩余=20s HP=375 热量=0 弹量=0 锁定=否
[server] 阶段=4 剩余=15s HP=391 热量=0 弹量=0 锁定=否
[server] 阶段=4 剩余=10s HP=324 热量=0 弹量=0 锁定=否
[server] 阶段=4 剩余=5s HP=344 热量=0 弹量=0 锁定=否
[server] 阶段=4 剩余=0s HP=414 热量=0 弹量=0 锁定=否
[server] 阶段=4 剩余=415s HP=557 热量=0 弹量=0 锁定=否
[server] 阶段=4 剩余=410s HP=557 热量=0 弹量=0 锁定=否
[server] 阶段=4 剩余=405s HP=525 热量=0 弹量=0 锁定=否
[server] 阶段=4 剩余=400s HP=582 热量=0 弹量=0 锁定=否
[server] 阶段=4 剩余=395s HP=567 热量=0 弹量=0 锁定=否
[server] 阶段=4 剩余=390s HP=600 热量=0 弹量=0 锁定=否
[server] 致盲开始 match_t=30.0s 持续=12.0s
[server] 阶段=4 剩余=385s HP=534 热量=0 弹量=0 锁定=否
[server] 阶段=4 剩余=380s HP=572 热量=0 弹量=0 锁定=是
[server] 致盲结束 match_t=42.0s
[server] 阶段=4 剩余=375s HP=580 热量=0 弹量=0 锁定=否
[server] 阶段=4 剩余=370s HP=586 热量=0 弹量=0 锁定=否
[server] 阶段=4 剩余=365s HP=600 热量=0 弹量=0 锁定=否
[server] 阶段=4 剩余=360s HP=540 热量=0 弹量=0 锁定=否
[server] 阶段=4 剩余=355s HP=564 热量=0 弹量=0 锁定=否
[server] 阶段=4 剩余=350s HP=563 热量=0 弹量=0 锁定=否
[server] 阶段=4 剩余=345s HP=571 热量=0 弹量=0 锁定=否
[server] 阶段=4 剩余=340s HP=495 热量=0 弹量=0 锁定=否
[server] 阶段=4 剩余=335s HP=348 热量=0 弹量=0 锁定=是
[server] 阶段=4 剩余=330s HP=320 热量=0 弹量=0 锁定=是
[server] 阶段=4 剩余=325s HP=279 热量=0 弹量=0 锁定=否
[server] 阶段=4 剩余=320s HP=437 热量=0 弹量=0 锁定=否
[server] 阶段=4 剩余=315s HP=566 热量=0 弹量=0 锁定=否
[server] 阶段=4 剩余=310s HP=600 热量=0 弹量=0 锁定=否
[server] 阶段=4 剩余=305s HP=561 热量=0 弹量=0 锁定=否
[server] 阶段=4 剩余=300s HP=600 热量=0 弹量=0 锁定=否
[server] 阶段=4 剩余=295s HP=600 热量=0 弹量=0 锁定=否
[server] 阶段=4 剩余=290s HP=581 热量=0 弹量=0 锁定=是
[server] 阶段=4 剩余=285s HP=600 热量=0 弹量=0 锁定=否
[server] 阶段=4 剩余=280s HP=582 热量=0 弹量=0 锁定=否
[server] 阶段=4 剩余=275s HP=569 热量=0 弹量=0 锁定=否
[server] 阶段=4 剩余=270s HP=534 热量=0 弹量=0 锁定=否
[server] 致盲开始 match_t=150.0s 持续=12.0s
[server] 阶段=4 剩余=265s HP=464 热量=0 弹量=0 锁定=否
[server] 阶段=4 剩余=260s HP=442 热量=0 弹量=0 锁定=否
[server] 致盲结束 match_t=162.0s
[server] 阶段=4 剩余=255s HP=509 热量=0 弹量=0 锁定=否
[server] 阶段=4 剩余=250s HP=504 热量=0 弹量=0 锁定=是
[server] 阶段=4 剩余=245s HP=530 热量=0 弹量=0 锁定=否
[server] 阶段=4 剩余=240s HP=497 热量=0 弹量=0 锁定=是
[server] 阶段=4 剩余=235s HP=562 热量=0 弹量=0 锁定=否
[server] 阶段=4 剩余=230s HP=600 热量=0 弹量=0 锁定=否
[server] 阶段=4 剩余=225s HP=562 热量=0 弹量=0 锁定=否
[server] 阶段=4 剩余=220s HP=600 热量=0 弹量=0 锁定=否
[server] 阶段=4 剩余=215s HP=600 热量=0 弹量=0 锁定=否
[server] 阶段=4 剩余=210s HP=600 热量=0 弹量=0 锁定=否
[server] 阶段=4 剩余=205s HP=394 热量=0 弹量=0 锁定=否
[server] 阶段=4 剩余=200s HP=454 热量=0 弹量=0 锁定=否
[server] 阶段=4 剩余=195s HP=519 热量=0 弹量=0 锁定=否
[server] 阶段=4 剩余=190s HP=454 热量=0 弹量=0 锁定=是
[server] 阶段=4 剩余=185s HP=486 热量=0 弹量=0 锁定=否
[server] 阶段=4 剩余=180s HP=570 热量=0 弹量=0 锁定=否
[server] 阶段=4 剩余=175s HP=531 热量=0 弹量=0 锁定=否
[server] 阶段=4 剩余=170s HP=560 热量=0 弹量=0 锁定=是
[server] 阶段=4 剩余=165s HP=569 热量=0 弹量=0 锁定=是
[server] 阶段=4 剩余=160s HP=590 热量=0 弹量=0 锁定=否
[server] 阶段=4 剩余=155s HP=600 热量=0 弹量=0 锁定=否
[server] 阶段=4 剩余=150s HP=561 热量=0 弹量=0 锁定=是
[server] 阶段=4 剩余=145s HP=563 热量=0 弹量=0 锁定=否
[server] 阶段=4 剩余=140s HP=537 热量=0 弹量=0 锁定=是
[server] 阶段=4 剩余=135s HP=600 热量=0 弹量=0 锁定=否
[server] 阶段=4 剩余=130s HP=546 热量=0 弹量=0 锁定=否
[server] 阶段=4 剩余=125s HP=600 热量=0 弹量=0 锁定=否
[server] 阶段=4 剩余=120s HP=570 热量=0 弹量=0 锁定=否
[server] 阶段=4 剩余=115s HP=600 热量=0 弹量=0 锁定=是
[server] 阶段=4 剩余=110s HP=600 热量=0 弹量=0 锁定=否
[server] 阶段=4 剩余=105s HP=600 热量=0 弹量=0 锁定=否
[server] 阶段=4 剩余=100s HP=557 热量=0 弹量=0 锁定=否
[server] 阶段=4 剩余=95s HP=503 热量=0 弹量=0 锁定=否
[server] 阶段=4 剩余=90s HP=600 热量=0 弹量=0 锁定=否
[server] 阶段=4 剩余=85s HP=600 热量=0 弹量=0 锁定=否
[server] 阶段=4 剩余=80s HP=579 热量=0 弹量=0 锁定=否
[server] 阶段=4 剩余=75s HP=552 热量=0 弹量=0 锁定=是
[server] 阶段=4 剩余=70s HP=546 热量=0 弹量=0 锁定=是
[server] 阶段=4 剩余=65s HP=577 热量=0 弹量=0 锁定=否
[server] 阶段=4 剩余=60s HP=507 热量=0 弹量=0 锁定=否
[server] 阶段=4 剩余=55s HP=579 热量=0 弹量=0 锁定=否
[server] 阶段=4 剩余=50s HP=570 热量=0 弹量=0 锁定=否
[server] 阶段=4 剩余=45s HP=600 热量=0 弹量=0 锁定=否
[server] 阶段=4 剩余=40s HP=556 热量=0 弹量=0 锁定=是
[server] 阶段=4 剩余=35s HP=593 热量=0 弹量=0 锁定=是
[server] 阶段=4 剩余=30s HP=600 热量=0 弹量=0 锁定=否
[server] 阶段=4 剩余=25s HP=566 热量=0 弹量=0 锁定=否
[server] 阶段=4 剩余=20s HP=511 热量=0 弹量=0 锁定=否
[server] 阶段=4 剩余=15s HP=497 热量=0 弹量=0 锁定=否
[server] 阶段=4 剩余=10s HP=439 热量=0 弹量=0 锁定=否
[server] 阶段=4 剩余=5s HP=439 热量=0 弹量=0 锁定=否
[server] 阶段=4 剩余=0s HP=409 热量=0 弹量=0 锁定=是
[server] 阶段=4 剩余=415s HP=307 热量=0 弹量=0 锁定=是
[server] 阶段=4 剩余=410s HP=466 热量=0 弹量=0 锁定=是
[server] 阶段=4 剩余=405s HP=580 热量=0 弹量=0 锁定=否
[server] 阶段=4 剩余=400s HP=549 热量=0 弹量=0 锁定=否
[server] 阶段=4 剩余=395s HP=549 热量=0 弹量=0 锁定=否
[server] 阶段=4 剩余=390s HP=587 热量=0 弹量=0 锁定=否
[server] 致盲开始 match_t=30.0s 持续=12.0s
[server] 阶段=4 剩余=385s HP=595 热量=0 弹量=0 锁定=否
[server] 阶段=4 剩余=380s HP=593 热量=0 弹量=0 锁定=否
[server] 致盲结束 match_t=42.0s
