ts=2026-09-15T00:08:55.166Z level=info event=startup mode=terminal platform=macOS mqtt_host=127.0.0.1 mqtt_port=3333 udp_port=3334 stale_window_ms=500
ts=2026-09-15T00:08:56.374Z level=warning event=stale_data groups=robot3.modules:11,robot3.position:3 robots=1
ts=2026-09-15T00:08:57.421Z level=warning event=stale_data groups=robot3.modules:11,robot3.position:3 robots=1
ts=2026-09-15T00:08:57.941Z level=warning event=stale_data groups=event:3 robots=1
ts=2026-09-15T00:08:58.191Z level=warning event=stale_data groups=event:3,robot3.modules:11,robot3.position:3,robot3.telemetry:4 robots=1
ts=2026-09-15T00:08:58.691Z level=warning event=stale_data groups=event:3,robot3.telemetry:4 robots=1
ts=2026-09-15T00:08:59.190Z level=warning event=stale_data groups=event:3,robot3.modules:11,robot3.position:3,robot3.telemetry:4 robots=1
ts=2026-09-15T00:08:59.690Z level=warning event=stale_data groups=event:3,robot3.telemetry:4 robots=1
ts=2026-09-15T00:08:59.690Z level=info event=ui_mode_switch from=Info to=Video reason=BlindAsserted blind_freshness=Fresh
ts=2026-09-15T00:08:59.940Z level=warning event=stale_data groups=robot3.telemetry:4 robots=1
ts=2026-09-15T00:09:00.191Z level=warning event=stale_data groups=robot3.modules:11,robot3.position:3,robot3.telemetry:4 robots=1
ts=2026-09-15T00:09:00.440Z level=warning event=stale_data groups=robot3.modules:11,robot3.position:3 robots=1
ts=2026-09-15T00:09:01.190Z level=warning event=stale_data groups=event:3,robot3.modules:11,robot3.position:3 robots=1
ts=2026-09-15T00:09:01.691Z level=warning event=stale_data groups=event:3 robots=1
ts=2026-09-15T00:09:02.191Z level=warning event=stale_data groups=event:3,robot3.modules:11,robot3.position:3 robots=1
ts=2026-09-15T00:09:02.691Z level=warning event=stale_data groups=event:3 robots=1
ts=2026-09-15T00:09:03.191Z level=warning event=stale_data groups=event:3,robot3.modules:11,robot3.position:3 robots=1
ts=2026-09-15T00:09:03.691Z level=warning event=stale_data groups=event:3,robot3.telemetry:4 robots=1
ts=2026-09-15T00:09:04.191Z level=warning event=stale_data groups=robot3.modules:11,robot3.position:3,robot3.telemetry:4 robots=1
ts=2026-09-15T00:09:04.691Z level=warning event=stale_data groups=event:3,robot3.telemetry:4 robots=1
ts=2026-09-15T00:09:05.190Z level=warning event=stale_data groups=robot3.modules:11,robot3.position:3 robots=1
ts=2026-09-15T00:09:05.941Z level=warning event=stale_data groups=event:3 robots=1
ts=2026-09-15T00:09:06.191Z level=warning event=stale_data groups=event:3,robot3.modules:11,robot3.position:3 robots=1
ts=2026-09-15T00:09:07.191Z level=warning event=stale_data groups=robot3.modules:11,robot3.position:3 robots=1
ts=2026-09-15T00:09:07.691Z level=warning event=stale_data groups=event:3 robots=1
ts=2026-09-15T00:09:08.190Z level=warning event=stale_data groups=event:3,robot3.modules:11,robot3.position:3 robots=1
ts=2026-09-15T00:09:08.440Z level=warning event=stale_data groups=robot3.modules:11,robot3.position:3 robots=1
ts=2026-09-15T00:09:09.189Z level=warning event=stale_data groups=event:3,robot3.modules:11,robot3.position:3 robots=1
ts=2026-09-15T00:09:10.191Z level=warning event=stale_data groups=robot3.modules:11,robot3.position:3 robots=1
ts=2026-09-15T00:09:10.691Z level=warning event=stale_data groups=event:3 robots=1
ts=2026-09-15T00:09:11.191Z level=warning event=stale_data groups=robot3.modules:11,robot3.position:3 robots=1
ts=2026-09-15T00:09:11.440Z level=warning event=stale_data groups=event:3,robot3.modules:11,robot3.position:3 robots=1
ts=2026-09-15T00:09:12.190Z level=warning event=stale_data groups=robot3.modules:11,robot3.position:3 robots=1
ts=2026-09-15T00:09:13.191Z level=warning event=stale_data groups=event:3,robot3.modules:11,robot3.position:3 robots=1
ts=2026-09-15T00:09:13.690Z level=warning event=stale_data groups=event:3 robots=1
ts=2026-09-15T00:09:14.191Z level=warning event=stale_data groups=event:3,robot3.modules:11,robot3.position:3 robots=1
ts=2026-09-15T00:09:14.440Z level=warning event=stale_data groups=robot3.modules:11,robot3.position:3,robot3.telemetry:4 robots=1
ts=2026-09-15T00:09:14.691Z level=warning event=stale_data groups=robot3.telemetry:4 robots=1
ts=2026-09-15T00:09:14.691Z level=info event=ui_mode_switch from=Video to=Info reason=BlindClearedHysteresis blind_freshness=Fresh
ts=2026-09-15T00:09:15.190Z level=warning event=stale_data groups=robot3.modules:11,robot3.position:3,robot3.telemetry:4 robots=1
ts=2026-09-15T00:09:15.440Z level=warning event=stale_data groups=event:3,robot3.modules:11,robot3.position:3,robot3.telemetry:4 robots=1
ts=2026-09-15T00:09:15.690Z level=warning event=stale_data groups=event:3,robot3.telemetry:4 robots=1
ts=2026-09-15T00:09:16.190Z level=warning event=stale_data groups=event:3,robot3.modules:11,robot3.position:3,robot3.telemetry:4 robots=1
ts=2026-09-15T00:09:16.690Z level=warning event=stale_data groups=event:3,robot3.telemetry:4 robots=1
ts=2026-09-15T00:09:17.191Z level=warning event=stale_data groups=robot3.modules:11,robot3.position:3 robots=1
ts=2026-09-15T00:09:17.441Z level=warning event=stale_data groups=event:3,robot3.modules:11,robot3.position:3 robots=1
ts=2026-09-15T00:09:18.190Z level=warning event=stale_data groups=robot3.modules:11,robot3.position:3,robot3.telemetry:4 robots=1
ts=2026-09-15T00:09:18.440Z level=warning event=stale_data groups=event:3,robot3.modules:11,robot3.position:3,robot3.telemetry:4 robots=1
ts=2026-09-15T00:09:18.690Z level=warning event=stale_data groups=robot3.telemetry:4 robots=1
ts=2026-09-15T00:09:19.191Z level=warning event=stale_data groups=event:3,robot3.modules:11,robot3.position:3,robot3.telemetry:4 robots=1
ts=2026-09-15T00:09:19.691Z level=warning event=stale_data groups=event:3,robot3.telemetry:4 robots=1
ts=2026-09-15T00:09:20.191Z level=warning event=stale_data groups=event:3,robot3.modules:11,robot3.position:3,robot3.telemetry:4 robots=1
ts=2026-09-15T00:09:20.440Z level=warning event=stale_data groups=robot3.modules:11,robot3.position:3 robots=1
ts=2026-09-15T00:09:20.941Z level=warning event=stale_data groups=event:3 robots=1
ts=2026-09-15T00:09:21.191Z level=warning event=stale_data groups=event:3,robot3.modules:11,robot3.position:3 robots=1
ts=2026-09-15T00:09:21.440Z level=warning event=stale_data groups=robot3.modules:11,robot3.position:3,robot3.telemetry:4 robots=1
ts=2026-09-15T00:09:21.691Z level=warning event=stale_data groups=robot3.telemetry:4 robots=1
ts=2026-09-15T00:09:21.940Z level=warning event=stale_data groups=event:3,robot3.telemetry:4 robots=1
ts=2026-09-15T00:09:22.191Z level=warning event=stale_data groups=event:3,robot3.modules:11,robot3.position:3,robot3.telemetry:4 robots=1
ts=2026-09-15T00:09:22.441Z level=warning event=stale_data groups=robot3.modules:11,robot3.position:3 robots=1
ts=2026-09-15T00:09:23.191Z level=warning event=stale_data groups=event:3,robot3.modules:11,robot3.position:3 robots=1
ts=2026-09-15T00:09:24.191Z level=warning event=stale_data groups=robot3.modules:11,robot3.position:3 robots=1
ts=2026-09-15T00:09:24.440Z level=warning event=stale_data groups=event:3,robot3.modules:11,robot3.position:3 robots=1
ts=2026-09-15T00:09:24.691Z level=warning event=stale_data groups=event:3,robot3.telemetry:4 robots=1
ts=2026-09-15T00:09:25.190Z level=warning event=stale_data groups=robot3.modules:11,robot3.position:3 robots=1
ts=2026-09-15T00:09:25.941Z level=warning event=stale_data groups=event:3 robots=1
ts=2026-09-15T00:09:26.190Z level=warning event=stale_data groups=robot3.modules:11,robot3.position:3 robots=1
ts=2026-09-15T00:09:26.690Z level=warning event=stale_data groups=robot3.telemetry:4 robots=1
ts=2026-09-15T00:09:27.191Z level=warning event=stale_data groups=robot3.modules:11,robot3.position:3 robots=1
ts=2026-09-15T00:09:27.441Z level=warning event=stale_data groups=event:3,robot3.modules:11,robot3.position:3 robots=1
ts=2026-09-15T00:09:27.691Z level=warning event=stale_data groups=event:3,robot3.telemetry:4 robots=1
ts=2026-09-15T00:09:28.191Z level=warning event=stale_data groups=robot3.modules:11,robot3.position:3,robot3.telemetry:4 robots=1
ts=2026-09-15T00:09:28.691Z level=warning event=stale_data groups=event:3,robot3.telemetry:4 robots=1
ts=2026-09-15T00:09:29.191Z level=warning event=stale_data groups=robot3.modules:11,robot3.position:3 robots=1
ts=2026-09-15T00:09:29.691Z level=warning event=stale_data groups=event:3 robots=1
ts=2026-09-15T00:09:30.190Z level=warning event=stale_data groups=robot3.modules:11,robot3.position:3 robots=1
ts=2026-09-15T00:09:30.941Z level=warning event=stale_data groups=robot3.telemetry:4 robots=1
ts=2026-09-15T00:09:31.190Z level=warning event=stale_data groups=event:3,robot3.modules:11,robot3.position:3,robot3.telemetry:4 robots=1
ts=2026-09-15T00:09:31.441Z level=warning event=stale_data groups=robot3.modules:11,robot3.position:3,robot3.telemetry:4 robots=1
ts=2026-09-15T00:09:31.690Z level=warning event=stale_data groups=robot3.telemetry:4 robots=1
ts=2026-09-15T00:09:32.191Z level=warning event=stale_data groups=event:3,robot3.modules:11,robot3.position:3,robot3.telemetry:4 robots=1
ts=2026-09-15T00:09:32.691Z level=warning event=stale_data groups=robot3.telemetry:4 robots=1
ts=2026-09-15T00:09:33.191Z level=warning event=stale_data groups=event:3,robot3.modules:11,robot3.position:3,robot3.telemetry:4 robots=1
ts=2026-09-15T00:09:33.690Z level=warning event=stale_data groups=event:3,robot3.telemetry:4 robots=1
ts=2026-09-15T00:09:33.940Z level=warning event=stale_data groups=robot3.telemetry:4 robots=1
ts=2026-09-15T00:09:34.191Z level=warning event=stale_data groups=robot3.modules:11,robot3.position:3,robot3.telemetry:4 robots=1
ts=2026-09-15T00:09:34.441Z level=warning event=stale_data groups=event:3,robot3.modules:11,robot3.position:3,robot3.telemetry:4 robots=1
ts=2026-09-15T00:09:34.691Z level=warning event=stale_data groups=event:3,robot3.telemetry:4 robots=1
ts=2026-09-15T00:09:35.191Z level=warning event=stale_data groups=robot3.modules:11,robot3.position:3 robots=1
ts=2026-09-15T00:09:35.441Z level=warning event=stale_data groups=event:3,robot3.modules:11,robot3.position:3 robots=1
ts=2026-09-15T00:09:36.191Z level=warning event=stale_data groups=robot3.modules:11,robot3.position:3 robots=1
ts=2026-09-15T00:09:36.440Z level=warning event=stale_data groups=event:3,robot3.modules:11,robot3.position:3 robots=1
ts=2026-09-15T00:09:36.690Z level=warning event=stale_data groups=event:3 robots=1
ts=2026-09-15T00:09:37.191Z level=warning event=stale_data groups=event:3,robot3.modules:11,robot3.position:3 robots=1
ts=2026-09-15T00:09:37.690Z level=warning event=stale_data groups=event:3 robots=1
ts=2026-09-15T00:09:38.191Z level=warning event=stale_data groups=event:3,robot3.modules:11,robot3.position:3,robot3.telemetry:4 robots=1
ts=2026-09-15T00:09:38.441Z level=warning event=stale_data groups=robot3.modules:11,robot3.position:3 robots=1
ts=2026-09-15T00:09:39.190Z level=warning event=stale_data groups=event:3,robot3.modules:11,robot3.position:3 robots=1
ts=2026-09-15T00:09:39.440Z level=warning event=stale_data groups=robot3.modules:11,robot3.position:3 robots=1
ts=2026-09-15T00:09:39.941Z level=warning event=stale_data groups=event:3 robots=1
ts=2026-09-15T00:09:40.191Z level=warning event=stale_data groups=event:3,robot3.modules:11,robot3.position:3,robot3.telemetry:4 robots=1
ts=2026-09-15T00:09:40.691Z level=warning event=stale_data groups=event:3,robot3.telemetry:4 robots=1
ts=2026-09-15T00:09:40.941Z level=warning event=stale_data groups=robot3.telemetry:4 robots=1
ts=2026-09-15T00:09:41.191Z level=warning event=stale_data groups=robot3.modules:11,robot3.position:3,robot3.telemetry:4 robots=1
ts=2026-09-15T00:09:41.441Z level=warning event=stale_data groups=event:3,robot3.modules:11,robot3.position:3,robot3.telemetry:4 robots=1
ts=2026-09-15T00:09:41.690Z level=warning event=stale_data groups=event:3,robot3.telemetry:4 robots=1
ts=2026-09-15T00:09:42.190Z level=warning event=stale_data groups=event:3,robot3.modules:11,robot3.position:3,robot3.telemetry:4 robots=1
ts=2026-09-15T00:09:43.191Z level=warning event=stale_data groups=event:3,robot3.modules:11,robot3.position:3 robots=1
ts=2026-09-15T00:09:43.691Z level=warning event=stale_data groups=event:3 robots=1
ts=2026-09-15T00:09:44.191Z level=warning event=stale_data groups=event:3,robot3.modules:11,robot3.position:3 robots=1
ts=2026-09-15T00:09:45.190Z level=warning event=stale_data groups=robot3.modules:11,robot3.position:3 robots=1
ts=2026-09-15T00:09:46.191Z level=warning event=stale_data groups=event:3,robot3.modules:11,robot3.position:3 robots=1
ts=2026-09-15T00:09:46.441Z level=warning event=stale_data groups=robot3.modules:11,robot3.position:3 robots=1
ts=2026-09-15T00:09:46.691Z level=warning event=stale_data groups=robot3.telemetry:4 robots=1
ts=2026-09-15T00:09:46.941Z level=warning event=stale_data groups=event:3,robot3.telemetry:4 robots=1
ts=2026-09-15T00:09:47.191Z level=warning event=stale_data groups=event:3,robot3.modules:11,robot3.position:3,robot3.telemetry:4 robots=1
ts=2026-09-15T00:09:47.691Z level=warning event=stale_data groups=event:3,robot3.telemetry:4 robots=1
ts=2026-09-15T00:09:48.191Z level=warning event=stale_data groups=event:3,robot3.modules:11,robot3.position:3,robot3.telemetry:4 robots=1
ts=2026-09-15T00:09:48.690Z level=warning event=stale_data groups=event:3,robot3.telemetry:4 robots=1
ts=2026-09-15T00:09:48.963Z level=info event=shutdown mode=terminal exit=0
ts=2026-09-15T00:10:13.668Z level=info event=startup mode=terminal platform=macOS mqtt_host=127.0.0.1 mqtt_port=3333 udp_port=3334 stale_window_ms=500
ts=2026-09-15T00:10:13.729Z level=info event=ui_mode_switch from=Info to=Video reason=ForcedByCli blind_freshness=Fresh
ts=2026-09-15T00:10:14.256Z level=warning event=stale_data groups=robot3.modules:11,robot3.position:3 robots=1
ts=2026-09-15T00:10:14.461Z level=info event=shutdown mode=terminal exit=0
ts=2026-09-15T00:10:52.233Z level=info event=startup mode=terminal platform=macOS mqtt_host=127.0.0.1 mqtt_port=3333 udp_port=3334 stale_window_ms=500
ts=2026-09-15T00:10:52.304Z level=info event=ui_mode_switch from=Info to=Video reason=ForcedByCli blind_freshness=Fresh
ts=2026-09-15T00:10:53.027Z level=info event=shutdown mode=terminal exit=0
ts=2026-09-15T00:25:48.950Z level=info event=startup mode=terminal platform=macOS mqtt_host=127.0.0.1 mqtt_port=3333 udp_port=3334 stale_window_ms=500
ts=2026-09-15T00:25:49.793Z level=info event=shutdown mode=terminal exit=0
ts=2026-09-15T00:26:25.445Z level=info event=startup mode=terminal platform=macOS mqtt_host=127.0.0.1 mqtt_port=3333 udp_port=3334 stale_window_ms=500
ts=2026-09-15T00:26:26.255Z level=info event=shutdown mode=terminal exit=0
