ts=2026-09-14T22:13:23.382Z level=info event=startup mode=terminal platform=macOS mqtt_host=127.0.0.1 mqtt_port=3333 udp_port=3334 stale_window_ms=500
ts=2026-09-14T22:13:24.346Z level=warning event=stale_data groups=event:3 robots=1
ts=2026-09-14T22:13:24.873Z level=warning event=stale_data groups=event:3,robot3.modules:11,robot3.position:3 robots=1
ts=2026-09-14T22:13:25.136Z level=warning event=stale_data groups=event:3,robot3.modules:11,robot3.position:3,robot3.telemetry:4 robots=1
ts=2026-09-14T22:13:25.397Z level=warning event=stale_data groups=event:3,robot3.telemetry:4 robots=1
ts=2026-09-14T22:13:25.906Z level=warning event=stale_data groups=robot3.modules:11,robot3.position:3,robot3.telemetry:4 robots=1
ts=2026-09-14T22:13:26.407Z level=warning event=stale_data groups=event:3,robot3.telemetry:4 robots=1
ts=2026-09-14T22:13:26.903Z level=warning event=stale_data groups=event:3,robot3.modules:11,robot3.position:3,robot3.telemetry:4 robots=1
ts=2026-09-14T22:13:27.403Z level=warning event=stale_data groups=event:3,robot3.telemetry:4 robots=1
ts=2026-09-14T22:13:27.905Z level=warning event=stale_data groups=event:3,robot3.modules:11,robot3.position:3,robot3.telemetry:4 robots=1
ts=2026-09-14T22:13:28.155Z level=warning event=stale_data groups=robot3.modules:11,robot3.position:3,robot3.telemetry:4 robots=1
ts=2026-09-14T22:13:28.402Z level=warning event=stale_data groups=robot3.telemetry:4 robots=1
ts=2026-09-14T22:13:28.652Z level=warning event=stale_data groups=event:3,robot3.telemetry:4 robots=1
ts=2026-09-14T22:13:28.904Z level=warning event=stale_data groups=event:3,robot3.modules:11,robot3.position:3,robot3.telemetry:4 robots=1
ts=2026-09-14T22:13:29.156Z level=warning event=stale_data groups=robot3.modules:11,robot3.position:3 robots=1
ts=2026-09-14T22:13:29.651Z level=warning event=stale_data groups=event:3 robots=1
ts=2026-09-14T22:13:29.906Z level=warning event=stale_data groups=event:3,robot3.modules:11,robot3.position:3 robots=1
ts=2026-09-14T22:13:30.153Z level=warning event=stale_data groups=robot3.modules:11,robot3.position:3 robots=1
ts=2026-09-14T22:13:30.655Z level=warning event=stale_data groups=event:3 robots=1
ts=2026-09-14T22:13:30.907Z level=warning event=stale_data groups=event:3,robot3.modules:11,robot3.position:3 robots=1
ts=2026-09-14T22:13:31.155Z level=warning event=stale_data groups=event:3,robot3.modules:11,robot3.position:3,robot3.telemetry:4 robots=1
ts=2026-09-14T22:13:31.406Z level=warning event=stale_data groups=event:3,robot3.telemetry:4 robots=1
ts=2026-09-14T22:13:31.902Z level=warning event=stale_data groups=event:3,robot3.modules:11,robot3.position:3,robot3.telemetry:4 robots=1
ts=2026-09-14T22:13:32.404Z level=warning event=stale_data groups=event:3,robot3.telemetry:4 robots=1
ts=2026-09-14T22:13:32.903Z level=warning event=stale_data groups=event:3,robot3.modules:11,robot3.position:3,robot3.telemetry:4 robots=1
ts=2026-09-14T22:13:33.155Z level=warning event=stale_data groups=robot3.modules:11,robot3.position:3,robot3.telemetry:4 robots=1
ts=2026-09-14T22:13:33.402Z level=warning event=stale_data groups=robot3.telemetry:4 robots=1
ts=2026-09-14T22:13:33.655Z level=warning event=stale_data groups=event:3,robot3.telemetry:4 robots=1
ts=2026-09-14T22:13:33.906Z level=warning event=stale_data groups=event:3,robot3.modules:11,robot3.position:3,robot3.telemetry:4 robots=1
ts=2026-09-14T22:13:34.404Z level=warning event=stale_data groups=robot3.telemetry:4 robots=1
ts=2026-09-14T22:13:34.903Z level=warning event=stale_data groups=robot3.modules:11,robot3.position:3,robot3.telemetry:4 robots=1
ts=2026-09-14T22:13:35.153Z level=warning event=stale_data groups=robot3.modules:11,robot3.position:3 robots=1
ts=2026-09-14T22:13:35.908Z level=warning event=stale_data groups=robot3.modules:11,robot3.position:3 robots=1
ts=2026-09-14T22:13:36.403Z level=warning event=stale_data groups=event:3 robots=1
ts=2026-09-14T22:13:36.905Z level=warning event=stale_data groups=event:3,robot3.modules:11,robot3.position:3 robots=1
ts=2026-09-14T22:13:37.151Z level=warning event=stale_data groups=robot3.modules:11,robot3.position:3 robots=1
ts=2026-09-14T22:13:37.652Z level=warning event=stale_data groups=event:3,robot3.telemetry:4 robots=1
ts=2026-09-14T22:13:37.909Z level=warning event=stale_data groups=event:3,robot3.modules:11,robot3.position:3,robot3.telemetry:4 robots=1
ts=2026-09-14T22:13:38.406Z level=warning event=stale_data groups=event:3,robot3.telemetry:4 robots=1
ts=2026-09-14T22:13:38.908Z level=warning event=stale_data groups=event:3,robot3.modules:11,robot3.position:3,robot3.telemetry:4 robots=1
ts=2026-09-14T22:13:39.155Z level=warning event=stale_data groups=robot3.modules:11,robot3.position:3 robots=1
ts=2026-09-14T22:13:39.652Z level=warning event=stale_data groups=event:3,robot3.telemetry:4 robots=1
ts=2026-09-14T22:13:39.909Z level=warning event=stale_data groups=event:3,robot3.modules:11,robot3.position:3,robot3.telemetry:4 robots=1
ts=2026-09-14T22:13:40.155Z level=warning event=stale_data groups=robot3.modules:11,robot3.position:3 robots=1
ts=2026-09-14T22:13:40.655Z level=warning event=stale_data groups=event:3 robots=1
ts=2026-09-14T22:13:40.907Z level=warning event=stale_data groups=event:3,robot3.modules:11,robot3.position:3 robots=1
ts=2026-09-14T22:13:41.909Z level=warning event=stale_data groups=event:3,robot3.modules:11,robot3.position:3,robot3.telemetry:4 robots=1
ts=2026-09-14T22:13:42.402Z level=warning event=stale_data groups=event:3,robot3.telemetry:4 robots=1
ts=2026-09-14T22:13:42.903Z level=warning event=stale_data groups=event:3,robot3.modules:11,robot3.position:3,robot3.telemetry:4 robots=1
ts=2026-09-14T22:13:43.401Z level=warning event=stale_data groups=robot3.telemetry:4 robots=1
ts=2026-09-14T22:13:43.904Z level=warning event=stale_data groups=robot3.modules:11,robot3.position:3,robot3.telemetry:4 robots=1
ts=2026-09-14T22:13:44.155Z level=warning event=stale_data groups=event:3,robot3.modules:11,robot3.position:3,robot3.telemetry:4 robots=1
ts=2026-09-14T22:13:44.403Z level=warning event=stale_data groups=event:3,robot3.telemetry:4 robots=1
ts=2026-09-14T22:13:44.909Z level=warning event=stale_data groups=event:3,robot3.modules:11,robot3.position:3,robot3.telemetry:4 robots=1
ts=2026-09-14T22:13:45.151Z level=warning event=stale_data groups=robot3.modules:11,robot3.position:3,robot3.telemetry:4 robots=1
ts=2026-09-14T22:13:45.406Z level=warning event=stale_data groups=robot3.telemetry:4 robots=1
ts=2026-09-14T22:13:45.651Z level=warning event=stale_data groups=event:3,robot3.telemetry:4 robots=1
ts=2026-09-14T22:13:45.903Z level=warning event=stale_data groups=event:3,robot3.modules:11,robot3.position:3,robot3.telemetry:4 robots=1
ts=2026-09-14T22:13:46.409Z level=warning event=stale_data groups=event:3,robot3.telemetry:4 robots=1
ts=2026-09-14T22:13:46.907Z level=warning event=stale_data groups=event:3,robot3.modules:11,robot3.position:3,robot3.telemetry:4 robots=1
ts=2026-09-14T22:13:47.153Z level=warning event=stale_data groups=robot3.modules:11,robot3.position:3,robot3.telemetry:4 robots=1
ts=2026-09-14T22:13:47.405Z level=warning event=stale_data groups=robot3.telemetry:4 robots=1
ts=2026-09-14T22:13:47.653Z level=warning event=stale_data groups=event:3,robot3.telemetry:4 robots=1
ts=2026-09-14T22:13:47.906Z level=warning event=stale_data groups=event:3,robot3.modules:11,robot3.position:3,robot3.telemetry:4 robots=1
ts=2026-09-14T22:13:48.154Z level=warning event=stale_data groups=robot3.modules:11,robot3.position:3,robot3.telemetry:4 robots=1
ts=2026-09-14T22:13:48.407Z level=warning event=stale_data groups=robot3.telemetry:4 robots=1
ts=2026-09-14T22:13:48.906Z level=warning event=stale_data groups=event:3,robot3.modules:11,robot3.position:3,robot3.telemetry:4 robots=1
ts=2026-09-14T22:13:49.402Z level=warning event=stale_data groups=event:3,robot3.telemetry:4 robots=1
ts=2026-09-14T22:13:49.909Z level=warning event=stale_data groups=event:3,robot3.modules:11,robot3.position:3,robot3.telemetry:4 robots=1
ts=2026-09-14T22:13:50.153Z level=warning event=stale_data groups=robot3.modules:11,robot3.position:3 robots=1
ts=2026-09-14T22:13:50.655Z level=warning event=stale_data groups=event:3 robots=1
ts=2026-09-14T22:13:50.906Z level=warning event=stale_data groups=event:3,robot3.modules:11,robot3.position:3 robots=1
ts=2026-09-14T22:13:51.152Z level=warning event=stale_data groups=robot3.modules:11,robot3.position:3 robots=1
ts=2026-09-14T22:13:51.653Z level=warning event=stale_data groups=event:3 robots=1
ts=2026-09-14T22:13:51.902Z level=warning event=stale_data groups=event:3,robot3.modules:11,robot3.position:3 robots=1
ts=2026-09-14T22:13:52.151Z level=warning event=stale_data groups=robot3.modules:11,robot3.position:3 robots=1
ts=2026-09-14T22:13:52.406Z level=warning event=stale_data groups=robot3.telemetry:4 robots=1
ts=2026-09-14T22:13:52.907Z level=warning event=stale_data groups=robot3.modules:11,robot3.position:3,robot3.telemetry:4 robots=1
ts=2026-09-14T22:13:53.408Z level=warning event=stale_data groups=event:3,robot3.telemetry:4 robots=1
ts=2026-09-14T22:13:53.904Z level=warning event=stale_data groups=event:3,robot3.modules:11,robot3.position:3,robot3.telemetry:4 robots=1
ts=2026-09-14T22:13:54.405Z level=warning event=stale_data groups=event:3,robot3.telemetry:4 robots=1
ts=2026-09-14T22:13:54.903Z level=warning event=stale_data groups=event:3,robot3.modules:11,robot3.position:3,robot3.telemetry:4 robots=1
ts=2026-09-14T22:13:55.408Z level=warning event=stale_data groups=event:3,robot3.telemetry:4 robots=1
ts=2026-09-14T22:13:55.906Z level=warning event=stale_data groups=event:3,robot3.modules:11,robot3.position:3,robot3.telemetry:4 robots=1
ts=2026-09-14T22:13:56.407Z level=warning event=stale_data groups=event:3,robot3.telemetry:4 robots=1
ts=2026-09-14T22:13:56.905Z level=warning event=stale_data groups=event:3,robot3.modules:11,robot3.position:3,robot3.telemetry:4 robots=1
ts=2026-09-14T22:13:57.408Z level=warning event=stale_data groups=event:3,robot3.telemetry:4 robots=1
ts=2026-09-14T22:13:57.904Z level=warning event=stale_data groups=event:3,robot3.modules:11,robot3.position:3,robot3.telemetry:4 robots=1
ts=2026-09-14T22:13:58.407Z level=warning event=stale_data groups=event:3,robot3.telemetry:4 robots=1
ts=2026-09-14T22:13:58.910Z level=warning event=stale_data groups=robot3.modules:11,robot3.position:3,robot3.telemetry:4 robots=1
ts=2026-09-14T22:13:59.407Z level=warning event=stale_data groups=event:3,robot3.telemetry:4 robots=1
ts=2026-09-14T22:13:59.910Z level=warning event=stale_data groups=event:3,robot3.modules:11,robot3.position:3,robot3.telemetry:4 robots=1
ts=2026-09-14T22:14:00.407Z level=warning event=stale_data groups=event:3,robot3.telemetry:4 robots=1
ts=2026-09-14T22:14:00.906Z level=warning event=stale_data groups=robot3.modules:11,robot3.position:3,robot3.telemetry:4 robots=1
ts=2026-09-14T22:14:01.408Z level=warning event=stale_data groups=robot3.telemetry:4 robots=1
ts=2026-09-14T22:14:01.652Z level=warning event=stale_data groups=event:3,robot3.telemetry:4 robots=1
ts=2026-09-14T22:14:01.906Z level=warning event=stale_data groups=event:3,robot3.modules:11,robot3.position:3,robot3.telemetry:4 robots=1
ts=2026-09-14T22:14:02.152Z level=warning event=stale_data groups=robot3.modules:11,robot3.position:3,robot3.telemetry:4 robots=1
ts=2026-09-14T22:14:02.407Z level=warning event=stale_data groups=robot3.telemetry:4 robots=1
ts=2026-09-14T22:14:02.653Z level=warning event=stale_data groups=event:3,robot3.telemetry:4 robots=1
ts=2026-09-14T22:14:02.905Z level=warning event=stale_data groups=robot3.modules:11,robot3.position:3,robot3.telemetry:4 robots=1
ts=2026-09-14T22:14:03.406Z level=warning event=stale_data groups=robot3.telemetry:4 robots=1
ts=2026-09-14T22:14:03.406Z level=info event=ui_mode_switch from=Info to=Video reason=BlindAsserted blind_freshness=Fresh
ts=2026-09-14T22:14:03.903Z level=warning event=stale_data groups=event:3,robot3.modules:11,robot3.position:3,robot3.telemetry:4 robots=1
ts=2026-09-14T22:14:04.406Z level=warning event=stale_data groups=event:3,robot3.telemetry:4 robots=1
ts=2026-09-14T22:14:04.907Z level=warning event=stale_data groups=event:3,robot3.modules:11,robot3.position:3,robot3.telemetry:4 robots=1
ts=2026-09-14T22:14:05.406Z level=warning event=stale_data groups=event:3,robot3.telemetry:4 robots=1
ts=2026-09-14T22:14:05.905Z level=warning event=stale_data groups=event:3,robot3.modules:11,robot3.position:3,robot3.telemetry:4 robots=1
ts=2026-09-14T22:14:06.153Z level=warning event=stale_data groups=robot3.modules:11,robot3.position:3 robots=1
ts=2026-09-14T22:14:06.654Z level=warning event=stale_data groups=event:3 robots=1
ts=2026-09-14T22:14:06.903Z level=warning event=stale_data groups=event:3,robot3.modules:11,robot3.position:3 robots=1
ts=2026-09-14T22:14:07.408Z level=warning event=stale_data groups=event:3 robots=1
ts=2026-09-14T22:14:07.903Z level=warning event=stale_data groups=robot3.modules:11,robot3.position:3 robots=1
ts=2026-09-14T22:14:08.409Z level=warning event=stale_data groups=event:3 robots=1
ts=2026-09-14T22:14:08.903Z level=warning event=stale_data groups=event:3,robot3.modules:11,robot3.position:3 robots=1
ts=2026-09-14T22:14:09.152Z level=warning event=stale_data groups=robot3.modules:11,robot3.position:3 robots=1
ts=2026-09-14T22:14:09.653Z level=warning event=stale_data groups=event:3 robots=1
ts=2026-09-14T22:14:09.908Z level=warning event=stale_data groups=robot3.modules:11,robot3.position:3 robots=1
ts=2026-09-14T22:14:10.903Z level=warning event=stale_data groups=robot3.modules:11,robot3.position:3 robots=1
ts=2026-09-14T22:14:11.653Z level=warning event=stale_data groups=event:3 robots=1
ts=2026-09-14T22:14:11.908Z level=warning event=stale_data groups=event:3,robot3.modules:11,robot3.position:3 robots=1
ts=2026-09-14T22:14:12.153Z level=warning event=stale_data groups=robot3.modules:11,robot3.position:3,robot3.telemetry:4 robots=1
ts=2026-09-14T22:14:12.402Z level=warning event=stale_data groups=robot3.telemetry:4 robots=1
ts=2026-09-14T22:14:12.653Z level=warning event=stale_data groups=event:3,robot3.telemetry:4 robots=1
ts=2026-09-14T22:14:12.911Z level=warning event=stale_data groups=event:3,robot3.modules:11,robot3.position:3,robot3.telemetry:4 robots=1
ts=2026-09-14T22:14:13.408Z level=warning event=stale_data groups=event:3 robots=1
ts=2026-09-14T22:14:13.907Z level=warning event=stale_data groups=robot3.modules:11,robot3.position:3 robots=1
ts=2026-09-14T22:14:14.407Z level=warning event=stale_data groups=event:3 robots=1
ts=2026-09-14T22:14:14.905Z level=warning event=stale_data groups=event:3,robot3.modules:11,robot3.position:3,robot3.telemetry:4 robots=1
ts=2026-09-14T22:14:15.152Z level=warning event=stale_data groups=robot3.modules:11,robot3.position:3,robot3.telemetry:4 robots=1
ts=2026-09-14T22:14:15.407Z level=warning event=stale_data groups=robot3.telemetry:4 robots=1
ts=2026-09-14T22:14:15.903Z level=warning event=stale_data groups=robot3.modules:11,robot3.position:3,robot3.telemetry:4 robots=1
ts=2026-09-14T22:14:16.407Z level=warning event=stale_data groups=event:3,robot3.telemetry:4 robots=1
ts=2026-09-14T22:14:16.907Z level=warning event=stale_data groups=event:3,robot3.modules:11,robot3.position:3,robot3.telemetry:4 robots=1
ts=2026-09-14T22:14:17.407Z level=warning event=stale_data groups=event:3,robot3.telemetry:4 robots=1
ts=2026-09-14T22:14:17.902Z level=warning event=stale_data groups=event:3,robot3.modules:11,robot3.position:3,robot3.telemetry:4 robots=1
ts=2026-09-14T22:14:18.407Z level=info event=ui_mode_switch from=Video to=Info reason=BlindClearedHysteresis blind_freshness=Fresh
ts=2026-09-14T22:14:18.901Z level=warning event=stale_data groups=robot3.modules:11,robot3.position:3 robots=1
ts=2026-09-14T22:14:19.156Z level=warning event=stale_data groups=event:3,robot3.modules:11,robot3.position:3,robot3.telemetry:4 robots=1
ts=2026-09-14T22:14:19.411Z level=warning event=stale_data groups=event:3,robot3.telemetry:4 robots=1
ts=2026-09-14T22:14:19.910Z level=warning event=stale_data groups=event:3,robot3.modules:11,robot3.position:3,robot3.telemetry:4 robots=1
ts=2026-09-14T22:14:20.403Z level=warning event=stale_data groups=event:3,robot3.telemetry:4 robots=1
ts=2026-09-14T22:14:20.907Z level=warning event=stale_data groups=event:3,robot3.modules:11,robot3.position:3,robot3.telemetry:4 robots=1
ts=2026-09-14T22:14:21.410Z level=warning event=stale_data groups=event:3,robot3.telemetry:4 robots=1
ts=2026-09-14T22:14:21.907Z level=warning event=stale_data groups=event:3,robot3.modules:11,robot3.position:3,robot3.telemetry:4 robots=1
ts=2026-09-14T22:14:22.406Z level=warning event=stale_data groups=event:3,robot3.telemetry:4 robots=1
ts=2026-09-14T22:14:22.653Z level=warning event=stale_data groups=robot3.telemetry:4 robots=1
ts=2026-09-14T22:14:22.907Z level=warning event=stale_data groups=robot3.modules:11,robot3.position:3,robot3.telemetry:4 robots=1
ts=2026-09-14T22:14:23.152Z level=warning event=stale_data groups=event:3,robot3.modules:11,robot3.position:3,robot3.telemetry:4 robots=1
ts=2026-09-14T22:14:23.402Z level=warning event=stale_data groups=event:3,robot3.telemetry:4 robots=1
ts=2026-09-14T22:14:23.908Z level=warning event=stale_data groups=event:3,robot3.modules:11,robot3.position:3,robot3.telemetry:4 robots=1
ts=2026-09-14T22:14:24.404Z level=warning event=stale_data groups=event:3,robot3.telemetry:4 robots=1
ts=2026-09-14T22:14:24.911Z level=warning event=stale_data groups=event:3,robot3.modules:11,robot3.position:3,robot3.telemetry:4 robots=1
ts=2026-09-14T22:14:25.406Z level=warning event=stale_data groups=event:3,robot3.telemetry:4 robots=1
ts=2026-09-14T22:14:25.901Z level=warning event=stale_data groups=event:3,robot3.modules:11,robot3.position:3,robot3.telemetry:4 robots=1
ts=2026-09-14T22:14:26.409Z level=warning event=stale_data groups=robot3.telemetry:4 robots=1
ts=2026-09-14T22:14:26.911Z level=warning event=stale_data groups=event:3,robot3.modules:11,robot3.position:3,robot3.telemetry:4 robots=1
ts=2026-09-14T22:14:27.406Z level=warning event=stale_data groups=event:3,robot3.telemetry:4 robots=1
ts=2026-09-14T22:14:27.910Z level=warning event=stale_data groups=event:3,robot3.modules:11,robot3.position:3,robot3.telemetry:4 robots=1
ts=2026-09-14T22:14:28.405Z level=warning event=stale_data groups=event:3,robot3.telemetry:4 robots=1
ts=2026-09-14T22:14:28.910Z level=warning event=stale_data groups=event:3,robot3.modules:11,robot3.position:3,robot3.telemetry:4 robots=1
ts=2026-09-14T22:14:29.407Z level=warning event=stale_data groups=event:3,robot3.telemetry:4 robots=1
ts=2026-09-14T22:14:29.906Z level=warning event=stale_data groups=event:3,robot3.modules:11,robot3.position:3,robot3.telemetry:4 robots=1
ts=2026-09-14T22:14:30.151Z level=warning event=stale_data groups=robot3.modules:11,robot3.position:3,robot3.telemetry:4 robots=1
ts=2026-09-14T22:14:30.407Z level=warning event=stale_data groups=robot3.telemetry:4 robots=1
ts=2026-09-14T22:14:30.651Z level=warning event=stale_data groups=event:3,robot3.telemetry:4 robots=1
ts=2026-09-14T22:14:30.910Z level=warning event=stale_data groups=event:3,robot3.modules:11,robot3.position:3,robot3.telemetry:4 robots=1
ts=2026-09-14T22:14:31.407Z level=warning event=stale_data groups=event:3,robot3.telemetry:4 robots=1
ts=2026-09-14T22:14:31.655Z level=warning event=stale_data groups=robot3.telemetry:4 robots=1
ts=2026-09-14T22:14:31.905Z level=warning event=stale_data groups=robot3.modules:11,robot3.position:3,robot3.telemetry:4 robots=1
ts=2026-09-14T22:14:32.408Z level=warning event=stale_data groups=robot3.telemetry:4 robots=1
ts=2026-09-14T22:14:32.651Z level=warning event=stale_data groups=event:3,robot3.telemetry:4 robots=1
ts=2026-09-14T22:14:32.907Z level=warning event=stale_data groups=event:3,robot3.modules:11,robot3.position:3,robot3.telemetry:4 robots=1
ts=2026-09-14T22:14:33.406Z level=warning event=stale_data groups=event:3,robot3.telemetry:4 robots=1
ts=2026-09-14T22:14:33.904Z level=warning event=stale_data groups=event:3,robot3.modules:11,robot3.position:3,robot3.telemetry:4 robots=1
ts=2026-09-14T22:14:34.410Z level=warning event=stale_data groups=event:3,robot3.telemetry:4 robots=1
ts=2026-09-14T22:14:34.909Z level=warning event=stale_data groups=robot3.modules:11,robot3.position:3,robot3.telemetry:4 robots=1
ts=2026-09-14T22:14:35.405Z level=warning event=stale_data groups=robot3.telemetry:4 robots=1
ts=2026-09-14T22:14:35.651Z level=warning event=stale_data groups=event:3,robot3.telemetry:4 robots=1
ts=2026-09-14T22:14:35.903Z level=warning event=stale_data groups=event:3,robot3.modules:11,robot3.position:3,robot3.telemetry:4 robots=1
ts=2026-09-14T22:14:36.405Z level=warning event=stale_data groups=event:3,robot3.telemetry:4 robots=1
ts=2026-09-14T22:14:36.911Z level=warning event=stale_data groups=event:3,robot3.modules:11,robot3.position:3,robot3.telemetry:4 robots=1
ts=2026-09-14T22:14:37.151Z level=warning event=stale_data groups=robot3.modules:11,robot3.position:3,robot3.telemetry:4 robots=1
ts=2026-09-14T22:14:37.402Z level=warning event=stale_data groups=robot3.telemetry:4 robots=1
ts=2026-09-14T22:14:37.906Z level=warning event=stale_data groups=event:3,robot3.modules:11,robot3.position:3,robot3.telemetry:4 robots=1
ts=2026-09-14T22:14:38.155Z level=warning event=stale_data groups=robot3.modules:11,robot3.position:3,robot3.telemetry:4 robots=1
ts=2026-09-14T22:14:38.408Z level=warning event=stale_data groups=robot3.telemetry:4 robots=1
ts=2026-09-14T22:14:38.904Z level=warning event=stale_data groups=robot3.modules:11,robot3.position:3,robot3.telemetry:4 robots=1
ts=2026-09-14T22:14:39.150Z level=warning event=stale_data groups=robot3.modules:11,robot3.position:3 robots=1
ts=2026-09-14T22:14:39.903Z level=warning event=stale_data groups=event:3,robot3.modules:11,robot3.position:3 robots=1
ts=2026-09-14T22:14:40.152Z level=warning event=stale_data groups=robot3.modules:11,robot3.position:3,robot3.telemetry:4 robots=1
ts=2026-09-14T22:14:40.401Z level=warning event=stale_data groups=robot3.telemetry:4 robots=1
ts=2026-09-14T22:14:40.651Z level=warning event=stale_data groups=event:3,robot3.telemetry:4 robots=1
ts=2026-09-14T22:14:40.908Z level=warning event=stale_data groups=robot3.modules:11,robot3.position:3 robots=1
ts=2026-09-14T22:14:41.908Z level=warning event=stale_data groups=event:3,robot3.modules:11,robot3.position:3 robots=1
ts=2026-09-14T22:14:42.154Z level=warning event=stale_data groups=robot3.modules:11,robot3.position:3 robots=1
ts=2026-09-14T22:14:42.654Z level=warning event=stale_data groups=event:3 robots=1
ts=2026-09-14T22:14:42.905Z level=warning event=stale_data groups=event:3,robot3.modules:11,robot3.position:3,robot3.telemetry:4 robots=1
ts=2026-09-14T22:14:43.403Z level=warning event=stale_data groups=event:3,robot3.telemetry:4 robots=1
ts=2026-09-14T22:14:43.907Z level=warning event=stale_data groups=robot3.modules:11,robot3.position:3,robot3.telemetry:4 robots=1
ts=2026-09-14T22:14:44.409Z level=warning event=stale_data groups=event:3,robot3.telemetry:4 robots=1
ts=2026-09-14T22:14:44.906Z level=warning event=stale_data groups=event:3,robot3.modules:11,robot3.position:3,robot3.telemetry:4 robots=1
ts=2026-09-14T22:14:45.406Z level=warning event=stale_data groups=robot3.telemetry:4 robots=1
ts=2026-09-14T22:14:45.904Z level=warning event=stale_data groups=robot3.modules:11,robot3.position:3,robot3.telemetry:4 robots=1
ts=2026-09-14T22:14:46.407Z level=warning event=stale_data groups=event:3,robot3.telemetry:4 robots=1
ts=2026-09-14T22:14:46.906Z level=warning event=stale_data groups=event:3,robot3.modules:11,robot3.position:3,robot3.telemetry:4 robots=1
ts=2026-09-14T22:14:47.409Z level=warning event=stale_data groups=event:3,robot3.telemetry:4 robots=1
ts=2026-09-14T22:14:47.907Z level=warning event=stale_data groups=event:3,robot3.modules:11,robot3.position:3,robot3.telemetry:4 robots=1
ts=2026-09-14T22:14:48.407Z level=warning event=stale_data groups=event:3,robot3.telemetry:4 robots=1
ts=2026-09-14T22:14:48.908Z level=warning event=stale_data groups=event:3,robot3.modules:11,robot3.position:3,robot3.telemetry:4 robots=1
ts=2026-09-14T22:14:49.403Z level=warning event=stale_data groups=robot3.telemetry:4 robots=1
ts=2026-09-14T22:14:49.905Z level=warning event=stale_data groups=event:3,robot3.modules:11,robot3.position:3,robot3.telemetry:4 robots=1
ts=2026-09-14T22:14:50.401Z level=warning event=stale_data groups=robot3.telemetry:4 robots=1
ts=2026-09-14T22:14:50.902Z level=warning event=stale_data groups=event:3,robot3.modules:11,robot3.position:3,robot3.telemetry:4 robots=1
ts=2026-09-14T22:14:51.405Z level=warning event=stale_data groups=event:3 robots=1
ts=2026-09-14T22:14:51.902Z level=warning event=stale_data groups=robot3.modules:11,robot3.position:3 robots=1
ts=2026-09-14T22:14:52.152Z level=warning event=stale_data groups=event:3,robot3.modules:11,robot3.position:3 robots=1
ts=2026-09-14T22:14:52.402Z level=warning event=stale_data groups=robot3.telemetry:4 robots=1
ts=2026-09-14T22:14:52.908Z level=warning event=stale_data groups=robot3.modules:11,robot3.position:3,robot3.telemetry:4 robots=1
ts=2026-09-14T22:14:53.151Z level=warning event=stale_data groups=event:3,robot3.modules:11,robot3.position:3,robot3.telemetry:4 robots=1
ts=2026-09-14T22:14:53.910Z level=warning event=stale_data groups=event:3,robot3.modules:11,robot3.position:3 robots=1
ts=2026-09-14T22:14:54.408Z level=warning event=stale_data groups=event:3 robots=1
ts=2026-09-14T22:14:54.904Z level=warning event=stale_data groups=robot3.modules:11,robot3.position:3 robots=1
ts=2026-09-14T22:14:55.150Z level=warning event=stale_data groups=event:3,robot3.modules:11,robot3.position:3 robots=1
ts=2026-09-14T22:14:55.406Z level=warning event=stale_data groups=event:3,robot3.telemetry:4 robots=1
ts=2026-09-14T22:14:55.901Z level=warning event=stale_data groups=event:3,robot3.modules:11,robot3.position:3,robot3.telemetry:4 robots=1
ts=2026-09-14T22:14:56.408Z level=warning event=stale_data groups=event:3,robot3.telemetry:4 robots=1
ts=2026-09-14T22:14:56.908Z level=warning event=stale_data groups=robot3.modules:11,robot3.position:3 robots=1
ts=2026-09-14T22:14:57.154Z level=warning event=stale_data groups=robot3.modules:11,robot3.position:3,robot3.telemetry:4 robots=1
ts=2026-09-14T22:14:57.403Z level=warning event=stale_data groups=robot3.telemetry:4 robots=1
ts=2026-09-14T22:14:57.651Z level=warning event=stale_data groups=event:3,robot3.telemetry:4 robots=1
ts=2026-09-14T22:14:57.904Z level=warning event=stale_data groups=event:3,robot3.modules:11,robot3.position:3,robot3.telemetry:4 robots=1
ts=2026-09-14T22:14:58.407Z level=warning event=stale_data groups=event:3,robot3.telemetry:4 robots=1
ts=2026-09-14T22:14:58.905Z level=warning event=stale_data groups=event:3,robot3.modules:11,robot3.position:3,robot3.telemetry:4 robots=1
ts=2026-09-14T22:14:59.404Z level=warning event=stale_data groups=event:3,robot3.telemetry:4 robots=1
ts=2026-09-14T22:14:59.908Z level=warning event=stale_data groups=event:3,robot3.modules:11,robot3.position:3,robot3.telemetry:4 robots=1
ts=2026-09-14T22:15:00.402Z level=warning event=stale_data groups=event:3,robot3.telemetry:4 robots=1
ts=2026-09-14T22:15:00.906Z level=warning event=stale_data groups=robot3.modules:11,robot3.position:3,robot3.telemetry:4 robots=1
ts=2026-09-14T22:15:01.405Z level=warning event=stale_data groups=robot3.telemetry:4 robots=1
ts=2026-09-14T22:15:01.906Z level=warning event=stale_data groups=event:3,robot3.modules:11,robot3.position:3,robot3.telemetry:4 robots=1
ts=2026-09-14T22:15:02.402Z level=warning event=stale_data groups=robot3.telemetry:4 robots=1
ts=2026-09-14T22:15:02.906Z level=warning event=stale_data groups=event:3,robot3.modules:11,robot3.position:3,robot3.telemetry:4 robots=1
ts=2026-09-14T22:15:03.407Z level=warning event=stale_data groups=event:3,robot3.telemetry:4 robots=1
ts=2026-09-14T22:15:03.906Z level=warning event=stale_data groups=event:3,robot3.modules:11,robot3.position:3,robot3.telemetry:4 robots=1
ts=2026-09-14T22:15:04.405Z level=warning event=stale_data groups=robot3.telemetry:4 robots=1
ts=2026-09-14T22:15:04.906Z level=warning event=stale_data groups=event:3,robot3.modules:11,robot3.position:3,robot3.telemetry:4 robots=1
ts=2026-09-14T22:15:05.406Z level=warning event=stale_data groups=robot3.telemetry:4 robots=1
ts=2026-09-14T22:15:05.905Z level=warning event=stale_data groups=robot3.modules:11,robot3.position:3,robot3.telemetry:4 robots=1
ts=2026-09-14T22:15:06.405Z level=warning event=stale_data groups=event:3,robot3.telemetry:4 robots=1
ts=2026-09-14T22:15:06.654Z level=warning event=stale_data groups=robot3.telemetry:4 robots=1
ts=2026-09-14T22:15:06.906Z level=warning event=stale_data groups=robot3.modules:11,robot3.position:3,robot3.telemetry:4 robots=1
ts=2026-09-14T22:15:07.403Z level=warning event=stale_data groups=event:3,robot3.telemetry:4 robots=1
ts=2026-09-14T22:15:07.904Z level=warning event=stale_data groups=event:3,robot3.modules:11,robot3.position:3,robot3.telemetry:4 robots=1
ts=2026-09-14T22:15:08.403Z level=warning event=stale_data groups=event:3,robot3.telemetry:4 robots=1
ts=2026-09-14T22:15:08.908Z level=warning event=stale_data groups=robot3.modules:11,robot3.position:3,robot3.telemetry:4 robots=1
ts=2026-09-14T22:15:09.403Z level=warning event=stale_data groups=event:3,robot3.telemetry:4 robots=1
ts=2026-09-14T22:15:09.903Z level=warning event=stale_data groups=event:3,robot3.modules:11,robot3.position:3,robot3.telemetry:4 robots=1
ts=2026-09-14T22:15:10.407Z level=warning event=stale_data groups=robot3.telemetry:4 robots=1
ts=2026-09-14T22:15:10.901Z level=warning event=stale_data groups=event:3,robot3.modules:11,robot3.position:3,robot3.telemetry:4 robots=1
ts=2026-09-14T22:15:11.406Z level=warning event=stale_data groups=event:3,robot3.telemetry:4 robots=1
ts=2026-09-14T22:15:11.908Z level=warning event=stale_data groups=event:3,robot3.modules:11,robot3.position:3,robot3.telemetry:4 robots=1
ts=2026-09-14T22:15:12.153Z level=warning event=stale_data groups=robot3.modules:11,robot3.position:3,robot3.telemetry:4 robots=1
ts=2026-09-14T22:15:12.401Z level=warning event=stale_data groups=robot3.telemetry:4 robots=1
ts=2026-09-14T22:15:12.902Z level=warning event=stale_data groups=event:3,robot3.modules:11,robot3.position:3,robot3.telemetry:4 robots=1
ts=2026-09-14T22:15:13.405Z level=warning event=stale_data groups=event:3,robot3.telemetry:4 robots=1
ts=2026-09-14T22:15:13.902Z level=warning event=stale_data groups=event:3,robot3.modules:11,robot3.position:3,robot3.telemetry:4 robots=1
ts=2026-09-14T22:15:14.405Z level=warning event=stale_data groups=event:3,robot3.telemetry:4 robots=1
ts=2026-09-14T22:15:14.905Z level=warning event=stale_data groups=event:3,robot3.modules:11,robot3.position:3,robot3.telemetry:4 robots=1
ts=2026-09-14T22:15:15.406Z level=warning event=stale_data groups=event:3,robot3.telemetry:4 robots=1
ts=2026-09-14T22:15:15.902Z level=warning event=stale_data groups=event:3,robot3.modules:11,robot3.position:3,robot3.telemetry:4 robots=1
ts=2026-09-14T22:15:16.402Z level=warning event=stale_data groups=robot3.telemetry:4 robots=1
ts=2026-09-14T22:15:16.906Z level=warning event=stale_data groups=event:3,robot3.modules:11,robot3.position:3,robot3.telemetry:4 robots=1
ts=2026-09-14T22:15:17.152Z level=warning event=stale_data groups=robot3.modules:11,robot3.position:3,robot3.telemetry:4 robots=1
ts=2026-09-14T22:15:17.408Z level=warning event=stale_data groups=robot3.telemetry:4 robots=1
ts=2026-09-14T22:15:17.902Z level=warning event=stale_data groups=robot3.modules:11,robot3.position:3 robots=1
ts=2026-09-14T22:15:18.152Z level=warning event=stale_data groups=event:3,robot3.modules:11,robot3.position:3 robots=1
ts=2026-09-14T22:15:18.402Z level=warning event=stale_data groups=event:3 robots=1
ts=2026-09-14T22:15:18.903Z level=warning event=stale_data groups=event:3,robot3.modules:11,robot3.position:3 robots=1
ts=2026-09-14T22:15:19.150Z level=warning event=stale_data groups=event:3,robot3.modules:11,robot3.position:3,robot3.telemetry:4 robots=1
ts=2026-09-14T22:15:19.407Z level=warning event=stale_data groups=event:3,robot3.telemetry:4 robots=1
ts=2026-09-14T22:15:19.905Z level=warning event=stale_data groups=event:3,robot3.modules:11,robot3.position:3,robot3.telemetry:4 robots=1
ts=2026-09-14T22:15:20.151Z level=warning event=stale_data groups=robot3.modules:11,robot3.position:3,robot3.telemetry:4 robots=1
ts=2026-09-14T22:15:20.403Z level=warning event=stale_data groups=robot3.telemetry:4 robots=1
ts=2026-09-14T22:15:20.654Z level=warning event=stale_data groups=event:3,robot3.telemetry:4 robots=1
ts=2026-09-14T22:15:20.903Z level=warning event=stale_data groups=robot3.modules:11,robot3.position:3 robots=1
ts=2026-09-14T22:15:21.409Z level=warning event=stale_data groups=event:3 robots=1
ts=2026-09-14T22:15:21.905Z level=warning event=stale_data groups=robot3.modules:11,robot3.position:3 robots=1
ts=2026-09-14T22:15:22.151Z level=warning event=stale_data groups=robot3.modules:11,robot3.position:3,robot3.telemetry:4 robots=1
ts=2026-09-14T22:15:22.402Z level=warning event=stale_data groups=event:3,robot3.telemetry:4 robots=1
ts=2026-09-14T22:15:22.902Z level=warning event=stale_data groups=event:3,robot3.modules:11,robot3.position:3,robot3.telemetry:4 robots=1
ts=2026-09-14T22:15:23.402Z level=warning event=stale_data groups=event:3,robot3.telemetry:4 robots=1
ts=2026-09-14T22:15:23.902Z level=warning event=stale_data groups=event:3,robot3.modules:11,robot3.position:3,robot3.telemetry:4 robots=1
ts=2026-09-14T22:15:24.153Z level=warning event=stale_data groups=robot3.modules:11,robot3.position:3,robot3.telemetry:4 robots=1
ts=2026-09-14T22:15:24.407Z level=warning event=stale_data groups=robot3.telemetry:4 robots=1
ts=2026-09-14T22:15:24.653Z level=warning event=stale_data groups=event:3,robot3.telemetry:4 robots=1
ts=2026-09-14T22:15:24.907Z level=warning event=stale_data groups=robot3.modules:11,robot3.position:3 robots=1
ts=2026-09-14T22:15:25.402Z level=warning event=stale_data groups=event:3 robots=1
ts=2026-09-14T22:15:25.904Z level=warning event=stale_data groups=event:3,robot3.modules:11,robot3.position:3 robots=1
ts=2026-09-14T22:15:26.902Z level=warning event=stale_data groups=event:3,robot3.modules:11,robot3.position:3,robot3.telemetry:4 robots=1
ts=2026-09-14T22:15:27.409Z level=warning event=stale_data groups=robot3.telemetry:4 robots=1
ts=2026-09-14T22:15:27.902Z level=warning event=stale_data groups=robot3.modules:11,robot3.position:3 robots=1
ts=2026-09-14T22:15:28.151Z level=warning event=stale_data groups=event:3,robot3.modules:11,robot3.position:3,robot3.telemetry:4 robots=1
ts=2026-09-14T22:15:28.407Z level=warning event=stale_data groups=event:3,robot3.telemetry:4 robots=1
ts=2026-09-14T22:15:28.901Z level=warning event=stale_data groups=robot3.modules:11,robot3.position:3,robot3.telemetry:4 robots=1
ts=2026-09-14T22:15:29.405Z level=warning event=stale_data groups=event:3,robot3.telemetry:4 robots=1
ts=2026-09-14T22:15:29.902Z level=warning event=stale_data groups=robot3.modules:11,robot3.position:3 robots=1
ts=2026-09-14T22:15:30.901Z level=warning event=stale_data groups=robot3.modules:11,robot3.position:3 robots=1
ts=2026-09-14T22:15:31.152Z level=warning event=stale_data groups=event:3,robot3.modules:11,robot3.position:3 robots=1
ts=2026-09-14T22:15:31.903Z level=warning event=stale_data groups=robot3.modules:11,robot3.position:3,robot3.telemetry:4 robots=1
ts=2026-09-14T22:15:32.401Z level=warning event=stale_data groups=event:3,robot3.telemetry:4 robots=1
ts=2026-09-14T22:15:32.901Z level=warning event=stale_data groups=event:3,robot3.modules:11,robot3.position:3,robot3.telemetry:4 robots=1
ts=2026-09-14T22:15:33.402Z level=warning event=stale_data groups=event:3,robot3.telemetry:4 robots=1
ts=2026-09-14T22:15:33.904Z level=warning event=stale_data groups=event:3,robot3.modules:11,robot3.position:3,robot3.telemetry:4 robots=1
ts=2026-09-14T22:15:34.407Z level=warning event=stale_data groups=robot3.telemetry:4 robots=1
ts=2026-09-14T22:15:34.901Z level=warning event=stale_data groups=event:3,robot3.modules:11,robot3.position:3,robot3.telemetry:4 robots=1
ts=2026-09-14T22:15:35.402Z level=warning event=stale_data groups=robot3.telemetry:4 robots=1
ts=2026-09-14T22:15:35.902Z level=warning event=stale_data groups=event:3,robot3.modules:11,robot3.position:3,robot3.telemetry:4 robots=1
ts=2026-09-14T22:15:36.407Z level=warning event=stale_data groups=event:3,robot3.telemetry:4 robots=1
ts=2026-09-14T22:15:36.901Z level=warning event=stale_data groups=event:3,robot3.modules:11,robot3.position:3,robot3.telemetry:4 robots=1
ts=2026-09-14T22:15:37.401Z level=warning event=stale_data groups=event:3,robot3.telemetry:4 robots=1
ts=2026-09-14T22:15:37.905Z level=warning event=stale_data groups=event:3,robot3.modules:11,robot3.position:3,robot3.telemetry:4 robots=1
ts=2026-09-14T22:15:38.405Z level=warning event=stale_data groups=event:3,robot3.telemetry:4 robots=1
ts=2026-09-14T22:15:38.905Z level=warning event=stale_data groups=event:3,robot3.modules:11,robot3.position:3,robot3.telemetry:4 robots=1
ts=2026-09-14T22:15:39.405Z level=warning event=stale_data groups=event:3,robot3.telemetry:4 robots=1
ts=2026-09-14T22:15:39.904Z level=warning event=stale_data groups=robot3.modules:11,robot3.position:3,robot3.telemetry:4 robots=1
ts=2026-09-14T22:15:40.406Z level=warning event=stale_data groups=event:3,robot3.telemetry:4 robots=1
ts=2026-09-14T22:15:40.906Z level=warning event=stale_data groups=event:3,robot3.modules:11,robot3.position:3,robot3.telemetry:4 robots=1
ts=2026-09-14T22:15:41.150Z level=warning event=stale_data groups=robot3.modules:11,robot3.position:3 robots=1
ts=2026-09-14T22:15:41.651Z level=warning event=stale_data groups=event:3 robots=1
ts=2026-09-14T22:15:41.900Z level=warning event=stale_data groups=event:3,robot3.modules:11,robot3.position:3 robots=1
ts=2026-09-14T22:15:42.154Z level=warning event=stale_data groups=robot3.modules:11,robot3.position:3 robots=1
ts=2026-09-14T22:15:42.651Z level=warning event=stale_data groups=event:3 robots=1
ts=2026-09-14T22:15:42.907Z level=warning event=stale_data groups=robot3.modules:11,robot3.position:3 robots=1
ts=2026-09-14T22:15:43.150Z level=warning event=stale_data groups=robot3.modules:11,robot3.position:3,robot3.telemetry:4 robots=1
ts=2026-09-14T22:15:43.405Z level=warning event=stale_data groups=event:3,robot3.telemetry:4 robots=1
ts=2026-09-14T22:15:43.902Z level=warning event=stale_data groups=event:3,robot3.modules:11,robot3.position:3,robot3.telemetry:4 robots=1
ts=2026-09-14T22:15:44.405Z level=warning event=stale_data groups=event:3,robot3.telemetry:4 robots=1
ts=2026-09-14T22:15:44.906Z level=warning event=stale_data groups=event:3,robot3.modules:11,robot3.position:3,robot3.telemetry:4 robots=1
ts=2026-09-14T22:15:45.406Z level=warning event=stale_data groups=event:3,robot3.telemetry:4 robots=1
ts=2026-09-14T22:15:45.901Z level=warning event=stale_data groups=event:3,robot3.modules:11,robot3.position:3,robot3.telemetry:4 robots=1
ts=2026-09-14T22:15:46.406Z level=warning event=stale_data groups=event:3,robot3.telemetry:4 robots=1
ts=2026-09-14T22:15:46.904Z level=warning event=stale_data groups=event:3,robot3.modules:11,robot3.position:3,robot3.telemetry:4 robots=1
ts=2026-09-14T22:15:47.403Z level=warning event=stale_data groups=event:3,robot3.telemetry:4 robots=1
ts=2026-09-14T22:15:47.651Z level=warning event=stale_data groups=robot3.telemetry:4 robots=1
ts=2026-09-14T22:15:47.905Z level=warning event=stale_data groups=robot3.modules:11,robot3.position:3,robot3.telemetry:4 robots=1
ts=2026-09-14T22:15:48.154Z level=warning event=stale_data groups=event:3,robot3.modules:11,robot3.position:3,robot3.telemetry:4 robots=1
ts=2026-09-14T22:15:48.404Z level=warning event=stale_data groups=event:3,robot3.telemetry:4 robots=1
ts=2026-09-14T22:15:48.910Z level=warning event=stale_data groups=event:3,robot3.modules:11,robot3.position:3,robot3.telemetry:4 robots=1
ts=2026-09-14T22:15:49.404Z level=warning event=stale_data groups=robot3.telemetry:4 robots=1
ts=2026-09-14T22:15:49.902Z level=warning event=stale_data groups=event:3,robot3.modules:11,robot3.position:3,robot3.telemetry:4 robots=1
ts=2026-09-14T22:15:50.404Z level=warning event=stale_data groups=robot3.telemetry:4 robots=1
ts=2026-09-14T22:15:50.910Z level=warning event=stale_data groups=event:3,robot3.modules:11,robot3.position:3,robot3.telemetry:4 robots=1
ts=2026-09-14T22:15:51.405Z level=warning event=stale_data groups=robot3.telemetry:4 robots=1
ts=2026-09-14T22:15:51.902Z level=warning event=stale_data groups=robot3.modules:11,robot3.position:3,robot3.telemetry:4 robots=1
ts=2026-09-14T22:15:52.401Z level=warning event=stale_data groups=event:3,robot3.telemetry:4 robots=1
ts=2026-09-14T22:15:52.910Z level=warning event=stale_data groups=event:3,robot3.modules:11,robot3.position:3,robot3.telemetry:4 robots=1
ts=2026-09-14T22:15:53.401Z level=warning event=stale_data groups=event:3,robot3.telemetry:4 robots=1
ts=2026-09-14T22:15:53.652Z level=warning event=stale_data groups=robot3.telemetry:4 robots=1
ts=2026-09-14T22:15:53.908Z level=warning event=stale_data groups=robot3.modules:11,robot3.position:3,robot3.telemetry:4 robots=1
ts=2026-09-14T22:15:54.407Z level=warning event=stale_data groups=event:3,robot3.telemetry:4 robots=1
ts=2026-09-14T22:15:54.909Z level=warning event=stale_data groups=event:3,robot3.modules:11,robot3.position:3,robot3.telemetry:4 robots=1
ts=2026-09-14T22:15:55.401Z level=warning event=stale_data groups=event:3,robot3.telemetry:4 robots=1
ts=2026-09-14T22:15:55.909Z level=warning event=stale_data groups=event:3,robot3.modules:11,robot3.position:3,robot3.telemetry:4 robots=1
ts=2026-09-14T22:15:56.408Z level=warning event=stale_data groups=event:3,robot3.telemetry:4 robots=1
ts=2026-09-14T22:15:56.906Z level=warning event=stale_data groups=robot3.modules:11,robot3.position:3,robot3.telemetry:4 robots=1
ts=2026-09-14T22:15:57.401Z level=warning event=stale_data groups=event:3,robot3.telemetry:4 robots=1
ts=2026-09-14T22:15:57.906Z level=warning event=stale_data groups=event:3,robot3.modules:11,robot3.position:3,robot3.telemetry:4 robots=1
ts=2026-09-14T22:15:58.407Z level=warning event=stale_data groups=event:3,robot3.telemetry:4 robots=1
ts=2026-09-14T22:15:58.651Z level=warning event=stale_data groups=robot3.telemetry:4 robots=1
ts=2026-09-14T22:15:58.906Z level=warning event=stale_data groups=robot3.modules:11,robot3.position:3,robot3.telemetry:4 robots=1
ts=2026-09-14T22:15:59.152Z level=warning event=stale_data groups=event:3,robot3.modules:11,robot3.position:3,robot3.telemetry:4 robots=1
ts=2026-09-14T22:15:59.402Z level=warning event=stale_data groups=event:3,robot3.telemetry:4 robots=1
ts=2026-09-14T22:15:59.901Z level=warning event=stale_data groups=event:3,robot3.modules:11,robot3.position:3,robot3.telemetry:4 robots=1
ts=2026-09-14T22:16:00.405Z level=warning event=stale_data groups=event:3,robot3.telemetry:4 robots=1
ts=2026-09-14T22:16:00.906Z level=warning event=stale_data groups=robot3.modules:11,robot3.position:3,robot3.telemetry:4 robots=1
ts=2026-09-14T22:16:01.408Z level=warning event=stale_data groups=event:3,robot3.telemetry:4 robots=1
ts=2026-09-14T22:16:01.908Z level=warning event=stale_data groups=robot3.modules:11,robot3.position:3,robot3.telemetry:4 robots=1
ts=2026-09-14T22:16:02.404Z level=warning event=stale_data groups=robot3.telemetry:4 robots=1
ts=2026-09-14T22:16:02.906Z level=warning event=stale_data groups=event:3,robot3.modules:11,robot3.position:3,robot3.telemetry:4 robots=1
ts=2026-09-14T22:16:03.400Z level=warning event=stale_data groups=robot3.telemetry:4 robots=1
ts=2026-09-14T22:16:03.400Z level=info event=ui_mode_switch from=Info to=Video reason=BlindAsserted blind_freshness=Fresh
ts=2026-09-14T22:16:03.904Z level=warning event=stale_data groups=event:3,robot3.modules:11,robot3.position:3,robot3.telemetry:4 robots=1
ts=2026-09-14T22:16:04.908Z level=warning event=stale_data groups=robot3.modules:11,robot3.position:3 robots=1
ts=2026-09-14T22:16:05.152Z level=warning event=stale_data groups=event:3,robot3.modules:11,robot3.position:3,robot3.telemetry:4 robots=1
ts=2026-09-14T22:16:05.405Z level=warning event=stale_data groups=robot3.telemetry:4 robots=1
ts=2026-09-14T22:16:05.904Z level=warning event=stale_data groups=robot3.modules:11,robot3.position:3,robot3.telemetry:4 robots=1
ts=2026-09-14T22:16:06.152Z level=warning event=stale_data groups=event:3,robot3.modules:11,robot3.position:3,robot3.telemetry:4 robots=1
ts=2026-09-14T22:16:06.406Z level=warning event=stale_data groups=event:3,robot3.telemetry:4 robots=1
ts=2026-09-14T22:16:06.906Z level=warning event=stale_data groups=event:3,robot3.modules:11,robot3.position:3,robot3.telemetry:4 robots=1
ts=2026-09-14T22:16:07.150Z level=warning event=stale_data groups=robot3.modules:11,robot3.position:3,robot3.telemetry:4 robots=1
ts=2026-09-14T22:16:07.408Z level=warning event=stale_data groups=robot3.telemetry:4 robots=1
ts=2026-09-14T22:16:07.907Z level=warning event=stale_data groups=robot3.modules:11,robot3.position:3 robots=1
ts=2026-09-14T22:16:08.408Z level=warning event=stale_data groups=robot3.telemetry:4 robots=1
ts=2026-09-14T22:16:08.906Z level=warning event=stale_data groups=robot3.modules:11,robot3.position:3 robots=1
ts=2026-09-14T22:16:09.650Z level=warning event=stale_data groups=robot3.telemetry:4 robots=1
ts=2026-09-14T22:16:09.904Z level=warning event=stale_data groups=event:3,robot3.modules:11,robot3.position:3,robot3.telemetry:4 robots=1
ts=2026-09-14T22:16:10.401Z level=warning event=stale_data groups=robot3.telemetry:4 robots=1
ts=2026-09-14T22:16:10.906Z level=warning event=stale_data groups=event:3,robot3.modules:11,robot3.position:3,robot3.telemetry:4 robots=1
ts=2026-09-14T22:16:11.402Z level=warning event=stale_data groups=robot3.telemetry:4 robots=1
ts=2026-09-14T22:16:11.911Z level=warning event=stale_data groups=event:3,robot3.modules:11,robot3.position:3,robot3.telemetry:4 robots=1
ts=2026-09-14T22:16:12.152Z level=warning event=stale_data groups=event:3,robot3.modules:11,robot3.position:3 robots=1
ts=2026-09-14T22:16:12.906Z level=warning event=stale_data groups=event:3,robot3.modules:11,robot3.position:3 robots=1
ts=2026-09-14T22:16:13.908Z level=warning event=stale_data groups=event:3,robot3.modules:11,robot3.position:3 robots=1
ts=2026-09-14T22:16:14.407Z level=warning event=stale_data groups=event:3 robots=1
ts=2026-09-14T22:16:14.907Z level=warning event=stale_data groups=robot3.modules:11,robot3.position:3 robots=1
ts=2026-09-14T22:16:15.154Z level=warning event=stale_data groups=robot3.modules:11,robot3.position:3,robot3.telemetry:4 robots=1
ts=2026-09-14T22:16:15.401Z level=warning event=stale_data groups=robot3.telemetry:4 robots=1
ts=2026-09-14T22:16:15.904Z level=warning event=stale_data groups=event:3,robot3.modules:11,robot3.position:3,robot3.telemetry:4 robots=1
ts=2026-09-14T22:16:16.404Z level=warning event=stale_data groups=event:3,robot3.telemetry:4 robots=1
ts=2026-09-14T22:16:16.902Z level=warning event=stale_data groups=event:3,robot3.modules:11,robot3.position:3,robot3.telemetry:4 robots=1
ts=2026-09-14T22:16:17.154Z level=warning event=stale_data groups=robot3.modules:11,robot3.position:3,robot3.telemetry:4 robots=1
ts=2026-09-14T22:16:17.405Z level=warning event=stale_data groups=robot3.telemetry:4 robots=1
ts=2026-09-14T22:16:17.650Z level=warning event=stale_data groups=event:3,robot3.telemetry:4 robots=1
ts=2026-09-14T22:16:17.901Z level=warning event=stale_data groups=event:3,robot3.modules:11,robot3.position:3,robot3.telemetry:4 robots=1
ts=2026-09-14T22:16:18.404Z level=warning event=stale_data groups=event:3,robot3.telemetry:4 robots=1
ts=2026-09-14T22:16:18.404Z level=info event=ui_mode_switch from=Video to=Info reason=BlindClearedHysteresis blind_freshness=Fresh
ts=2026-09-14T22:16:18.652Z level=warning event=stale_data groups=robot3.telemetry:4 robots=1
ts=2026-09-14T22:16:18.906Z level=warning event=stale_data groups=robot3.modules:11,robot3.position:3,robot3.telemetry:4 robots=1
ts=2026-09-14T22:16:19.154Z level=warning event=stale_data groups=event:3,robot3.modules:11,robot3.position:3,robot3.telemetry:4 robots=1
ts=2026-09-14T22:16:19.408Z level=warning event=stale_data groups=event:3,robot3.telemetry:4 robots=1
ts=2026-09-14T22:16:19.905Z level=warning event=stale_data groups=event:3,robot3.modules:11,robot3.position:3,robot3.telemetry:4 robots=1
ts=2026-09-14T22:16:20.407Z level=warning event=stale_data groups=event:3,robot3.telemetry:4 robots=1
ts=2026-09-14T22:16:20.650Z level=warning event=stale_data groups=robot3.telemetry:4 robots=1
ts=2026-09-14T22:16:20.910Z level=warning event=stale_data groups=robot3.modules:11,robot3.position:3 robots=1
ts=2026-09-14T22:16:21.401Z level=warning event=stale_data groups=event:3 robots=1
ts=2026-09-14T22:16:21.901Z level=warning event=stale_data groups=robot3.modules:11,robot3.position:3,robot3.telemetry:4 robots=1
ts=2026-09-14T22:16:22.151Z level=warning event=stale_data groups=robot3.modules:11,robot3.position:3 robots=1
ts=2026-09-14T22:16:22.650Z level=warning event=stale_data groups=robot3.telemetry:4 robots=1
ts=2026-09-14T22:16:22.903Z level=warning event=stale_data groups=robot3.modules:11,robot3.position:3,robot3.telemetry:4 robots=1
ts=2026-09-14T22:16:23.903Z level=warning event=stale_data groups=robot3.modules:11,robot3.position:3,robot3.telemetry:4 robots=1
ts=2026-09-14T22:16:24.400Z level=warning event=stale_data groups=event:3,robot3.telemetry:4 robots=1
ts=2026-09-14T22:16:24.909Z level=warning event=stale_data groups=event:3,robot3.modules:11,robot3.position:3,robot3.telemetry:4 robots=1
ts=2026-09-14T22:16:25.907Z level=warning event=stale_data groups=event:3,robot3.modules:11,robot3.position:3,robot3.telemetry:4 robots=1
ts=2026-09-14T22:16:26.406Z level=warning event=stale_data groups=event:3,robot3.telemetry:4 robots=1
ts=2026-09-14T22:16:26.907Z level=warning event=stale_data groups=robot3.modules:11,robot3.position:3 robots=1
ts=2026-09-14T22:16:27.401Z level=warning event=stale_data groups=event:3 robots=1
ts=2026-09-14T22:16:27.902Z level=warning event=stale_data groups=event:3,robot3.modules:11,robot3.position:3 robots=1
ts=2026-09-14T22:16:28.404Z level=warning event=stale_data groups=event:3 robots=1
ts=2026-09-14T22:16:28.906Z level=warning event=stale_data groups=event:3,robot3.modules:11,robot3.position:3,robot3.telemetry:4 robots=1
ts=2026-09-14T22:16:29.154Z level=warning event=stale_data groups=robot3.modules:11,robot3.position:3 robots=1
ts=2026-09-14T22:16:29.901Z level=warning event=stale_data groups=robot3.modules:11,robot3.position:3 robots=1
ts=2026-09-14T22:16:30.401Z level=warning event=stale_data groups=event:3 robots=1
ts=2026-09-14T22:16:30.903Z level=warning event=stale_data groups=event:3,robot3.modules:11,robot3.position:3 robots=1
ts=2026-09-14T22:16:31.402Z level=warning event=stale_data groups=event:3 robots=1
ts=2026-09-14T22:16:31.654Z level=warning event=stale_data groups=event:3,robot3.telemetry:4 robots=1
ts=2026-09-14T22:16:31.902Z level=warning event=stale_data groups=robot3.modules:11,robot3.position:3 robots=1
ts=2026-09-14T22:16:32.408Z level=warning event=stale_data groups=robot3.telemetry:4 robots=1
ts=2026-09-14T22:16:32.906Z level=warning event=stale_data groups=robot3.modules:11,robot3.position:3,robot3.telemetry:4 robots=1
ts=2026-09-14T22:16:33.407Z level=warning event=stale_data groups=robot3.telemetry:4 robots=1
ts=2026-09-14T22:16:33.900Z level=warning event=stale_data groups=robot3.modules:11,robot3.position:3 robots=1
ts=2026-09-14T22:16:34.403Z level=warning event=stale_data groups=event:3 robots=1
