[server] 模拟赛事引擎启动 -> mqtt://127.0.0.1:3333，Ctrl-C 退出[server] MQTT 已连接 (Success)，订阅终端下行指令

[server] 阶段=3 剩余=4s HP=400 热量=0 弹量=150 锁定=否
[server] 阶段=4 剩余=419s HP=400 热量=0 弹量=150 锁定=否
[server] 阶段=4 剩余=414s HP=312 热量=0 弹量=144 锁定=否
[server] 阶段=4 剩余=409s HP=600 热量=0 弹量=139 锁定=否
[server] 阶段=4 剩余=404s HP=529 热量=0 弹量=139 锁定=否
[server] 阶段=4 剩余=399s HP=475 热量=0 弹量=133 锁定=否
[server] 阶段=4 剩余=394s HP=535 热量=0 弹量=133 锁定=否
[server] 致盲开始 match_t=30.0s 持续=12.0s
[server] 阶段=4 剩余=389s HP=481 热量=0 弹量=133 锁定=否
[server] 阶段=4 剩余=384s HP=438 热量=0 弹量=121 锁定=是
[server] 阶段=4 剩余=379s HP=295 热量=0 弹量=115 锁定=否
[server] 致盲结束 match_t=42.0s
[server] 阶段=4 剩余=374s HP=298 热量=0 弹量=114 锁定=是
[server] 阶段=4 剩余=369s HP=283 热量=0 弹量=114 锁定=否
[server] 阶段=4 剩余=364s HP=256 热量=0 弹量=114 锁定=否
[server] 阶段=4 剩余=359s HP=242 热量=0 弹量=114 锁定=否
[server] 阶段=4 剩余=354s HP=206 热量=0 弹量=114 锁定=否
[server] 阶段=4 剩余=349s HP=256 热量=0 弹量=113 锁定=否
[server] 阶段=4 剩余=344s HP=328 热量=0 弹量=113 锁定=否
[server] 阶段=4 剩余=339s HP=491 热量=0 弹量=112 锁定=否
[server] 阶段=4 剩余=334s HP=600 热量=0 弹量=110 锁定=否
[server] 阶段=4 剩余=329s HP=600 热量=0 弹量=110 锁定=否
[server] 阶段=4 剩余=324s HP=563 热量=0 弹量=110 锁定=否
[server] 阶段=4 剩余=319s HP=434 热量=0 弹量=110 锁定=否
[server] 阶段=4 剩余=314s HP=600 热量=0 弹量=107 锁定=是
[server] 阶段=4 剩余=309s HP=600 热量=0 弹量=104 锁定=否
[server] 阶段=4 剩余=304s HP=586 热量=0 弹量=98 锁定=否
[server] 阶段=4 剩余=299s HP=600 热量=0 弹量=96 锁定=否
[server] 阶段=4 剩余=294s HP=600 热量=0 弹量=96 锁定=否
[server] 阶段=4 剩余=289s HP=600 热量=0 弹量=90 锁定=否
[server] 阶段=4 剩余=284s HP=576 热量=0 弹量=90 锁定=否
[server] 阶段=4 剩余=279s HP=475 热量=0 弹量=90 锁定=否
[server] 阶段=4 剩余=274s HP=421 热量=0 弹量=90 锁定=否
[server] 致盲开始 match_t=150.0s 持续=12.0s
[server] 阶段=4 剩余=269s HP=483 热量=0 弹量=90 锁定=否
[server] 阶段=4 剩余=264s HP=440 热量=0 弹量=90 锁定=否
[server] 阶段=4 剩余=259s HP=382 热量=0 弹量=85 锁定=是
[server] 致盲结束 match_t=162.0s
[server] 阶段=4 剩余=254s HP=360 热量=0 弹量=83 锁定=否
[server] 阶段=4 剩余=249s HP=561 热量=0 弹量=81 锁定=否
[server] 阶段=4 剩余=244s HP=571 热量=0 弹量=77 锁定=否
[server] 阶段=4 剩余=239s HP=600 热量=0 弹量=70 锁定=否
