COMMAND     PID USER   FD   TYPE             DEVICE SIZE/OFF                NODE NAME
rm_termin 97453   zy  cwd    DIR               1,14      640             4044611 /Users/zy/RMGF/terminal
rm_termin 97453   zy  txt    REG               1,14  1042728             4445412 /Users/zy/RMGF/terminal/build/debug/rm_terminal
rm_termin 97453   zy  txt    REG               1,14    17696             2229565 /opt/homebrew/Cellar/abseil/20260526.0/lib/libabsl_leak_check.2605.0.0.dylib
rm_termin 97453   zy  txt    REG               1,14    17200             2229589 /opt/homebrew/Cellar/abseil/20260526.0/lib/libabsl_log_internal_nullguard.2605.0.0.dylib
rm_termin 97453   zy  txt    REG               1,14    17312             2229487 /opt/homebrew/Cellar/abseil/20260526.0/lib/libabsl_city.2605.0.0.dylib
rm_termin 97453   zy  txt    REG               1,14   146112             4013123 /opt/homebrew/Cellar/mosquitto/2.1.2_1/lib/libmosquitto.2.1.2.dylib
rm_termin 97453   zy  txt    REG               1,14    95088             2229575 /opt/homebrew/Cellar/abseil/20260526.0/lib/libabsl_log_internal_check_op.2605.0.0.dylib
rm_termin 97453   zy  txt    REG               1,14    17024             2229513 /opt/homebrew/Cellar/abseil/20260526.0/lib/libabsl_debugging_internal.2605.0.0.dylib
rm_termin 97453   zy  txt    REG               1,14    17120             2229671 /opt/homebrew/Cellar/abseil/20260526.0/lib/libabsl_utf8_for_code_point.2605.0.0.dylib
rm_termin 97453   zy  txt    REG               1,14    54240             2229581 /opt/homebrew/Cellar/abseil/20260526.0/lib/libabsl_log_internal_format.2605.0.0.dylib
rm_termin 97453   zy  txt    REG               1,14   130400             2229587 /opt/homebrew/Cellar/abseil/20260526.0/lib/libabsl_log_internal_message.2605.0.0.dylib
rm_termin 97453   zy  txt    REG               1,14    51680             2229523 /opt/homebrew/Cellar/abseil/20260526.0/lib/libabsl_examine_stack.2605.0.0.dylib
rm_termin 97453   zy  txt    REG               1,14    55552             2229593 /opt/homebrew/Cellar/abseil/20260526.0/lib/libabsl_log_internal_structured_proto.2605.0.0.dylib
rm_termin 97453   zy  txt    REG               1,14    51152             2229555 /opt/homebrew/Cellar/abseil/20260526.0/lib/libabsl_hash.2605.0.0.dylib
rm_termin 97453   zy  txt    REG               1,14   124736             2229651 /opt/homebrew/Cellar/abseil/20260526.0/lib/libabsl_str_format_internal.2605.0.0.dylib
rm_termin 97453   zy  txt    REG               1,14    33968             2229579 /opt/homebrew/Cellar/abseil/20260526.0/lib/libabsl_log_internal_fnmatch.2605.0.0.dylib
rm_termin 97453   zy  txt    REG               1,14    17216             2229669 /opt/homebrew/Cellar/abseil/20260526.0/lib/libabsl_tracing_internal.2605.0.0.dylib
rm_termin 97453   zy  txt    REG               1,14    91568             2229585 /opt/homebrew/Cellar/abseil/20260526.0/lib/libabsl_log_internal_log_sink_set.2605.0.0.dylib
rm_termin 97453   zy  txt    REG               1,14    69024             2229583 /opt/homebrew/Cellar/abseil/20260526.0/lib/libabsl_log_internal_globals.2605.0.0.dylib
rm_termin 97453   zy  txt    REG               1,14    89168             2229571 /opt/homebrew/Cellar/abseil/20260526.0/lib/libabsl_log_globals.2605.0.0.dylib
rm_termin 97453   zy  txt    REG               1,14    77392             2229673 /opt/homebrew/Cellar/abseil/20260526.0/lib/libabsl_vlog_config_internal.2605.0.0.dylib
rm_termin 97453   zy  txt    REG               1,14    52080             2229641 /opt/homebrew/Cellar/abseil/20260526.0/lib/libabsl_stacktrace.2605.0.0.dylib
rm_termin 97453   zy  txt    REG               1,14    52784             2229659 /opt/homebrew/Cellar/abseil/20260526.0/lib/libabsl_symbolize.2605.0.0.dylib
rm_termin 97453   zy  txt    REG               1,14   123904             2229661 /opt/homebrew/Cellar/abseil/20260526.0/lib/libabsl_synchronization.2605.0.0.dylib
rm_termin 97453   zy  txt    REG               1,14    34016             2229515 /opt/homebrew/Cellar/abseil/20260526.0/lib/libabsl_decode_rust_punycode.2605.0.0.dylib
rm_termin 97453   zy  txt    REG               1,14    16880             2229637 /opt/homebrew/Cellar/abseil/20260526.0/lib/libabsl_source_location.2605.0.0.dylib
rm_termin 97453   zy  txt    REG               1,14    73360             2229517 /opt/homebrew/Cellar/abseil/20260526.0/lib/libabsl_demangle_internal.2605.0.0.dylib
rm_termin 97453   zy  txt    REG               1,14    51456             2229519 /opt/homebrew/Cellar/abseil/20260526.0/lib/libabsl_demangle_rust.2605.0.0.dylib
rm_termin 97453   zy  txt    REG               1,14    17120             2229613 /opt/homebrew/Cellar/abseil/20260526.0/lib/libabsl_random_internal_platform.2605.0.0.dylib
rm_termin 97453   zy  txt    REG               1,14    56368             2229553 /opt/homebrew/Cellar/abseil/20260526.0/lib/libabsl_graphcycles_internal.2605.0.0.dylib
rm_termin 97453   zy  txt    REG               1,14    56464             2229599 /opt/homebrew/Cellar/abseil/20260526.0/lib/libabsl_malloc_internal.2605.0.0.dylib
rm_termin 97453   zy  txt    REG               1,14    53216             2229563 /opt/homebrew/Cellar/abseil/20260526.0/lib/libabsl_kernel_timeout_internal.2605.0.0.dylib
rm_termin 97453   zy  txt    REG               1,14    50624             2229597 /opt/homebrew/Cellar/abseil/20260526.0/lib/libabsl_log_sink.2605.0.0.dylib
rm_termin 97453   zy  txt    REG               1,14    54496             2229567 /opt/homebrew/Cellar/abseil/20260526.0/lib/libabsl_log_entry.2605.0.0.dylib
rm_termin 97453   zy  txt    REG               1,14    51072             2229591 /opt/homebrew/Cellar/abseil/20260526.0/lib/libabsl_log_internal_proto.2605.0.0.dylib
rm_termin 97453   zy  txt    REG               1,14    35872             2229653 /opt/homebrew/Cellar/abseil/20260526.0/lib/libabsl_strerror.2605.0.0.dylib
rm_termin 97453   zy  txt    REG               1,14    38512             2229657 /opt/homebrew/Cellar/abseil/20260526.0/lib/libabsl_strings_internal.2605.0.0.dylib
rm_termin 97453   zy  txt    REG               1,14    42464             2229663 /opt/homebrew/Cellar/abseil/20260526.0/lib/libabsl_throw_delegate.2605.0.0.dylib
rm_termin 97453   zy  txt    REG               1,14    94816             2229665 /opt/homebrew/Cellar/abseil/20260526.0/lib/libabsl_time.2605.0.0.dylib
rm_termin 97453   zy  txt    REG               1,14    40240             2229561 /opt/homebrew/Cellar/abseil/20260526.0/lib/libabsl_int128.2605.0.0.dylib
rm_termin 97453   zy  txt    REG               1,14    57104             2229485 /opt/homebrew/Cellar/abseil/20260526.0/lib/libabsl_base.2605.0.0.dylib
rm_termin 97453   zy  txt    REG               1,14    36640             2229595 /opt/homebrew/Cellar/abseil/20260526.0/lib/libabsl_log_severity.2605.0.0.dylib
rm_termin 97453   zy  txt    REG               1,14   154400             2229655 /opt/homebrew/Cellar/abseil/20260526.0/lib/libabsl_strings.2605.0.0.dylib
rm_termin 97453   zy  txt    REG               1,14    52768             2229631 /opt/homebrew/Cellar/abseil/20260526.0/lib/libabsl_raw_logging_internal.2605.0.0.dylib
rm_termin 97453   zy  txt    REG               1,14    34608             2229639 /opt/homebrew/Cellar/abseil/20260526.0/lib/libabsl_spinlock_wait.2605.0.0.dylib
rm_termin 97453   zy  txt    REG               1,14    39856             2229489 /opt/homebrew/Cellar/abseil/20260526.0/lib/libabsl_civil_time.2605.0.0.dylib
rm_termin 97453   zy  txt    REG               1,14    33728             2248543 /opt/homebrew/Cellar/glib/2.88.3/lib/libgthread-2.0.0.dylib
rm_termin 97453   zy  txt    REG               1,14    33696             2254984 /opt/homebrew/Cellar/protobuf/35.1_1/lib/libutf8_validity.35.1.0.dylib
rm_termin 97453   zy  txt    REG               1,14    34224             2229577 /opt/homebrew/Cellar/abseil/20260526.0/lib/libabsl_log_internal_conditions.2605.0.0.dylib
rm_termin 97453   zy  txt    REG               1,14   147648             2229667 /opt/homebrew/Cellar/abseil/20260526.0/lib/libabsl_time_zone.2605.0.0.dylib
rm_termin 97453   zy  txt    REG               1,14    72352             4017210 /opt/homebrew/Cellar/cjson/1.7.19/lib/libcjson.1.7.19.dylib
rm_termin 97453   zy  txt    REG               1,14    70160             2264230 /opt/homebrew/Cellar/md4c/0.5.3/lib/libmd4c.0.5.3.dylib
rm_termin 97453   zy  txt    REG               1,14    67920             2255425 /opt/homebrew/Cellar/libb2/0.98.1/lib/libb2.1.dylib
rm_termin 97453   zy  txt    REG               1,14   191344             2241649 /opt/homebrew/Cellar/libpng/1.6.58/lib/libpng16.16.dylib
rm_termin 97453   zy  txt    REG               1,14    76720             2258963 /opt/homebrew/Cellar/double-conversion/3.4.0/lib/libdouble-conversion.3.4.0.dylib
rm_termin 97453   zy  txt    REG               1,14    84672             2229521 /opt/homebrew/Cellar/abseil/20260526.0/lib/libabsl_die_if_null.2605.0.0.dylib
rm_termin 97453   zy  txt    REG               1,14   212080             2243013 /opt/homebrew/Cellar/gettext/1.0/lib/libintl.8.dylib
rm_termin 97453   zy  txt    REG               1,14    66976             2229573 /opt/homebrew/Cellar/abseil/20260526.0/lib/libabsl_log_initialize.2605.0.0.dylib
rm_termin 97453   zy  txt    REG               1,14    34448             2229529 /opt/homebrew/Cellar/abseil/20260526.0/lib/libabsl_flags_commandlineflag.2605.0.0.dylib
rm_termin 97453   zy  txt    REG               1,14   125264             2250373 /opt/homebrew/Cellar/graphite2/1.3.15/lib/libgraphite2.3.3.1.dylib
rm_termin 97453   zy  txt    REG               1,14  2374000 1152921500312573276 /usr/lib/dyld
rm_termin 97453   zy  txt    REG               1,14  3026848             2254977 /opt/homebrew/Cellar/protobuf/35.1_1/lib/libprotobuf.35.1.0.dylib
rm_termin 97453   zy  txt    REG               1,14   888928             4017424 /opt/homebrew/Cellar/openssl@3/3.6.4/lib/libssl.3.dylib
rm_termin 97453   zy  txt    REG               1,14  1013024             2267174 /opt/homebrew/Cellar/qtbase/6.11.1/lib/QtDBus.framework/Versions/A/QtDBus
rm_termin 97453   zy  txt    REG               1,14    89440             2229649 /opt/homebrew/Cellar/abseil/20260526.0/lib/libabsl_statusor.2605.0.0.dylib
rm_termin 97453   zy  txt    REG               1,14    35024             2229541 /opt/homebrew/Cellar/abseil/20260526.0/lib/libabsl_flags_private_handle_accessor.2605.0.0.dylib
rm_termin 97453   zy  txt    REG               1,14      110 1152921500312103377 /System/Library/CoreServices/SystemVersion.bundle/English.lproj/SystemVersion.strings
rm_termin 97453   zy  txt    REG               1,14    72128             2229537 /opt/homebrew/Cellar/abseil/20260526.0/lib/libabsl_flags_marshalling.2605.0.0.dylib
rm_termin 97453   zy  txt    REG               1,14    34352             2229531 /opt/homebrew/Cellar/abseil/20260526.0/lib/libabsl_flags_commandlineflag_internal.2605.0.0.dylib
rm_termin 97453   zy  txt    REG               1,14  1359280             2248534 /opt/homebrew/Cellar/glib/2.88.3/lib/libglib-2.0.0.dylib
rm_termin 97453   zy  txt    REG               1,14   302432             2264147 /opt/homebrew/Cellar/dbus/1.16.2_1/lib/libdbus-1.3.dylib
rm_termin 97453   zy  txt    REG               1,14   100352             2229535 /opt/homebrew/Cellar/abseil/20260526.0/lib/libabsl_flags_internal.2605.0.0.dylib
rm_termin 97453   zy  txt    REG               1,14    69968             2229543 /opt/homebrew/Cellar/abseil/20260526.0/lib/libabsl_flags_program_name.2605.0.0.dylib
rm_termin 97453   zy  txt    REG               1,14  7232240             2268830 /opt/homebrew/Cellar/qtbase/6.11.1/lib/QtWidgets.framework/Versions/A/QtWidgets
rm_termin 97453   zy  txt    REG               1,14  2148640             2267994 /opt/homebrew/Cellar/qtbase/6.11.1/lib/QtNetwork.framework/Versions/A/QtNetwork
rm_termin 97453   zy  txt    REG               1,14   623888             2241743 /opt/homebrew/Cellar/freetype/2.14.3/lib/libfreetype.6.dylib
rm_termin 97453   zy  txt    REG               1,14   574144             4321854 /opt/homebrew/Cellar/pcre2/10.48/lib/libpcre2-8.0.dylib
rm_termin 97453   zy  txt    REG               1,14  1235056             4324461 /opt/homebrew/Cellar/harfbuzz/14.4.0/lib/libharfbuzz.0.dylib
rm_termin 97453   zy  txt    REG               1,14   122784             2229545 /opt/homebrew/Cellar/abseil/20260526.0/lib/libabsl_flags_reflection.2605.0.0.dylib
rm_termin 97453   zy  txt    REG               1,14    82128             2229533 /opt/homebrew/Cellar/abseil/20260526.0/lib/libabsl_flags_config.2605.0.0.dylib
rm_termin 97453   zy  txt    REG               1,14    52304             2229607 /opt/homebrew/Cellar/abseil/20260526.0/lib/libabsl_random_distributions.2605.0.0.dylib
rm_termin 97453   zy  txt    REG               1,14    34080             2229619 /opt/homebrew/Cellar/abseil/20260526.0/lib/libabsl_random_internal_randen_hwaes_impl.2605.0.0.dylib
rm_termin 97453   zy  txt    REG               1,14   112784             2229629 /opt/homebrew/Cellar/abseil/20260526.0/lib/libabsl_raw_hash_set.2605.0.0.dylib
rm_termin 97453   zy  txt    REG               1,14    34096             2229621 /opt/homebrew/Cellar/abseil/20260526.0/lib/libabsl_random_internal_randen_slow.2605.0.0.dylib
rm_termin 97453   zy  txt    REG               1,14   538864             4321848 /opt/homebrew/Cellar/pcre2/10.48/lib/libpcre2-16.0.dylib
rm_termin 97453   zy  txt    REG               1,14    89472             2229559 /opt/homebrew/Cellar/abseil/20260526.0/lib/libabsl_hashtablez_sampler.2605.0.0.dylib
rm_termin 97453   zy  txt    REG               1,14    34944             2229615 /opt/homebrew/Cellar/abseil/20260526.0/lib/libabsl_random_internal_randen.2605.0.0.dylib
rm_termin 97453   zy  txt    REG               1,14    68624             2229627 /opt/homebrew/Cellar/abseil/20260526.0/lib/libabsl_random_seed_sequences.2605.0.0.dylib
rm_termin 97453   zy  txt    REG               1,14    34704             2229617 /opt/homebrew/Cellar/abseil/20260526.0/lib/libabsl_random_internal_randen_hwaes.2605.0.0.dylib
rm_termin 97453   zy  txt    REG               1,14    87152             2229611 /opt/homebrew/Cellar/abseil/20260526.0/lib/libabsl_random_internal_entropy_pool.2605.0.0.dylib
rm_termin 97453   zy  txt    REG               1,14    34912             2229623 /opt/homebrew/Cellar/abseil/20260526.0/lib/libabsl_random_internal_seed_material.2605.0.0.dylib
rm_termin 97453   zy  txt    REG               1,14    34752             2229625 /opt/homebrew/Cellar/abseil/20260526.0/lib/libabsl_random_seed_gen_exception.2605.0.0.dylib
rm_termin 97453   zy  txt    REG               1,14    33760             2229497 /opt/homebrew/Cellar/abseil/20260526.0/lib/libabsl_cordz_functions.2605.0.0.dylib
rm_termin 97453   zy  txt    REG               1,14    33984             2229525 /opt/homebrew/Cellar/abseil/20260526.0/lib/libabsl_exponential_biased.2605.0.0.dylib
rm_termin 97453   zy  txt    REG               1,14  1859408             2257077 /opt/homebrew/Cellar/icu4c@78/78.3/lib/libicuuc.78.3.dylib
rm_termin 97453   zy  txt    REG               1,14   635328             2231138 /opt/homebrew/Cellar/zstd/1.5.7_1/lib/libzstd.1.5.7.dylib
rm_termin 97453   zy  txt    REG               1,14   123280             2229643 /opt/homebrew/Cellar/abseil/20260526.0/lib/libabsl_status.2605.0.0.dylib
rm_termin 97453   zy  txt    REG               1,14   146352             2229493 /opt/homebrew/Cellar/abseil/20260526.0/lib/libabsl_cord.2605.0.0.dylib
rm_termin 97453   zy  txt    REG               1,14    72416             2229501 /opt/homebrew/Cellar/abseil/20260526.0/lib/libabsl_cordz_info.2605.0.0.dylib
rm_termin 97453   zy  txt    REG               1,14   100256             2229495 /opt/homebrew/Cellar/abseil/20260526.0/lib/libabsl_cord_internal.2605.0.0.dylib
rm_termin 97453   zy  txt    REG               1,14    34832             2229509 /opt/homebrew/Cellar/abseil/20260526.0/lib/libabsl_crc_cpu_detect.2605.0.0.dylib
rm_termin 97453   zy  txt    REG               1,14    71520             2229499 /opt/homebrew/Cellar/abseil/20260526.0/lib/libabsl_cordz_handle.2605.0.0.dylib
rm_termin 97453   zy  txt    REG               1,14    56848             2229507 /opt/homebrew/Cellar/abseil/20260526.0/lib/libabsl_crc_cord_state.2605.0.0.dylib
rm_termin 97453   zy  txt    REG               1,14    74096             2229505 /opt/homebrew/Cellar/abseil/20260526.0/lib/libabsl_crc32c.2605.0.0.dylib
rm_termin 97453   zy  txt    REG               1,14    59888             2229511 /opt/homebrew/Cellar/abseil/20260526.0/lib/libabsl_crc_internal.2605.0.0.dylib
rm_termin 97453   zy  txt    REG               1,14    72984             3737682 /Library/Preferences/Logging/.plist-cache.zT4xYTXI
rm_termin 97453   zy  txt    REG               1,14    70128             2263769 /opt/homebrew/Cellar/brotli/1.2.0/lib/libbrotlidec.1.2.0.dylib
rm_termin 97453   zy  txt    REG               1,14    81288 1152921500312585080 /usr/share/locale/en_US.UTF-8/LC_COLLATE
rm_termin 97453   zy  txt    REG               1,14   150128             2263765 /opt/homebrew/Cellar/brotli/1.2.0/lib/libbrotlicommon.1.2.0.dylib
rm_termin 97453   zy  txt    REG               1,14  8712432             2267780 /opt/homebrew/Cellar/qtbase/6.11.1/lib/QtGui.framework/Versions/A/QtGui
rm_termin 97453   zy  txt    REG               1,14  7168272             2267090 /opt/homebrew/Cellar/qtbase/6.11.1/lib/QtCore.framework/Versions/A/QtCore
rm_termin 97453   zy  txt    REG               1,14  4872736             4017421 /opt/homebrew/Cellar/openssl@3/3.6.4/lib/libcrypto.3.dylib
rm_termin 97453   zy  txt    REG               1,14  3168704             2257061 /opt/homebrew/Cellar/icu4c@78/78.3/lib/libicui18n.78.3.dylib
rm_termin 97453   zy  txt    REG               1,14 33371136             2257057 /opt/homebrew/Cellar/icu4c@78/78.3/lib/libicudata.78.3.dylib
rm_termin 97453   zy  txt    REG               1,14 35444880 1152921500312583777 /usr/share/icu/icudt78l.dat
rm_termin 97453   zy    0r   CHR                3,2      0t0                 336 /dev/null
rm_termin 97453   zy    1w   REG               1,14      173             4436352 /Users/zy/RMGF/terminal/artifacts/final-wave/f3-terminal-stdout.log
rm_termin 97453   zy    2w   REG               1,14      173             4436352 /Users/zy/RMGF/terminal/artifacts/final-wave/f3-terminal-stdout.log
rm_termin 97453   zy    3   PIPE 0xc427f9b54b16d43c    16384                     ->0xa2dd7af3cad63c3c
rm_termin 97453   zy    4   PIPE 0xa2dd7af3cad63c3c    16384                     ->0xc427f9b54b16d43c
rm_termin 97453   zy    5w   REG               1,14     1073             4436354 /Users/zy/RMGF/terminal/artifacts/final-wave/f3-terminal.log
rm_termin 97453   zy    6u  unix 0xd7e5cc789cb3f8a1      0t0                     ->0x93125e12e7d9a580
rm_termin 97453   zy    7u  unix 0x93125e12e7d9a580      0t0                     ->0xd7e5cc789cb3f8a1
rm_termin 97453   zy    8u  IPv4 0xbecf5521dd857fd6      0t0                 TCP localhost:49263->localhost:dec-notes (ESTABLISHED)
